Feb 19 15:15:05 ubuntu-1cpu-2gb-us-sjo1 sshd[852766]: [0;1;39m[0;1;31m[0;1;39mpam_unix(sshd:auth): authentication failure; logname= uid=0 euid=0 tty=ssh ruser= rhost=112.85.42.229  user=root[0m
Feb 19 15:15:06 ubuntu-1cpu-2gb-us-sjo1 sudo[852772]: [0;1;39m[0;1;31m[0;1;39m    root : TTY=pts/1 ; PWD=/var/www/html/SmarthFoodBackend ; USER=root ; COMMAND=/usr/sbin/service influxdb status[0m
Feb 19 15:15:06 ubuntu-1cpu-2gb-us-sjo1 sudo[852772]: pam_unix(sudo:session): session opened for user root by (uid=0)
Feb 19 15:15:07 ubuntu-1cpu-2gb-us-sjo1 sshd[852766]: Failed password for root from 112.85.42.229 port 54710 ssh2
Feb 19 15:15:10 ubuntu-1cpu-2gb-us-sjo1 sudo[852772]: pam_unix(sudo:session): session closed for user root
Feb 19 15:15:10 ubuntu-1cpu-2gb-us-sjo1 sshd[852766]: Failed password for root from 112.85.42.229 port 54710 ssh2
Feb 19 15:15:13 ubuntu-1cpu-2gb-us-sjo1 influxd-systemd-start.sh[873]: [httpd] 127.0.0.1 - mariaga [19/Feb/2022:15:15:13 +0000] "POST /write?db=telegraf_iot_environment HTTP/1.1 " 204 0 "-" "Telegraf/1.20.0 Go/1.17" bcb04a64-9196-11ec-9607-d2f7ff2f0fbd 6271
Feb 19 15:15:14 ubuntu-1cpu-2gb-us-sjo1 sshd[852766]: Failed password for root from 112.85.42.229 port 54710 ssh2
Feb 19 15:15:15 ubuntu-1cpu-2gb-us-sjo1 sshd[852766]: Received disconnect from 112.85.42.229 port 54710:11:  [preauth]
Feb 19 15:15:15 ubuntu-1cpu-2gb-us-sjo1 sshd[852766]: Disconnected from authenticating user root 112.85.42.229 port 54710 [preauth]
Feb 19 15:15:15 ubuntu-1cpu-2gb-us-sjo1 sshd[852766]: [0;1;39m[0;1;31m[0;1;39mPAM 2 more authentication failures; logname= uid=0 euid=0 tty=ssh ruser= rhost=112.85.42.229  user=root[0m
Feb 19 15:15:17 ubuntu-1cpu-2gb-us-sjo1 kernel: [0;1;38;5;185m[0;1;39m[0;1;38;5;185m[UFW BLOCK] IN=eth0 OUT= MAC=d2:f7:ff:2f:0f:bd:9a:7e:ab:20:21:8b:08:00 SRC=103.169.35.138 DST=209.151.146.11 LEN=40 TOS=0x00 PREC=0x00 TTL=240 ID=9041 PROTO=TCP SPT=49871 DPT=3389 WINDOW=1024 RES=0x00 SYN URGP=0 [0m
Feb 19 15:15:19 ubuntu-1cpu-2gb-us-sjo1 sudo[852832]: [0;1;39m[0;1;31m[0;1;39m    root : TTY=pts/1 ; PWD=/var/www/html/SmarthFoodBackend ; USER=root ; COMMAND=/usr/sbin/service influxdb stop[0m
Feb 19 15:15:19 ubuntu-1cpu-2gb-us-sjo1 sudo[852832]: pam_unix(sudo:session): session opened for user root by (uid=0)
Feb 19 15:15:19 ubuntu-1cpu-2gb-us-sjo1 influxd-systemd-start.sh[873]: ts=2022-02-19T15:15:19.745469Z lvl=info msg="Signal received, initializing clean shutdown..." log_id=0ZknvZdl000
Feb 19 15:15:19 ubuntu-1cpu-2gb-us-sjo1 influxd-systemd-start.sh[873]: ts=2022-02-19T15:15:19.746056Z lvl=info msg="Waiting for clean shutdown..." log_id=0ZknvZdl000
Feb 19 15:15:19 ubuntu-1cpu-2gb-us-sjo1 influxd-systemd-start.sh[873]: [tcp] 2022/02/19 15:15:19 tcp.Mux: Listener at 127.0.0.1:8088 failed failed to accept a connection, closing all listeners - accept tcp 127.0.0.1:8088: use of closed network connection
Feb 19 15:15:19 ubuntu-1cpu-2gb-us-sjo1 influxd-systemd-start.sh[873]: ts=2022-02-19T15:15:19.746357Z lvl=info msg="Listener closed" log_id=0ZknvZdl000 service=snapshot
Feb 19 15:15:19 ubuntu-1cpu-2gb-us-sjo1 influxd-systemd-start.sh[873]: ts=2022-02-19T15:15:19.746460Z lvl=info msg="Shutting down monitor service" log_id=0ZknvZdl000 service=monitor
Feb 19 15:15:19 ubuntu-1cpu-2gb-us-sjo1 influxd-systemd-start.sh[873]: ts=2022-02-19T15:15:19.746568Z lvl=info msg="Terminating storage of statistics" log_id=0ZknvZdl000 service=monitor
Feb 19 15:15:19 ubuntu-1cpu-2gb-us-sjo1 influxd-systemd-start.sh[873]: ts=2022-02-19T15:15:19.746671Z lvl=info msg="Terminating precreation service" log_id=0ZknvZdl000 service=shard-precreation
Feb 19 15:15:19 ubuntu-1cpu-2gb-us-sjo1 systemd[1]: Stopping InfluxDB is an open-source, distributed, time series database...
-- Subject: A stop job for unit influxdb.service has begun execution
-- Defined-By: systemd
-- Support: http://www.ubuntu.com/support
-- 
-- A stop job for unit influxdb.service has begun execution.
-- 
-- The job identifier is 6932.
Feb 19 15:15:19 ubuntu-1cpu-2gb-us-sjo1 influxd-systemd-start.sh[873]: ts=2022-02-19T15:15:19.747321Z lvl=info msg="Terminating continuous query service" log_id=0ZknvZdl000 service=continuous_querier
Feb 19 15:15:19 ubuntu-1cpu-2gb-us-sjo1 influxd-systemd-start.sh[873]: ts=2022-02-19T15:15:19.747575Z lvl=info msg="Closing retention policy enforcement service" log_id=0ZknvZdl000 service=retention
Feb 19 15:15:19 ubuntu-1cpu-2gb-us-sjo1 influxd-systemd-start.sh[873]: ts=2022-02-19T15:15:19.751768Z lvl=info msg="Closed service" log_id=0ZknvZdl000 service=subscriber
Feb 19 15:15:19 ubuntu-1cpu-2gb-us-sjo1 influxd-systemd-start.sh[873]: ts=2022-02-19T15:15:19.753072Z lvl=info msg="Server shutdown completed" log_id=0ZknvZdl000
Feb 19 15:15:19 ubuntu-1cpu-2gb-us-sjo1 systemd[1]: influxdb.service: Succeeded.
-- Subject: Unit succeeded
-- Defined-By: systemd
-- Support: http://www.ubuntu.com/support
-- 
-- The unit influxdb.service has successfully entered the 'dead' state.
Feb 19 15:15:19 ubuntu-1cpu-2gb-us-sjo1 systemd[1]: Stopped InfluxDB is an open-source, distributed, time series database.
-- Subject: A stop job for unit influxdb.service has finished
-- Defined-By: systemd
-- Support: http://www.ubuntu.com/support
-- 
-- A stop job for unit influxdb.service has finished.
-- 
-- The job identifier is 6932 and the job result is done.
Feb 19 15:15:19 ubuntu-1cpu-2gb-us-sjo1 sudo[852832]: pam_unix(sudo:session): session closed for user root
Feb 19 15:15:23 ubuntu-1cpu-2gb-us-sjo1 telegraf[869]: 2022-02-19T15:15:23Z E! [outputs.influxdb] When writing to [http://127.0.0.1:8086]: failed doing req: Post "http://127.0.0.1:8086/write?db=telegraf_iot_environment": dial tcp 127.0.0.1:8086: connect: connection refused
Feb 19 15:15:23 ubuntu-1cpu-2gb-us-sjo1 telegraf[869]: 2022-02-19T15:15:23Z E! [agent] Error writing to outputs.influxdb: could not write any address
Feb 19 15:15:25 ubuntu-1cpu-2gb-us-sjo1 sudo[852863]: [0;1;39m[0;1;31m[0;1;39m    root : TTY=pts/1 ; PWD=/var/www/html/SmarthFoodBackend ; USER=root ; COMMAND=/usr/sbin/service nginx restart[0m
Feb 19 15:15:25 ubuntu-1cpu-2gb-us-sjo1 sudo[852863]: pam_unix(sudo:session): session opened for user root by (uid=0)
Feb 19 15:15:25 ubuntu-1cpu-2gb-us-sjo1 systemd[1]: Starting A high performance web server and a reverse proxy server...
-- Subject: A start job for unit nginx.service has begun execution
-- Defined-By: systemd
-- Support: http://www.ubuntu.com/support
-- 
-- A start job for unit nginx.service has begun execution.
-- 
-- The job identifier is 6933.
Feb 19 15:15:25 ubuntu-1cpu-2gb-us-sjo1 nginx[852869]: nginx: [alert] could not open error log file: open() "/var/log/nginx/error.log" failed (2: No such file or directory)
Feb 19 15:15:25 ubuntu-1cpu-2gb-us-sjo1 nginx[852869]: 2022/02/19 15:15:25 [emerg] 852869#852869: open() "/var/log/nginx/access.log" failed (2: No such file or directory)
Feb 19 15:15:25 ubuntu-1cpu-2gb-us-sjo1 nginx[852869]: nginx: configuration file /etc/nginx/nginx.conf test failed
Feb 19 15:15:25 ubuntu-1cpu-2gb-us-sjo1 systemd[1]: [0;1;39m[0;1;31m[0;1;39mnginx.service: Control process exited, code=exited, status=1/FAILURE[0m
-- Subject: Unit process exited
-- Defined-By: systemd
-- Support: http://www.ubuntu.com/support
-- 
-- An ExecStartPre= process belonging to unit nginx.service has exited.
-- 
-- The process' exit code is 'exited' and its exit status is 1.
Feb 19 15:15:25 ubuntu-1cpu-2gb-us-sjo1 systemd[1]: [0;1;38;5;185m[0;1;39m[0;1;38;5;185mnginx.service: Failed with result 'exit-code'.[0m
-- Subject: Unit failed
-- Defined-By: systemd
-- Support: http://www.ubuntu.com/support
-- 
-- The unit nginx.service has entered the 'failed' state with result 'exit-code'.
Feb 19 15:15:25 ubuntu-1cpu-2gb-us-sjo1 systemd[1]: [0;1;31m[0;1;39m[0;1;31mFailed to start A high performance web server and a reverse proxy server.[0m
-- Subject: A start job for unit nginx.service has failed
-- Defined-By: systemd
-- Support: http://www.ubuntu.com/support
-- 
-- A start job for unit nginx.service has finished with a failure.
-- 
-- The job identifier is 6933 and the job result is failed.
Feb 19 15:15:25 ubuntu-1cpu-2gb-us-sjo1 sudo[852863]: pam_unix(sudo:session): session closed for user root
Feb 19 15:15:33 ubuntu-1cpu-2gb-us-sjo1 kernel: [0;1;38;5;185m[0;1;39m[0;1;38;5;185m[UFW BLOCK] IN=eth0 OUT= MAC=d2:f7:ff:2f:0f:bd:9a:7e:ab:20:21:8b:08:00 SRC=79.124.62.130 DST=209.151.146.11 LEN=40 TOS=0x00 PREC=0x00 TTL=237 ID=28251 PROTO=TCP SPT=49848 DPT=60188 WINDOW=1024 RES=0x00 SYN URGP=0 [0m
Feb 19 15:15:33 ubuntu-1cpu-2gb-us-sjo1 telegraf[869]: 2022-02-19T15:15:33Z E! [outputs.influxdb] When writing to [http://127.0.0.1:8086]: failed doing req: Post "http://127.0.0.1:8086/write?db=telegraf_iot_environment": dial tcp 127.0.0.1:8086: connect: connection refused
Feb 19 15:15:33 ubuntu-1cpu-2gb-us-sjo1 telegraf[869]: 2022-02-19T15:15:33Z E! [agent] Error writing to outputs.influxdb: could not write any address
Feb 19 15:15:43 ubuntu-1cpu-2gb-us-sjo1 telegraf[869]: 2022-02-19T15:15:43Z E! [outputs.influxdb] When writing to [http://127.0.0.1:8086]: failed doing req: Post "http://127.0.0.1:8086/write?db=telegraf_iot_environment": dial tcp 127.0.0.1:8086: connect: connection refused
Feb 19 15:15:43 ubuntu-1cpu-2gb-us-sjo1 telegraf[869]: 2022-02-19T15:15:43Z E! [agent] Error writing to outputs.influxdb: could not write any address
Feb 19 15:15:45 ubuntu-1cpu-2gb-us-sjo1 kernel: [0;1;38;5;185m[0;1;39m[0;1;38;5;185m[UFW BLOCK] IN=eth0 OUT= MAC=d2:f7:ff:2f:0f:bd:9a:7e:ab:20:21:8b:08:00 SRC=89.248.165.202 DST=209.151.146.11 LEN=40 TOS=0x00 PREC=0x00 TTL=242 ID=54321 PROTO=TCP SPT=39733 DPT=9691 WINDOW=65535 RES=0x00 SYN URGP=0 [0m
Feb 19 15:15:49 ubuntu-1cpu-2gb-us-sjo1 sshd[852917]: [0;1;39m[0;1;31m[0;1;39mpam_unix(sshd:auth): authentication failure; logname= uid=0 euid=0 tty=ssh ruser= rhost=125.138.246.128  user=root[0m
Feb 19 15:15:50 ubuntu-1cpu-2gb-us-sjo1 sshd[852917]: Failed password for root from 125.138.246.128 port 48656 ssh2
Feb 19 15:15:52 ubuntu-1cpu-2gb-us-sjo1 sshd[852917]: Received disconnect from 125.138.246.128 port 48656:11: Bye Bye [preauth]
Feb 19 15:15:52 ubuntu-1cpu-2gb-us-sjo1 sshd[852917]: Disconnected from authenticating user root 125.138.246.128 port 48656 [preauth]
Feb 19 15:15:53 ubuntu-1cpu-2gb-us-sjo1 telegraf[869]: 2022-02-19T15:15:53Z E! [outputs.influxdb] When writing to [http://127.0.0.1:8086]: failed doing req: Post "http://127.0.0.1:8086/write?db=telegraf_iot_environment": dial tcp 127.0.0.1:8086: connect: connection refused
Feb 19 15:15:53 ubuntu-1cpu-2gb-us-sjo1 telegraf[869]: 2022-02-19T15:15:53Z E! [agent] Error writing to outputs.influxdb: could not write any address
Feb 19 15:16:01 ubuntu-1cpu-2gb-us-sjo1 kernel: [0;1;38;5;185m[0;1;39m[0;1;38;5;185m[UFW BLOCK] IN=eth0 OUT= MAC=d2:f7:ff:2f:0f:bd:9a:7e:ab:20:21:8b:08:00 SRC=40.74.94.3 DST=209.151.146.11 LEN=40 TOS=0x00 PREC=0x00 TTL=239 ID=47688 DF PROTO=TCP SPT=41117 DPT=4001 WINDOW=512 RES=0x00 SYN URGP=0 [0m
Feb 19 15:16:03 ubuntu-1cpu-2gb-us-sjo1 telegraf[869]: 2022-02-19T15:16:03Z E! [outputs.influxdb] When writing to [http://127.0.0.1:8086]: failed doing req: Post "http://127.0.0.1:8086/write?db=telegraf_iot_environment": dial tcp 127.0.0.1:8086: connect: connection refused
Feb 19 15:16:03 ubuntu-1cpu-2gb-us-sjo1 telegraf[869]: 2022-02-19T15:16:03Z E! [agent] Error writing to outputs.influxdb: could not write any address
Feb 19 15:16:13 ubuntu-1cpu-2gb-us-sjo1 telegraf[869]: 2022-02-19T15:16:13Z E! [outputs.influxdb] When writing to [http://127.0.0.1:8086]: failed doing req: Post "http://127.0.0.1:8086/write?db=telegraf_iot_environment": dial tcp 127.0.0.1:8086: connect: connection refused
Feb 19 15:16:13 ubuntu-1cpu-2gb-us-sjo1 telegraf[869]: 2022-02-19T15:16:13Z E! [agent] Error writing to outputs.influxdb: could not write any address
Feb 19 15:16:15 ubuntu-1cpu-2gb-us-sjo1 kernel: [0;1;38;5;185m[0;1;39m[0;1;38;5;185m[UFW BLOCK] IN=eth0 OUT= MAC=d2:f7:ff:2f:0f:bd:9a:7e:ab:20:21:8b:08:00 SRC=89.248.165.85 DST=209.151.146.11 LEN=40 TOS=0x00 PREC=0x00 TTL=242 ID=62686 PROTO=TCP SPT=57231 DPT=19504 WINDOW=1024 RES=0x00 SYN URGP=0 [0m
Feb 19 15:16:23 ubuntu-1cpu-2gb-us-sjo1 telegraf[869]: 2022-02-19T15:16:23Z E! [outputs.influxdb] When writing to [http://127.0.0.1:8086]: failed doing req: Post "http://127.0.0.1:8086/write?db=telegraf_iot_environment": dial tcp 127.0.0.1:8086: connect: connection refused
Feb 19 15:16:23 ubuntu-1cpu-2gb-us-sjo1 telegraf[869]: 2022-02-19T15:16:23Z E! [agent] Error writing to outputs.influxdb: could not write any address
Feb 19 15:16:33 ubuntu-1cpu-2gb-us-sjo1 telegraf[869]: 2022-02-19T15:16:33Z E! [outputs.influxdb] When writing to [http://127.0.0.1:8086]: failed doing req: Post "http://127.0.0.1:8086/write?db=telegraf_iot_environment": dial tcp 127.0.0.1:8086: connect: connection refused
Feb 19 15:16:33 ubuntu-1cpu-2gb-us-sjo1 telegraf[869]: 2022-02-19T15:16:33Z E! [agent] Error writing to outputs.influxdb: could not write any address
Feb 19 15:16:37 ubuntu-1cpu-2gb-us-sjo1 kernel: [0;1;38;5;185m[0;1;39m[0;1;38;5;185m[UFW BLOCK] IN=eth0 OUT= MAC=d2:f7:ff:2f:0f:bd:9a:7e:ab:20:21:8b:08:00 SRC=174.138.61.44 DST=209.151.146.11 LEN=44 TOS=0x00 PREC=0x00 TTL=243 ID=15212 PROTO=TCP SPT=47817 DPT=9000 WINDOW=65535 RES=0x00 SYN URGP=0 [0m
Feb 19 15:16:43 ubuntu-1cpu-2gb-us-sjo1 telegraf[869]: 2022-02-19T15:16:43Z E! [outputs.influxdb] When writing to [http://127.0.0.1:8086]: failed doing req: Post "http://127.0.0.1:8086/write?db=telegraf_iot_environment": dial tcp 127.0.0.1:8086: connect: connection refused
Feb 19 15:16:43 ubuntu-1cpu-2gb-us-sjo1 telegraf[869]: 2022-02-19T15:16:43Z E! [agent] Error writing to outputs.influxdb: could not write any address
Feb 19 15:16:53 ubuntu-1cpu-2gb-us-sjo1 sudo[852933]: [0;1;39m[0;1;31m[0;1;39m    root : TTY=pts/1 ; PWD=/var/www/html/SmarthFoodBackend ; USER=root ; COMMAND=/usr/sbin/service nginx start[0m
Feb 19 15:16:53 ubuntu-1cpu-2gb-us-sjo1 sudo[852933]: pam_unix(sudo:session): session opened for user root by (uid=0)
Feb 19 15:16:53 ubuntu-1cpu-2gb-us-sjo1 systemd[1]: Starting A high performance web server and a reverse proxy server...
-- Subject: A start job for unit nginx.service has begun execution
-- Defined-By: systemd
-- Support: http://www.ubuntu.com/support
-- 
-- A start job for unit nginx.service has begun execution.
-- 
-- The job identifier is 7003.
Feb 19 15:16:53 ubuntu-1cpu-2gb-us-sjo1 nginx[852942]: nginx: [alert] could not open error log file: open() "/var/log/nginx/error.log" failed (2: No such file or directory)
Feb 19 15:16:53 ubuntu-1cpu-2gb-us-sjo1 nginx[852942]: 2022/02/19 15:16:53 [emerg] 852942#852942: open() "/var/log/nginx/access.log" failed (2: No such file or directory)
Feb 19 15:16:53 ubuntu-1cpu-2gb-us-sjo1 nginx[852942]: nginx: configuration file /etc/nginx/nginx.conf test failed
Feb 19 15:16:53 ubuntu-1cpu-2gb-us-sjo1 systemd[1]: [0;1;39m[0;1;31m[0;1;39mnginx.service: Control process exited, code=exited, status=1/FAILURE[0m
-- Subject: Unit process exited
-- Defined-By: systemd
-- Support: http://www.ubuntu.com/support
-- 
-- An ExecStartPre= process belonging to unit nginx.service has exited.
-- 
-- The process' exit code is 'exited' and its exit status is 1.
Feb 19 15:16:53 ubuntu-1cpu-2gb-us-sjo1 systemd[1]: [0;1;38;5;185m[0;1;39m[0;1;38;5;185mnginx.service: Failed with result 'exit-code'.[0m
-- Subject: Unit failed
-- Defined-By: systemd
-- Support: http://www.ubuntu.com/support
-- 
-- The unit nginx.service has entered the 'failed' state with result 'exit-code'.
Feb 19 15:16:53 ubuntu-1cpu-2gb-us-sjo1 systemd[1]: [0;1;31m[0;1;39m[0;1;31mFailed to start A high performance web server and a reverse proxy server.[0m
-- Subject: A start job for unit nginx.service has failed
-- Defined-By: systemd
-- Support: http://www.ubuntu.com/support
-- 
-- A start job for unit nginx.service has finished with a failure.
-- 
-- The job identifier is 7003 and the job result is failed.
Feb 19 15:16:53 ubuntu-1cpu-2gb-us-sjo1 sudo[852933]: pam_unix(sudo:session): session closed for user root
Feb 19 15:16:53 ubuntu-1cpu-2gb-us-sjo1 telegraf[869]: 2022-02-19T15:16:53Z E! [outputs.influxdb] When writing to [http://127.0.0.1:8086]: failed doing req: Post "http://127.0.0.1:8086/write?db=telegraf_iot_environment": dial tcp 127.0.0.1:8086: connect: connection refused
Feb 19 15:16:53 ubuntu-1cpu-2gb-us-sjo1 telegraf[869]: 2022-02-19T15:16:53Z E! [agent] Error writing to outputs.influxdb: could not write any address
Feb 19 15:16:55 ubuntu-1cpu-2gb-us-sjo1 kernel: [0;1;38;5;185m[0;1;39m[0;1;38;5;185m[UFW BLOCK] IN=eth0 OUT= MAC=d2:f7:ff:2f:0f:bd:9a:7e:ab:20:21:8b:08:00 SRC=190.186.79.211 DST=209.151.146.11 LEN=40 TOS=0x08 PREC=0x40 TTL=235 ID=6578 PROTO=TCP SPT=49671 DPT=1433 WINDOW=1024 RES=0x00 SYN URGP=0 [0m
Feb 19 15:17:01 ubuntu-1cpu-2gb-us-sjo1 CRON[852957]: pam_unix(cron:session): session opened for user root by (uid=0)
Feb 19 15:17:01 ubuntu-1cpu-2gb-us-sjo1 CRON[852958]: (root) CMD (   cd / && run-parts --report /etc/cron.hourly)
Feb 19 15:17:01 ubuntu-1cpu-2gb-us-sjo1 CRON[852957]: pam_unix(cron:session): session closed for user root
Feb 19 15:17:03 ubuntu-1cpu-2gb-us-sjo1 telegraf[869]: 2022-02-19T15:17:03Z E! [outputs.influxdb] When writing to [http://127.0.0.1:8086]: failed doing req: Post "http://127.0.0.1:8086/write?db=telegraf_iot_environment": dial tcp 127.0.0.1:8086: connect: connection refused
Feb 19 15:17:03 ubuntu-1cpu-2gb-us-sjo1 telegraf[869]: 2022-02-19T15:17:03Z E! [agent] Error writing to outputs.influxdb: could not write any address
Feb 19 15:17:13 ubuntu-1cpu-2gb-us-sjo1 telegraf[869]: 2022-02-19T15:17:13Z E! [outputs.influxdb] When writing to [http://127.0.0.1:8086]: failed doing req: Post "http://127.0.0.1:8086/write?db=telegraf_iot_environment": dial tcp 127.0.0.1:8086: connect: connection refused
Feb 19 15:17:13 ubuntu-1cpu-2gb-us-sjo1 telegraf[869]: 2022-02-19T15:17:13Z E! [agent] Error writing to outputs.influxdb: could not write any address
Feb 19 15:17:19 ubuntu-1cpu-2gb-us-sjo1 sshd[853011]: [0;1;39m[0;1;31m[0;1;39mpam_unix(sshd:auth): authentication failure; logname= uid=0 euid=0 tty=ssh ruser= rhost=125.138.246.128  user=root[0m
Feb 19 15:17:20 ubuntu-1cpu-2gb-us-sjo1 kernel: [0;1;38;5;185m[0;1;39m[0;1;38;5;185m[UFW BLOCK] IN=eth0 OUT= MAC=d2:f7:ff:2f:0f:bd:9a:7e:ab:20:21:8b:08:00 SRC=58.63.97.38 DST=209.151.146.11 LEN=52 TOS=0x08 PREC=0x20 TTL=113 ID=26321 DF PROTO=TCP SPT=51827 DPT=1433 WINDOW=8192 RES=0x00 SYN URGP=0 [0m
Feb 19 15:17:21 ubuntu-1cpu-2gb-us-sjo1 sshd[853011]: Failed password for root from 125.138.246.128 port 39382 ssh2
Feb 19 15:17:22 ubuntu-1cpu-2gb-us-sjo1 sshd[853011]: Received disconnect from 125.138.246.128 port 39382:11: Bye Bye [preauth]
Feb 19 15:17:22 ubuntu-1cpu-2gb-us-sjo1 sshd[853011]: Disconnected from authenticating user root 125.138.246.128 port 39382 [preauth]
Feb 19 15:17:23 ubuntu-1cpu-2gb-us-sjo1 sudo[853025]: [0;1;39m[0;1;31m[0;1;39m    root : TTY=pts/1 ; PWD=/var/www/html/SmarthFoodBackend ; USER=root ; COMMAND=/usr/sbin/service restart /etc/nginx/nginx.con[0m
Feb 19 15:17:23 ubuntu-1cpu-2gb-us-sjo1 sudo[853025]: pam_unix(sudo:session): session opened for user root by (uid=0)
Feb 19 15:17:23 ubuntu-1cpu-2gb-us-sjo1 sudo[853025]: pam_unix(sudo:session): session closed for user root
Feb 19 15:17:23 ubuntu-1cpu-2gb-us-sjo1 telegraf[869]: 2022-02-19T15:17:23Z E! [outputs.influxdb] When writing to [http://127.0.0.1:8086]: failed doing req: Post "http://127.0.0.1:8086/write?db=telegraf_iot_environment": dial tcp 127.0.0.1:8086: connect: connection refused
Feb 19 15:17:23 ubuntu-1cpu-2gb-us-sjo1 telegraf[869]: 2022-02-19T15:17:23Z E! [agent] Error writing to outputs.influxdb: could not write any address
Feb 19 15:17:33 ubuntu-1cpu-2gb-us-sjo1 telegraf[869]: 2022-02-19T15:17:33Z E! [outputs.influxdb] When writing to [http://127.0.0.1:8086]: failed doing req: Post "http://127.0.0.1:8086/write?db=telegraf_iot_environment": dial tcp 127.0.0.1:8086: connect: connection refused
Feb 19 15:17:33 ubuntu-1cpu-2gb-us-sjo1 telegraf[869]: 2022-02-19T15:17:33Z E! [agent] Error writing to outputs.influxdb: could not write any address
Feb 19 15:17:36 ubuntu-1cpu-2gb-us-sjo1 kernel: [0;1;38;5;185m[0;1;39m[0;1;38;5;185m[UFW BLOCK] IN=eth0 OUT= MAC=d2:f7:ff:2f:0f:bd:9a:7e:ab:20:21:8b:08:00 SRC=45.155.205.40 DST=209.151.146.11 LEN=40 TOS=0x00 PREC=0x20 TTL=242 ID=16207 PROTO=TCP SPT=57018 DPT=6149 WINDOW=1024 RES=0x00 SYN URGP=0 [0m
Feb 19 15:17:43 ubuntu-1cpu-2gb-us-sjo1 dhclient[630]: DHCPREQUEST for 10.8.5.195 on eth1 to 10.8.4.1 port 67 (xid=0x22dfb04b)
Feb 19 15:17:43 ubuntu-1cpu-2gb-us-sjo1 dhclient[630]: DHCPACK of 10.8.5.195 from 10.8.4.1 (xid=0x4bb0df22)
Feb 19 15:17:43 ubuntu-1cpu-2gb-us-sjo1 dhclient[630]: bound to 10.8.5.195 -- renewal in 1370 seconds.
Feb 19 15:17:43 ubuntu-1cpu-2gb-us-sjo1 telegraf[869]: 2022-02-19T15:17:43Z E! [outputs.influxdb] When writing to [http://127.0.0.1:8086]: failed doing req: Post "http://127.0.0.1:8086/write?db=telegraf_iot_environment": dial tcp 127.0.0.1:8086: connect: connection refused
Feb 19 15:17:43 ubuntu-1cpu-2gb-us-sjo1 telegraf[869]: 2022-02-19T15:17:43Z E! [agent] Error writing to outputs.influxdb: could not write any address
Feb 19 15:17:53 ubuntu-1cpu-2gb-us-sjo1 telegraf[869]: 2022-02-19T15:17:53Z E! [outputs.influxdb] When writing to [http://127.0.0.1:8086]: failed doing req: Post "http://127.0.0.1:8086/write?db=telegraf_iot_environment": dial tcp 127.0.0.1:8086: connect: connection refused
Feb 19 15:17:53 ubuntu-1cpu-2gb-us-sjo1 telegraf[869]: 2022-02-19T15:17:53Z E! [agent] Error writing to outputs.influxdb: could not write any address
Feb 19 15:17:57 ubuntu-1cpu-2gb-us-sjo1 sudo[853144]: [0;1;39m[0;1;31m[0;1;39m    root : TTY=pts/1 ; PWD=/var/www/html/SmarthFoodBackend ; USER=root ; COMMAND=/usr/sbin/service nginx start[0m
Feb 19 15:17:57 ubuntu-1cpu-2gb-us-sjo1 sudo[853144]: pam_unix(sudo:session): session opened for user root by (uid=0)
Feb 19 15:17:57 ubuntu-1cpu-2gb-us-sjo1 systemd[1]: Starting A high performance web server and a reverse proxy server...
-- Subject: A start job for unit nginx.service has begun execution
-- Defined-By: systemd
-- Support: http://www.ubuntu.com/support
-- 
-- A start job for unit nginx.service has begun execution.
-- 
-- The job identifier is 7073.
Feb 19 15:17:57 ubuntu-1cpu-2gb-us-sjo1 nginx[853156]: nginx: [alert] could not open error log file: open() "/var/log/nginx/error.log" failed (2: No such file or directory)
Feb 19 15:17:57 ubuntu-1cpu-2gb-us-sjo1 nginx[853156]: 2022/02/19 15:17:57 [emerg] 853156#853156: open() "/var/log/nginx/access.log" failed (2: No such file or directory)
Feb 19 15:17:57 ubuntu-1cpu-2gb-us-sjo1 nginx[853156]: nginx: configuration file /etc/nginx/nginx.conf test failed
Feb 19 15:17:57 ubuntu-1cpu-2gb-us-sjo1 systemd[1]: [0;1;39m[0;1;31m[0;1;39mnginx.service: Control process exited, code=exited, status=1/FAILURE[0m
-- Subject: Unit process exited
-- Defined-By: systemd
-- Support: http://www.ubuntu.com/support
-- 
-- An ExecStartPre= process belonging to unit nginx.service has exited.
-- 
-- The process' exit code is 'exited' and its exit status is 1.
Feb 19 15:17:57 ubuntu-1cpu-2gb-us-sjo1 systemd[1]: [0;1;38;5;185m[0;1;39m[0;1;38;5;185mnginx.service: Failed with result 'exit-code'.[0m
-- Subject: Unit failed
-- Defined-By: systemd
-- Support: http://www.ubuntu.com/support
-- 
-- The unit nginx.service has entered the 'failed' state with result 'exit-code'.
Feb 19 15:17:57 ubuntu-1cpu-2gb-us-sjo1 systemd[1]: [0;1;31m[0;1;39m[0;1;31mFailed to start A high performance web server and a reverse proxy server.[0m
-- Subject: A start job for unit nginx.service has failed
-- Defined-By: systemd
-- Support: http://www.ubuntu.com/support
-- 
-- A start job for unit nginx.service has finished with a failure.
-- 
-- The job identifier is 7073 and the job result is failed.
Feb 19 15:17:57 ubuntu-1cpu-2gb-us-sjo1 sudo[853144]: pam_unix(sudo:session): session closed for user root
Feb 19 15:18:00 ubuntu-1cpu-2gb-us-sjo1 kernel: [0;1;38;5;185m[0;1;39m[0;1;38;5;185m[UFW BLOCK] IN=eth0 OUT= MAC=d2:f7:ff:2f:0f:bd:9a:7e:ab:20:21:8b:08:00 SRC=167.94.138.135 DST=209.151.146.11 LEN=44 TOS=0x00 PREC=0x00 TTL=42 ID=26207 PROTO=TCP SPT=17615 DPT=8818 WINDOW=1024 RES=0x00 SYN URGP=0 [0m
Feb 19 15:18:03 ubuntu-1cpu-2gb-us-sjo1 telegraf[869]: 2022-02-19T15:18:03Z E! [outputs.influxdb] When writing to [http://127.0.0.1:8086]: failed doing req: Post "http://127.0.0.1:8086/write?db=telegraf_iot_environment": dial tcp 127.0.0.1:8086: connect: connection refused
Feb 19 15:18:03 ubuntu-1cpu-2gb-us-sjo1 telegraf[869]: 2022-02-19T15:18:03Z E! [agent] Error writing to outputs.influxdb: could not write any address
Feb 19 15:18:13 ubuntu-1cpu-2gb-us-sjo1 telegraf[869]: 2022-02-19T15:18:13Z E! [outputs.influxdb] When writing to [http://127.0.0.1:8086]: failed doing req: Post "http://127.0.0.1:8086/write?db=telegraf_iot_environment": dial tcp 127.0.0.1:8086: connect: connection refused
Feb 19 15:18:13 ubuntu-1cpu-2gb-us-sjo1 telegraf[869]: 2022-02-19T15:18:13Z E! [agent] Error writing to outputs.influxdb: could not write any address
Feb 19 15:18:23 ubuntu-1cpu-2gb-us-sjo1 telegraf[869]: 2022-02-19T15:18:23Z E! [outputs.influxdb] When writing to [http://127.0.0.1:8086]: failed doing req: Post "http://127.0.0.1:8086/write?db=telegraf_iot_environment": dial tcp 127.0.0.1:8086: connect: connection refused
Feb 19 15:18:23 ubuntu-1cpu-2gb-us-sjo1 telegraf[869]: 2022-02-19T15:18:23Z E! [agent] Error writing to outputs.influxdb: could not write any address
Feb 19 15:18:27 ubuntu-1cpu-2gb-us-sjo1 kernel: [0;1;38;5;185m[0;1;39m[0;1;38;5;185m[UFW BLOCK] IN=eth0 OUT= MAC=d2:f7:ff:2f:0f:bd:9a:7e:ab:20:21:8b:08:00 SRC=79.124.62.86 DST=209.151.146.11 LEN=40 TOS=0x00 PREC=0x00 TTL=237 ID=32647 PROTO=TCP SPT=40971 DPT=6851 WINDOW=1024 RES=0x00 SYN URGP=0 [0m
Feb 19 15:18:33 ubuntu-1cpu-2gb-us-sjo1 telegraf[869]: 2022-02-19T15:18:33Z E! [outputs.influxdb] When writing to [http://127.0.0.1:8086]: failed doing req: Post "http://127.0.0.1:8086/write?db=telegraf_iot_environment": dial tcp 127.0.0.1:8086: connect: connection refused
Feb 19 15:18:33 ubuntu-1cpu-2gb-us-sjo1 telegraf[869]: 2022-02-19T15:18:33Z E! [agent] Error writing to outputs.influxdb: could not write any address
Feb 19 15:18:36 ubuntu-1cpu-2gb-us-sjo1 kernel: [0;1;38;5;185m[0;1;39m[0;1;38;5;185m[UFW BLOCK] IN=eth0 OUT= MAC=d2:f7:ff:2f:0f:bd:9a:7e:ab:20:21:8b:08:00 SRC=123.57.194.73 DST=209.151.146.11 LEN=40 TOS=0x08 PREC=0x20 TTL=46 ID=13132 PROTO=TCP SPT=35239 DPT=23 WINDOW=44423 RES=0x00 SYN URGP=0 [0m
Feb 19 15:18:43 ubuntu-1cpu-2gb-us-sjo1 telegraf[869]: 2022-02-19T15:18:43Z E! [outputs.influxdb] When writing to [http://127.0.0.1:8086]: failed doing req: Post "http://127.0.0.1:8086/write?db=telegraf_iot_environment": dial tcp 127.0.0.1:8086: connect: connection refused
Feb 19 15:18:43 ubuntu-1cpu-2gb-us-sjo1 telegraf[869]: 2022-02-19T15:18:43Z E! [agent] Error writing to outputs.influxdb: could not write any address
Feb 19 15:18:49 ubuntu-1cpu-2gb-us-sjo1 sshd[853273]: Invalid user lixiang from 125.138.246.128 port 58346
Feb 19 15:18:49 ubuntu-1cpu-2gb-us-sjo1 sshd[853273]: [0;1;39m[0;1;31m[0;1;39mpam_unix(sshd:auth): check pass; user unknown[0m
Feb 19 15:18:49 ubuntu-1cpu-2gb-us-sjo1 sshd[853273]: [0;1;39m[0;1;31m[0;1;39mpam_unix(sshd:auth): authentication failure; logname= uid=0 euid=0 tty=ssh ruser= rhost=125.138.246.128[0m
Feb 19 15:18:52 ubuntu-1cpu-2gb-us-sjo1 sshd[853273]: Failed password for invalid user lixiang from 125.138.246.128 port 58346 ssh2
Feb 19 15:18:53 ubuntu-1cpu-2gb-us-sjo1 telegraf[869]: 2022-02-19T15:18:53Z E! [outputs.influxdb] When writing to [http://127.0.0.1:8086]: failed doing req: Post "http://127.0.0.1:8086/write?db=telegraf_iot_environment": dial tcp 127.0.0.1:8086: connect: connection refused
Feb 19 15:18:53 ubuntu-1cpu-2gb-us-sjo1 telegraf[869]: 2022-02-19T15:18:53Z E! [agent] Error writing to outputs.influxdb: could not write any address
Feb 19 15:18:54 ubuntu-1cpu-2gb-us-sjo1 sshd[853273]: Received disconnect from 125.138.246.128 port 58346:11: Bye Bye [preauth]
Feb 19 15:18:54 ubuntu-1cpu-2gb-us-sjo1 sshd[853273]: Disconnected from invalid user lixiang 125.138.246.128 port 58346 [preauth]
Feb 19 15:18:58 ubuntu-1cpu-2gb-us-sjo1 kernel: [0;1;38;5;185m[0;1;39m[0;1;38;5;185m[UFW BLOCK] IN=eth0 OUT= MAC=d2:f7:ff:2f:0f:bd:9a:7e:ab:20:21:8b:08:00 SRC=128.1.91.92 DST=209.151.146.11 LEN=40 TOS=0x08 PREC=0x20 TTL=240 ID=42426 PROTO=TCP SPT=15251 DPT=902 WINDOW=1024 RES=0x00 SYN URGP=0 [0m
Feb 19 15:19:03 ubuntu-1cpu-2gb-us-sjo1 telegraf[869]: 2022-02-19T15:19:03Z E! [outputs.influxdb] When writing to [http://127.0.0.1:8086]: failed doing req: Post "http://127.0.0.1:8086/write?db=telegraf_iot_environment": dial tcp 127.0.0.1:8086: connect: connection refused
Feb 19 15:19:03 ubuntu-1cpu-2gb-us-sjo1 telegraf[869]: 2022-02-19T15:19:03Z E! [agent] Error writing to outputs.influxdb: could not write any address
Feb 19 15:19:13 ubuntu-1cpu-2gb-us-sjo1 telegraf[869]: 2022-02-19T15:19:13Z E! [outputs.influxdb] When writing to [http://127.0.0.1:8086]: failed doing req: Post "http://127.0.0.1:8086/write?db=telegraf_iot_environment": dial tcp 127.0.0.1:8086: connect: connection refused
Feb 19 15:19:13 ubuntu-1cpu-2gb-us-sjo1 telegraf[869]: 2022-02-19T15:19:13Z E! [agent] Error writing to outputs.influxdb: could not write any address
Feb 19 15:19:23 ubuntu-1cpu-2gb-us-sjo1 telegraf[869]: 2022-02-19T15:19:23Z E! [outputs.influxdb] When writing to [http://127.0.0.1:8086]: failed doing req: Post "http://127.0.0.1:8086/write?db=telegraf_iot_environment": dial tcp 127.0.0.1:8086: connect: connection refused
Feb 19 15:19:23 ubuntu-1cpu-2gb-us-sjo1 telegraf[869]: 2022-02-19T15:19:23Z E! [agent] Error writing to outputs.influxdb: could not write any address
Feb 19 15:19:29 ubuntu-1cpu-2gb-us-sjo1 kernel: [0;1;38;5;185m[0;1;39m[0;1;38;5;185m[UFW BLOCK] IN=eth0 OUT= MAC=d2:f7:ff:2f:0f:bd:9a:7e:ab:20:21:8b:08:00 SRC=79.124.62.110 DST=209.151.146.11 LEN=40 TOS=0x00 PREC=0x00 TTL=237 ID=40950 PROTO=TCP SPT=42876 DPT=23334 WINDOW=1024 RES=0x00 SYN URGP=0 [0m
Feb 19 15:19:33 ubuntu-1cpu-2gb-us-sjo1 telegraf[869]: 2022-02-19T15:19:33Z E! [outputs.influxdb] When writing to [http://127.0.0.1:8086]: failed doing req: Post "http://127.0.0.1:8086/write?db=telegraf_iot_environment": dial tcp 127.0.0.1:8086: connect: connection refused
Feb 19 15:19:33 ubuntu-1cpu-2gb-us-sjo1 telegraf[869]: 2022-02-19T15:19:33Z E! [agent] Error writing to outputs.influxdb: could not write any address
Feb 19 15:19:34 ubuntu-1cpu-2gb-us-sjo1 sshd[853302]: [0;1;31m[0;1;39m[0;1;31merror: kex_exchange_identification: Connection closed by remote host[0m
Feb 19 15:19:43 ubuntu-1cpu-2gb-us-sjo1 telegraf[869]: 2022-02-19T15:19:43Z E! [outputs.influxdb] When writing to [http://127.0.0.1:8086]: failed doing req: Post "http://127.0.0.1:8086/write?db=telegraf_iot_environment": dial tcp 127.0.0.1:8086: connect: connection refused
Feb 19 15:19:43 ubuntu-1cpu-2gb-us-sjo1 telegraf[869]: 2022-02-19T15:19:43Z E! [agent] Error writing to outputs.influxdb: could not write any address
Feb 19 15:19:53 ubuntu-1cpu-2gb-us-sjo1 telegraf[869]: 2022-02-19T15:19:53Z E! [outputs.influxdb] When writing to [http://127.0.0.1:8086]: failed doing req: Post "http://127.0.0.1:8086/write?db=telegraf_iot_environment": dial tcp 127.0.0.1:8086: connect: connection refused
Feb 19 15:19:53 ubuntu-1cpu-2gb-us-sjo1 telegraf[869]: 2022-02-19T15:19:53Z E! [agent] Error writing to outputs.influxdb: could not write any address
Feb 19 15:19:54 ubuntu-1cpu-2gb-us-sjo1 sshd[853303]: Unable to negotiate with 45.125.65.126 port 41642: no matching key exchange method found. Their offer: diffie-hellman-group14-sha1,diffie-hellman-group-exchange-sha1,diffie-hellman-group1-sha1 [preauth]
Feb 19 15:20:03 ubuntu-1cpu-2gb-us-sjo1 telegraf[869]: 2022-02-19T15:20:03Z E! [outputs.influxdb] When writing to [http://127.0.0.1:8086]: failed doing req: Post "http://127.0.0.1:8086/write?db=telegraf_iot_environment": dial tcp 127.0.0.1:8086: connect: connection refused
Feb 19 15:20:03 ubuntu-1cpu-2gb-us-sjo1 telegraf[869]: 2022-02-19T15:20:03Z E! [agent] Error writing to outputs.influxdb: could not write any address
Feb 19 15:20:12 ubuntu-1cpu-2gb-us-sjo1 sshd[853345]: [0;1;39m[0;1;31m[0;1;39mpam_unix(sshd:auth): authentication failure; logname= uid=0 euid=0 tty=ssh ruser= rhost=125.138.246.128  user=root[0m
Feb 19 15:20:13 ubuntu-1cpu-2gb-us-sjo1 telegraf[869]: 2022-02-19T15:20:13Z E! [outputs.influxdb] When writing to [http://127.0.0.1:8086]: failed doing req: Post "http://127.0.0.1:8086/write?db=telegraf_iot_environment": dial tcp 127.0.0.1:8086: connect: connection refused
Feb 19 15:20:13 ubuntu-1cpu-2gb-us-sjo1 telegraf[869]: 2022-02-19T15:20:13Z E! [agent] Error writing to outputs.influxdb: could not write any address
Feb 19 15:20:13 ubuntu-1cpu-2gb-us-sjo1 kernel: [0;1;38;5;185m[0;1;39m[0;1;38;5;185m[UFW BLOCK] IN=eth0 OUT= MAC=d2:f7:ff:2f:0f:bd:9a:7e:ab:20:21:8b:08:00 SRC=193.3.19.167 DST=209.151.146.11 LEN=40 TOS=0x00 PREC=0x00 TTL=241 ID=41724 PROTO=TCP SPT=46948 DPT=22115 WINDOW=1024 RES=0x00 SYN URGP=0 [0m
Feb 19 15:20:14 ubuntu-1cpu-2gb-us-sjo1 sshd[853345]: Failed password for root from 125.138.246.128 port 49046 ssh2
Feb 19 15:20:16 ubuntu-1cpu-2gb-us-sjo1 sshd[853345]: Received disconnect from 125.138.246.128 port 49046:11: Bye Bye [preauth]
Feb 19 15:20:16 ubuntu-1cpu-2gb-us-sjo1 sshd[853345]: Disconnected from authenticating user root 125.138.246.128 port 49046 [preauth]
Feb 19 15:20:23 ubuntu-1cpu-2gb-us-sjo1 telegraf[869]: 2022-02-19T15:20:23Z E! [outputs.influxdb] When writing to [http://127.0.0.1:8086]: failed doing req: Post "http://127.0.0.1:8086/write?db=telegraf_iot_environment": dial tcp 127.0.0.1:8086: connect: connection refused
Feb 19 15:20:23 ubuntu-1cpu-2gb-us-sjo1 telegraf[869]: 2022-02-19T15:20:23Z E! [agent] Error writing to outputs.influxdb: could not write any address
Feb 19 15:20:33 ubuntu-1cpu-2gb-us-sjo1 telegraf[869]: 2022-02-19T15:20:33Z E! [outputs.influxdb] When writing to [http://127.0.0.1:8086]: failed doing req: Post "http://127.0.0.1:8086/write?db=telegraf_iot_environment": dial tcp 127.0.0.1:8086: connect: connection refused
Feb 19 15:20:33 ubuntu-1cpu-2gb-us-sjo1 telegraf[869]: 2022-02-19T15:20:33Z E! [agent] Error writing to outputs.influxdb: could not write any address
Feb 19 15:20:37 ubuntu-1cpu-2gb-us-sjo1 kernel: [0;1;38;5;185m[0;1;39m[0;1;38;5;185m[UFW BLOCK] IN=eth0 OUT= MAC=d2:f7:ff:2f:0f:bd:9a:7e:ab:20:21:8b:08:00 SRC=138.99.216.222 DST=209.151.146.11 LEN=40 TOS=0x08 PREC=0x20 TTL=237 ID=30487 PROTO=TCP SPT=42283 DPT=4430 WINDOW=1024 RES=0x00 SYN URGP=0 [0m
Feb 19 15:20:42 ubuntu-1cpu-2gb-us-sjo1 kernel: [0;1;38;5;185m[0;1;39m[0;1;38;5;185m[UFW BLOCK] IN=eth0 OUT= MAC=d2:f7:ff:2f:0f:bd:9a:7e:ab:20:21:8b:08:00 SRC=45.155.205.43 DST=209.151.146.11 LEN=40 TOS=0x00 PREC=0x20 TTL=242 ID=45603 PROTO=TCP SPT=57136 DPT=6444 WINDOW=1024 RES=0x00 SYN URGP=0 [0m
Feb 19 15:20:43 ubuntu-1cpu-2gb-us-sjo1 kernel: [0;1;38;5;185m[0;1;39m[0;1;38;5;185m[UFW BLOCK] IN=eth0 OUT= MAC=d2:f7:ff:2f:0f:bd:9a:7e:ab:20:21:8b:08:00 SRC=220.135.30.7 DST=209.151.146.11 LEN=40 TOS=0x00 PREC=0x00 TTL=50 ID=4453 PROTO=TCP SPT=57469 DPT=23 WINDOW=64357 RES=0x00 SYN URGP=0 [0m
Feb 19 15:20:43 ubuntu-1cpu-2gb-us-sjo1 telegraf[869]: 2022-02-19T15:20:43Z E! [outputs.influxdb] When writing to [http://127.0.0.1:8086]: failed doing req: Post "http://127.0.0.1:8086/write?db=telegraf_iot_environment": dial tcp 127.0.0.1:8086: connect: connection refused
Feb 19 15:20:43 ubuntu-1cpu-2gb-us-sjo1 telegraf[869]: 2022-02-19T15:20:43Z E! [agent] Error writing to outputs.influxdb: could not write any address
Feb 19 15:20:53 ubuntu-1cpu-2gb-us-sjo1 telegraf[869]: 2022-02-19T15:20:53Z E! [outputs.influxdb] When writing to [http://127.0.0.1:8086]: failed doing req: Post "http://127.0.0.1:8086/write?db=telegraf_iot_environment": dial tcp 127.0.0.1:8086: connect: connection refused
Feb 19 15:20:53 ubuntu-1cpu-2gb-us-sjo1 telegraf[869]: 2022-02-19T15:20:53Z E! [agent] Error writing to outputs.influxdb: could not write any address
Feb 19 15:20:56 ubuntu-1cpu-2gb-us-sjo1 sshd[853349]: [0;1;39m[0;1;31m[0;1;39mpam_unix(sshd:auth): authentication failure; logname= uid=0 euid=0 tty=ssh ruser= rhost=112.85.42.73  user=root[0m
Feb 19 15:20:58 ubuntu-1cpu-2gb-us-sjo1 sshd[853349]: Failed password for root from 112.85.42.73 port 29888 ssh2
Feb 19 15:21:01 ubuntu-1cpu-2gb-us-sjo1 sshd[853349]: Failed password for root from 112.85.42.73 port 29888 ssh2
Feb 19 15:21:03 ubuntu-1cpu-2gb-us-sjo1 telegraf[869]: 2022-02-19T15:21:03Z E! [outputs.influxdb] When writing to [http://127.0.0.1:8086]: failed doing req: Post "http://127.0.0.1:8086/write?db=telegraf_iot_environment": dial tcp 127.0.0.1:8086: connect: connection refused
Feb 19 15:21:03 ubuntu-1cpu-2gb-us-sjo1 telegraf[869]: 2022-02-19T15:21:03Z E! [agent] Error writing to outputs.influxdb: could not write any address
Feb 19 15:21:05 ubuntu-1cpu-2gb-us-sjo1 sshd[853349]: Failed password for root from 112.85.42.73 port 29888 ssh2
Feb 19 15:21:06 ubuntu-1cpu-2gb-us-sjo1 sshd[853349]: Received disconnect from 112.85.42.73 port 29888:11:  [preauth]
Feb 19 15:21:06 ubuntu-1cpu-2gb-us-sjo1 sshd[853349]: Disconnected from authenticating user root 112.85.42.73 port 29888 [preauth]
Feb 19 15:21:06 ubuntu-1cpu-2gb-us-sjo1 sshd[853349]: [0;1;39m[0;1;31m[0;1;39mPAM 2 more authentication failures; logname= uid=0 euid=0 tty=ssh ruser= rhost=112.85.42.73  user=root[0m
Feb 19 15:21:08 ubuntu-1cpu-2gb-us-sjo1 sshd[853353]: [0;1;39m[0;1;31m[0;1;39mpam_unix(sshd:auth): authentication failure; logname= uid=0 euid=0 tty=ssh ruser= rhost=112.85.42.73  user=root[0m
Feb 19 15:21:10 ubuntu-1cpu-2gb-us-sjo1 sshd[853353]: Failed password for root from 112.85.42.73 port 19640 ssh2
Feb 19 15:21:13 ubuntu-1cpu-2gb-us-sjo1 sshd[853353]: Failed password for root from 112.85.42.73 port 19640 ssh2
Feb 19 15:21:13 ubuntu-1cpu-2gb-us-sjo1 telegraf[869]: 2022-02-19T15:21:13Z E! [outputs.influxdb] When writing to [http://127.0.0.1:8086]: failed doing req: Post "http://127.0.0.1:8086/write?db=telegraf_iot_environment": dial tcp 127.0.0.1:8086: connect: connection refused
Feb 19 15:21:13 ubuntu-1cpu-2gb-us-sjo1 telegraf[869]: 2022-02-19T15:21:13Z E! [agent] Error writing to outputs.influxdb: could not write any address
Feb 19 15:21:16 ubuntu-1cpu-2gb-us-sjo1 sshd[853353]: Failed password for root from 112.85.42.73 port 19640 ssh2
Feb 19 15:21:18 ubuntu-1cpu-2gb-us-sjo1 sshd[853353]: Received disconnect from 112.85.42.73 port 19640:11:  [preauth]
Feb 19 15:21:18 ubuntu-1cpu-2gb-us-sjo1 sshd[853353]: Disconnected from authenticating user root 112.85.42.73 port 19640 [preauth]
Feb 19 15:21:18 ubuntu-1cpu-2gb-us-sjo1 sshd[853353]: [0;1;39m[0;1;31m[0;1;39mPAM 2 more authentication failures; logname= uid=0 euid=0 tty=ssh ruser= rhost=112.85.42.73  user=root[0m
Feb 19 15:21:20 ubuntu-1cpu-2gb-us-sjo1 sshd[853368]: [0;1;39m[0;1;31m[0;1;39mpam_unix(sshd:auth): authentication failure; logname= uid=0 euid=0 tty=ssh ruser= rhost=112.85.42.73  user=root[0m
Feb 19 15:21:21 ubuntu-1cpu-2gb-us-sjo1 kernel: [0;1;38;5;185m[0;1;39m[0;1;38;5;185m[UFW BLOCK] IN=eth0 OUT= MAC=d2:f7:ff:2f:0f:bd:9a:7e:ab:20:21:8b:08:00 SRC=167.94.138.137 DST=209.151.146.11 LEN=44 TOS=0x00 PREC=0x00 TTL=42 ID=15558 PROTO=TCP SPT=58088 DPT=3127 WINDOW=1024 RES=0x00 SYN URGP=0 [0m
Feb 19 15:21:21 ubuntu-1cpu-2gb-us-sjo1 kernel: [0;1;38;5;185m[0;1;39m[0;1;38;5;185m[UFW BLOCK] IN=eth0 OUT= MAC=d2:f7:ff:2f:0f:bd:9a:7e:ab:20:21:8b:08:00 SRC=89.248.165.59 DST=209.151.146.11 LEN=40 TOS=0x00 PREC=0x00 TTL=242 ID=7210 PROTO=TCP SPT=49708 DPT=39888 WINDOW=1024 RES=0x00 SYN URGP=0 [0m
Feb 19 15:21:22 ubuntu-1cpu-2gb-us-sjo1 sshd[853368]: Failed password for root from 112.85.42.73 port 53157 ssh2
Feb 19 15:21:23 ubuntu-1cpu-2gb-us-sjo1 telegraf[869]: 2022-02-19T15:21:23Z E! [outputs.influxdb] When writing to [http://127.0.0.1:8086]: failed doing req: Post "http://127.0.0.1:8086/write?db=telegraf_iot_environment": dial tcp 127.0.0.1:8086: connect: connection refused
Feb 19 15:21:23 ubuntu-1cpu-2gb-us-sjo1 telegraf[869]: 2022-02-19T15:21:23Z E! [agent] Error writing to outputs.influxdb: could not write any address
Feb 19 15:21:26 ubuntu-1cpu-2gb-us-sjo1 sshd[853368]: Failed password for root from 112.85.42.73 port 53157 ssh2
Feb 19 15:21:29 ubuntu-1cpu-2gb-us-sjo1 sshd[853368]: Failed password for root from 112.85.42.73 port 53157 ssh2
Feb 19 15:21:31 ubuntu-1cpu-2gb-us-sjo1 sshd[853368]: Received disconnect from 112.85.42.73 port 53157:11:  [preauth]
Feb 19 15:21:31 ubuntu-1cpu-2gb-us-sjo1 sshd[853368]: Disconnected from authenticating user root 112.85.42.73 port 53157 [preauth]
Feb 19 15:21:31 ubuntu-1cpu-2gb-us-sjo1 sshd[853368]: [0;1;39m[0;1;31m[0;1;39mPAM 2 more authentication failures; logname= uid=0 euid=0 tty=ssh ruser= rhost=112.85.42.73  user=root[0m
Feb 19 15:21:32 ubuntu-1cpu-2gb-us-sjo1 sshd[853400]: [0;1;39m[0;1;31m[0;1;39mpam_unix(sshd:auth): authentication failure; logname= uid=0 euid=0 tty=ssh ruser= rhost=112.85.42.73  user=root[0m
Feb 19 15:21:33 ubuntu-1cpu-2gb-us-sjo1 telegraf[869]: 2022-02-19T15:21:33Z E! [outputs.influxdb] When writing to [http://127.0.0.1:8086]: failed doing req: Post "http://127.0.0.1:8086/write?db=telegraf_iot_environment": dial tcp 127.0.0.1:8086: connect: connection refused
Feb 19 15:21:33 ubuntu-1cpu-2gb-us-sjo1 telegraf[869]: 2022-02-19T15:21:33Z E! [agent] Error writing to outputs.influxdb: could not write any address
Feb 19 15:21:34 ubuntu-1cpu-2gb-us-sjo1 sshd[853400]: Failed password for root from 112.85.42.73 port 34427 ssh2
Feb 19 15:21:38 ubuntu-1cpu-2gb-us-sjo1 sshd[853400]: Failed password for root from 112.85.42.73 port 34427 ssh2
Feb 19 15:21:41 ubuntu-1cpu-2gb-us-sjo1 sshd[853400]: Failed password for root from 112.85.42.73 port 34427 ssh2
Feb 19 15:21:42 ubuntu-1cpu-2gb-us-sjo1 kernel: [0;1;38;5;185m[0;1;39m[0;1;38;5;185m[UFW BLOCK] IN=eth0 OUT= MAC=d2:f7:ff:2f:0f:bd:9a:7e:ab:20:21:8b:08:00 SRC=79.124.62.34 DST=209.151.146.11 LEN=40 TOS=0x00 PREC=0x00 TTL=237 ID=20306 PROTO=TCP SPT=42874 DPT=46430 WINDOW=1024 RES=0x00 SYN URGP=0 [0m
Feb 19 15:21:43 ubuntu-1cpu-2gb-us-sjo1 sshd[853400]: Received disconnect from 112.85.42.73 port 34427:11:  [preauth]
Feb 19 15:21:43 ubuntu-1cpu-2gb-us-sjo1 sshd[853400]: Disconnected from authenticating user root 112.85.42.73 port 34427 [preauth]
Feb 19 15:21:43 ubuntu-1cpu-2gb-us-sjo1 sshd[853400]: [0;1;39m[0;1;31m[0;1;39mPAM 2 more authentication failures; logname= uid=0 euid=0 tty=ssh ruser= rhost=112.85.42.73  user=root[0m
Feb 19 15:21:43 ubuntu-1cpu-2gb-us-sjo1 sudo[853454]: [0;1;39m[0;1;31m[0;1;39m    root : TTY=pts/1 ; PWD=/var/www/html/SmarthFoodBackend ; USER=root ; COMMAND=/usr/sbin/service nginx start[0m
Feb 19 15:21:43 ubuntu-1cpu-2gb-us-sjo1 sudo[853454]: pam_unix(sudo:session): session opened for user root by (uid=0)
Feb 19 15:21:43 ubuntu-1cpu-2gb-us-sjo1 telegraf[869]: 2022-02-19T15:21:43Z E! [outputs.influxdb] When writing to [http://127.0.0.1:8086]: failed doing req: Post "http://127.0.0.1:8086/write?db=telegraf_iot_environment": dial tcp 127.0.0.1:8086: connect: connection refused
Feb 19 15:21:43 ubuntu-1cpu-2gb-us-sjo1 telegraf[869]: 2022-02-19T15:21:43Z E! [agent] Error writing to outputs.influxdb: could not write any address
Feb 19 15:21:44 ubuntu-1cpu-2gb-us-sjo1 sshd[853441]: Invalid user vs from 125.138.246.128 port 39778
Feb 19 15:21:44 ubuntu-1cpu-2gb-us-sjo1 sshd[853441]: [0;1;39m[0;1;31m[0;1;39mpam_unix(sshd:auth): check pass; user unknown[0m
Feb 19 15:21:44 ubuntu-1cpu-2gb-us-sjo1 sshd[853441]: [0;1;39m[0;1;31m[0;1;39mpam_unix(sshd:auth): authentication failure; logname= uid=0 euid=0 tty=ssh ruser= rhost=125.138.246.128[0m
Feb 19 15:21:44 ubuntu-1cpu-2gb-us-sjo1 systemd[1]: Starting A high performance web server and a reverse proxy server...
-- Subject: A start job for unit nginx.service has begun execution
-- Defined-By: systemd
-- Support: http://www.ubuntu.com/support
-- 
-- A start job for unit nginx.service has begun execution.
-- 
-- The job identifier is 7143.
Feb 19 15:21:44 ubuntu-1cpu-2gb-us-sjo1 nginx[853463]: nginx: [alert] could not open error log file: open() "/var/log/nginx/error.log" failed (2: No such file or directory)
Feb 19 15:21:44 ubuntu-1cpu-2gb-us-sjo1 nginx[853463]: 2022/02/19 15:21:44 [emerg] 853463#853463: open() "/var/log/nginx/access.log" failed (2: No such file or directory)
Feb 19 15:21:44 ubuntu-1cpu-2gb-us-sjo1 nginx[853463]: nginx: configuration file /etc/nginx/nginx.conf test failed
Feb 19 15:21:44 ubuntu-1cpu-2gb-us-sjo1 systemd[1]: [0;1;39m[0;1;31m[0;1;39mnginx.service: Control process exited, code=exited, status=1/FAILURE[0m
-- Subject: Unit process exited
-- Defined-By: systemd
-- Support: http://www.ubuntu.com/support
-- 
-- An ExecStartPre= process belonging to unit nginx.service has exited.
-- 
-- The process' exit code is 'exited' and its exit status is 1.
Feb 19 15:21:44 ubuntu-1cpu-2gb-us-sjo1 systemd[1]: [0;1;38;5;185m[0;1;39m[0;1;38;5;185mnginx.service: Failed with result 'exit-code'.[0m
-- Subject: Unit failed
-- Defined-By: systemd
-- Support: http://www.ubuntu.com/support
-- 
-- The unit nginx.service has entered the 'failed' state with result 'exit-code'.
Feb 19 15:21:44 ubuntu-1cpu-2gb-us-sjo1 systemd[1]: [0;1;31m[0;1;39m[0;1;31mFailed to start A high performance web server and a reverse proxy server.[0m
-- Subject: A start job for unit nginx.service has failed
-- Defined-By: systemd
-- Support: http://www.ubuntu.com/support
-- 
-- A start job for unit nginx.service has finished with a failure.
-- 
-- The job identifier is 7143 and the job result is failed.
Feb 19 15:21:44 ubuntu-1cpu-2gb-us-sjo1 sudo[853454]: pam_unix(sudo:session): session closed for user root
Feb 19 15:21:45 ubuntu-1cpu-2gb-us-sjo1 sshd[853442]: [0;1;39m[0;1;31m[0;1;39mpam_unix(sshd:auth): authentication failure; logname= uid=0 euid=0 tty=ssh ruser= rhost=112.85.42.73  user=root[0m
Feb 19 15:21:46 ubuntu-1cpu-2gb-us-sjo1 sshd[853441]: Failed password for invalid user vs from 125.138.246.128 port 39778 ssh2
Feb 19 15:21:46 ubuntu-1cpu-2gb-us-sjo1 sshd[853441]: Received disconnect from 125.138.246.128 port 39778:11: Bye Bye [preauth]
Feb 19 15:21:46 ubuntu-1cpu-2gb-us-sjo1 sshd[853441]: Disconnected from invalid user vs 125.138.246.128 port 39778 [preauth]
Feb 19 15:21:47 ubuntu-1cpu-2gb-us-sjo1 sshd[853442]: Failed password for root from 112.85.42.73 port 58396 ssh2
Feb 19 15:21:48 ubuntu-1cpu-2gb-us-sjo1 sudo[853467]: [0;1;39m[0;1;31m[0;1;39m    root : TTY=pts/1 ; PWD=/var/www/html/SmarthFoodBackend ; USER=root ; COMMAND=/usr/sbin/service nginx restart[0m
Feb 19 15:21:48 ubuntu-1cpu-2gb-us-sjo1 sudo[853467]: pam_unix(sudo:session): session opened for user root by (uid=0)
Feb 19 15:21:48 ubuntu-1cpu-2gb-us-sjo1 systemd[1]: Starting A high performance web server and a reverse proxy server...
-- Subject: A start job for unit nginx.service has begun execution
-- Defined-By: systemd
-- Support: http://www.ubuntu.com/support
-- 
-- A start job for unit nginx.service has begun execution.
-- 
-- The job identifier is 7213.
Feb 19 15:21:48 ubuntu-1cpu-2gb-us-sjo1 nginx[853473]: nginx: [alert] could not open error log file: open() "/var/log/nginx/error.log" failed (2: No such file or directory)
Feb 19 15:21:48 ubuntu-1cpu-2gb-us-sjo1 nginx[853473]: 2022/02/19 15:21:48 [emerg] 853473#853473: open() "/var/log/nginx/access.log" failed (2: No such file or directory)
Feb 19 15:21:48 ubuntu-1cpu-2gb-us-sjo1 nginx[853473]: nginx: configuration file /etc/nginx/nginx.conf test failed
Feb 19 15:21:48 ubuntu-1cpu-2gb-us-sjo1 systemd[1]: [0;1;39m[0;1;31m[0;1;39mnginx.service: Control process exited, code=exited, status=1/FAILURE[0m
-- Subject: Unit process exited
-- Defined-By: systemd
-- Support: http://www.ubuntu.com/support
-- 
-- An ExecStartPre= process belonging to unit nginx.service has exited.
-- 
-- The process' exit code is 'exited' and its exit status is 1.
Feb 19 15:21:48 ubuntu-1cpu-2gb-us-sjo1 systemd[1]: [0;1;38;5;185m[0;1;39m[0;1;38;5;185mnginx.service: Failed with result 'exit-code'.[0m
-- Subject: Unit failed
-- Defined-By: systemd
-- Support: http://www.ubuntu.com/support
-- 
-- The unit nginx.service has entered the 'failed' state with result 'exit-code'.
Feb 19 15:21:48 ubuntu-1cpu-2gb-us-sjo1 systemd[1]: [0;1;31m[0;1;39m[0;1;31mFailed to start A high performance web server and a reverse proxy server.[0m
-- Subject: A start job for unit nginx.service has failed
-- Defined-By: systemd
-- Support: http://www.ubuntu.com/support
-- 
-- A start job for unit nginx.service has finished with a failure.
-- 
-- The job identifier is 7213 and the job result is failed.
Feb 19 15:21:48 ubuntu-1cpu-2gb-us-sjo1 sudo[853467]: pam_unix(sudo:session): session closed for user root
Feb 19 15:21:51 ubuntu-1cpu-2gb-us-sjo1 sshd[853442]: Failed password for root from 112.85.42.73 port 58396 ssh2
Feb 19 15:21:53 ubuntu-1cpu-2gb-us-sjo1 telegraf[869]: 2022-02-19T15:21:53Z E! [outputs.influxdb] When writing to [http://127.0.0.1:8086]: failed doing req: Post "http://127.0.0.1:8086/write?db=telegraf_iot_environment": dial tcp 127.0.0.1:8086: connect: connection refused
Feb 19 15:21:53 ubuntu-1cpu-2gb-us-sjo1 telegraf[869]: 2022-02-19T15:21:53Z E! [agent] Error writing to outputs.influxdb: could not write any address
Feb 19 15:21:54 ubuntu-1cpu-2gb-us-sjo1 sshd[853442]: Failed password for root from 112.85.42.73 port 58396 ssh2
Feb 19 15:21:54 ubuntu-1cpu-2gb-us-sjo1 sshd[853442]: Received disconnect from 112.85.42.73 port 58396:11:  [preauth]
Feb 19 15:21:54 ubuntu-1cpu-2gb-us-sjo1 sshd[853442]: Disconnected from authenticating user root 112.85.42.73 port 58396 [preauth]
