Feb 19 15:06:33 ubuntu-1cpu-2gb-us-sjo1 influxd-systemd-start.sh[873]: [httpd] 127.0.0.1 - mariaga [19/Feb/2022:15:06:33 +0000] "POST /write?db=telegraf_iot_environment HTTP/1.1 " 204 0 "-" "Telegraf/1.20.0 Go/1.17" 86bc20a5-9195-11ec-95d0-d2f7ff2f0fbd 5597
Feb 19 15:06:34 ubuntu-1cpu-2gb-us-sjo1 sshd[852186]: Received disconnect from 43.154.181.106 port 50182:11: Bye Bye [preauth]
Feb 19 15:06:34 ubuntu-1cpu-2gb-us-sjo1 sshd[852186]: Disconnected from invalid user ansible 43.154.181.106 port 50182 [preauth]
Feb 19 15:06:37 ubuntu-1cpu-2gb-us-sjo1 sshd[852188]: Unable to negotiate with 164.92.198.73 port 44130: no matching key exchange method found. Their offer: diffie-hellman-group14-sha1,diffie-hellman-group-exchange-sha1,diffie-hellman-group1-sha1 [preauth]
Feb 19 15:06:41 ubuntu-1cpu-2gb-us-sjo1 kernel: [0;1;38;5;185m[0;1;39m[0;1;38;5;185m[UFW BLOCK] IN=eth0 OUT= MAC=d2:f7:ff:2f:0f:bd:9a:7e:ab:20:21:8b:08:00 SRC=167.94.138.107 DST=209.151.146.11 LEN=44 TOS=0x00 PREC=0x00 TTL=42 ID=53632 PROTO=TCP SPT=48805 DPT=50001 WINDOW=1024 RES=0x00 SYN URGP=0 [0m
Feb 19 15:06:42 ubuntu-1cpu-2gb-us-sjo1 kernel: [0;1;38;5;185m[0;1;39m[0;1;38;5;185m[UFW BLOCK] IN=eth0 OUT= MAC=d2:f7:ff:2f:0f:bd:9a:7e:ab:20:21:8b:08:00 SRC=89.248.168.197 DST=209.151.146.11 LEN=40 TOS=0x00 PREC=0x00 TTL=242 ID=4517 PROTO=TCP SPT=55173 DPT=19371 WINDOW=1024 RES=0x00 SYN URGP=0 [0m
Feb 19 15:06:43 ubuntu-1cpu-2gb-us-sjo1 influxd-systemd-start.sh[873]: [httpd] 127.0.0.1 - mariaga [19/Feb/2022:15:06:43 +0000] "POST /write?db=telegraf_iot_environment HTTP/1.1 " 204 0 "-" "Telegraf/1.20.0 Go/1.17" 8cb2054a-9195-11ec-95d1-d2f7ff2f0fbd 4110
Feb 19 15:06:53 ubuntu-1cpu-2gb-us-sjo1 influxd-systemd-start.sh[873]: [httpd] 127.0.0.1 - mariaga [19/Feb/2022:15:06:53 +0000] "POST /write?db=telegraf_iot_environment HTTP/1.1 " 204 0 "-" "Telegraf/1.20.0 Go/1.17" 92a7f1b5-9195-11ec-95d2-d2f7ff2f0fbd 3886
Feb 19 15:06:57 ubuntu-1cpu-2gb-us-sjo1 sshd[852191]: Unable to negotiate with 164.92.198.73 port 34096: no matching key exchange method found. Their offer: diffie-hellman-group14-sha1,diffie-hellman-group-exchange-sha1,diffie-hellman-group1-sha1 [preauth]
Feb 19 15:07:03 ubuntu-1cpu-2gb-us-sjo1 influxd-systemd-start.sh[873]: [httpd] 127.0.0.1 - mariaga [19/Feb/2022:15:07:03 +0000] "POST /write?db=telegraf_iot_environment HTTP/1.1 " 204 0 "-" "Telegraf/1.20.0 Go/1.17" 989ddb44-9195-11ec-95d3-d2f7ff2f0fbd 4398
Feb 19 15:07:07 ubuntu-1cpu-2gb-us-sjo1 kernel: [0;1;38;5;185m[0;1;39m[0;1;38;5;185m[UFW BLOCK] IN=eth0 OUT= MAC=d2:f7:ff:2f:0f:bd:9a:7e:ab:20:21:8b:08:00 SRC=154.88.26.224 DST=209.151.146.11 LEN=44 TOS=0x00 PREC=0x00 TTL=49 ID=0 DF PROTO=TCP SPT=50081 DPT=5101 WINDOW=1024 RES=0x00 SYN URGP=0 [0m
Feb 19 15:07:13 ubuntu-1cpu-2gb-us-sjo1 influxd-systemd-start.sh[873]: [httpd] 127.0.0.1 - mariaga [19/Feb/2022:15:07:13 +0000] "POST /write?db=telegraf_iot_environment HTTP/1.1 " 204 0 "-" "Telegraf/1.20.0 Go/1.17" 9e93decd-9195-11ec-95d4-d2f7ff2f0fbd 3790
Feb 19 15:07:19 ubuntu-1cpu-2gb-us-sjo1 sshd[852193]: Invalid user sean from 125.138.246.128 port 47950
Feb 19 15:07:19 ubuntu-1cpu-2gb-us-sjo1 sshd[852193]: [0;1;39m[0;1;31m[0;1;39mpam_unix(sshd:auth): check pass; user unknown[0m
Feb 19 15:07:19 ubuntu-1cpu-2gb-us-sjo1 sshd[852193]: [0;1;39m[0;1;31m[0;1;39mpam_unix(sshd:auth): authentication failure; logname= uid=0 euid=0 tty=ssh ruser= rhost=125.138.246.128[0m
Feb 19 15:07:21 ubuntu-1cpu-2gb-us-sjo1 sshd[852193]: Failed password for invalid user sean from 125.138.246.128 port 47950 ssh2
Feb 19 15:07:22 ubuntu-1cpu-2gb-us-sjo1 kernel: [0;1;38;5;185m[0;1;39m[0;1;38;5;185m[UFW BLOCK] IN=eth0 OUT= MAC=d2:f7:ff:2f:0f:bd:9a:7e:ab:20:21:8b:08:00 SRC=45.155.204.187 DST=209.151.146.11 LEN=40 TOS=0x00 PREC=0x20 TTL=243 ID=26202 PROTO=TCP SPT=56064 DPT=17274 WINDOW=1024 RES=0x00 SYN URGP=0 [0m
Feb 19 15:07:23 ubuntu-1cpu-2gb-us-sjo1 sshd[852193]: Received disconnect from 125.138.246.128 port 47950:11: Bye Bye [preauth]
Feb 19 15:07:23 ubuntu-1cpu-2gb-us-sjo1 sshd[852193]: Disconnected from invalid user sean 125.138.246.128 port 47950 [preauth]
Feb 19 15:07:23 ubuntu-1cpu-2gb-us-sjo1 influxd-systemd-start.sh[873]: [httpd] 127.0.0.1 - mariaga [19/Feb/2022:15:07:23 +0000] "POST /write?db=telegraf_iot_environment HTTP/1.1 " 204 0 "-" "Telegraf/1.20.0 Go/1.17" a489c87e-9195-11ec-95d5-d2f7ff2f0fbd 5426
Feb 19 15:07:33 ubuntu-1cpu-2gb-us-sjo1 influxd-systemd-start.sh[873]: [httpd] 127.0.0.1 - mariaga [19/Feb/2022:15:07:33 +0000] "POST /write?db=telegraf_iot_environment HTTP/1.1 " 204 0 "-" "Telegraf/1.20.0 Go/1.17" aa7fc70e-9195-11ec-95d6-d2f7ff2f0fbd 5814
Feb 19 15:07:43 ubuntu-1cpu-2gb-us-sjo1 influxd-systemd-start.sh[873]: [httpd] 127.0.0.1 - mariaga [19/Feb/2022:15:07:43 +0000] "POST /write?db=telegraf_iot_environment HTTP/1.1 " 204 0 "-" "Telegraf/1.20.0 Go/1.17" b0759d63-9195-11ec-95d7-d2f7ff2f0fbd 6715
Feb 19 15:07:52 ubuntu-1cpu-2gb-us-sjo1 sshd[852196]: Invalid user nagios from 43.154.181.106 port 39812
Feb 19 15:07:52 ubuntu-1cpu-2gb-us-sjo1 sshd[852196]: [0;1;39m[0;1;31m[0;1;39mpam_unix(sshd:auth): check pass; user unknown[0m
Feb 19 15:07:52 ubuntu-1cpu-2gb-us-sjo1 sshd[852196]: [0;1;39m[0;1;31m[0;1;39mpam_unix(sshd:auth): authentication failure; logname= uid=0 euid=0 tty=ssh ruser= rhost=43.154.181.106[0m
Feb 19 15:07:53 ubuntu-1cpu-2gb-us-sjo1 influxd-systemd-start.sh[873]: [httpd] 127.0.0.1 - mariaga [19/Feb/2022:15:07:53 +0000] "POST /write?db=telegraf_iot_environment HTTP/1.1 " 204 0 "-" "Telegraf/1.20.0 Go/1.17" b66b9cc9-9195-11ec-95d8-d2f7ff2f0fbd 4322
Feb 19 15:07:54 ubuntu-1cpu-2gb-us-sjo1 sshd[852196]: Failed password for invalid user nagios from 43.154.181.106 port 39812 ssh2
Feb 19 15:07:54 ubuntu-1cpu-2gb-us-sjo1 kernel: [0;1;38;5;185m[0;1;39m[0;1;38;5;185m[UFW BLOCK] IN=eth0 OUT= MAC=d2:f7:ff:2f:0f:bd:9a:7e:ab:20:21:8b:08:00 SRC=92.63.196.61 DST=209.151.146.11 LEN=40 TOS=0x08 PREC=0x20 TTL=236 ID=63549 PROTO=TCP SPT=41147 DPT=3253 WINDOW=1024 RES=0x00 SYN URGP=0 [0m
Feb 19 15:07:54 ubuntu-1cpu-2gb-us-sjo1 sshd[852196]: Received disconnect from 43.154.181.106 port 39812:11: Bye Bye [preauth]
Feb 19 15:07:54 ubuntu-1cpu-2gb-us-sjo1 sshd[852196]: Disconnected from invalid user nagios 43.154.181.106 port 39812 [preauth]
Feb 19 15:08:03 ubuntu-1cpu-2gb-us-sjo1 influxd-systemd-start.sh[873]: [httpd] 127.0.0.1 - mariaga [19/Feb/2022:15:08:03 +0000] "POST /write?db=telegraf_iot_environment HTTP/1.1 " 204 0 "-" "Telegraf/1.20.0 Go/1.17" bc61861d-9195-11ec-95d9-d2f7ff2f0fbd 5599
Feb 19 15:08:07 ubuntu-1cpu-2gb-us-sjo1 kernel: [0;1;38;5;185m[0;1;39m[0;1;38;5;185m[UFW BLOCK] IN=eth0 OUT= MAC=d2:f7:ff:2f:0f:bd:9a:7e:ab:20:21:8b:08:00 SRC=89.248.163.153 DST=209.151.146.11 LEN=40 TOS=0x00 PREC=0x00 TTL=242 ID=16497 PROTO=TCP SPT=43769 DPT=40001 WINDOW=1024 RES=0x00 SYN URGP=0 [0m
Feb 19 15:08:13 ubuntu-1cpu-2gb-us-sjo1 influxd-systemd-start.sh[873]: [httpd] 127.0.0.1 - mariaga [19/Feb/2022:15:08:13 +0000] "POST /write?db=telegraf_iot_environment HTTP/1.1 " 204 0 "-" "Telegraf/1.20.0 Go/1.17" c2578bea-9195-11ec-95da-d2f7ff2f0fbd 5597
Feb 19 15:08:22 ubuntu-1cpu-2gb-us-sjo1 kernel: [0;1;38;5;185m[0;1;39m[0;1;38;5;185m[UFW BLOCK] IN=eth0 OUT= MAC=d2:f7:ff:2f:0f:bd:9a:7e:ab:20:21:8b:08:00 SRC=91.240.242.18 DST=209.151.146.11 LEN=40 TOS=0x00 PREC=0x00 TTL=55 ID=42787 PROTO=TCP SPT=51755 DPT=3402 WINDOW=1024 RES=0x00 SYN URGP=0 [0m
Feb 19 15:08:23 ubuntu-1cpu-2gb-us-sjo1 influxd-systemd-start.sh[873]: [httpd] 127.0.0.1 - mariaga [19/Feb/2022:15:08:23 +0000] "POST /write?db=telegraf_iot_environment HTTP/1.1 " 204 0 "-" "Telegraf/1.20.0 Go/1.17" c84d7854-9195-11ec-95db-d2f7ff2f0fbd 4144
Feb 19 15:08:33 ubuntu-1cpu-2gb-us-sjo1 influxd-systemd-start.sh[873]: [httpd] 127.0.0.1 - mariaga [19/Feb/2022:15:08:33 +0000] "POST /write?db=telegraf_iot_environment HTTP/1.1 " 204 0 "-" "Telegraf/1.20.0 Go/1.17" ce4380e3-9195-11ec-95dc-d2f7ff2f0fbd 4697
Feb 19 15:08:39 ubuntu-1cpu-2gb-us-sjo1 sshd[852201]: Invalid user marconi from 125.138.246.128 port 38626
Feb 19 15:08:39 ubuntu-1cpu-2gb-us-sjo1 sshd[852201]: [0;1;39m[0;1;31m[0;1;39mpam_unix(sshd:auth): check pass; user unknown[0m
Feb 19 15:08:39 ubuntu-1cpu-2gb-us-sjo1 sshd[852201]: [0;1;39m[0;1;31m[0;1;39mpam_unix(sshd:auth): authentication failure; logname= uid=0 euid=0 tty=ssh ruser= rhost=125.138.246.128[0m
Feb 19 15:08:42 ubuntu-1cpu-2gb-us-sjo1 sshd[852201]: Failed password for invalid user marconi from 125.138.246.128 port 38626 ssh2
Feb 19 15:08:43 ubuntu-1cpu-2gb-us-sjo1 sshd[852201]: Received disconnect from 125.138.246.128 port 38626:11: Bye Bye [preauth]
Feb 19 15:08:43 ubuntu-1cpu-2gb-us-sjo1 sshd[852201]: Disconnected from invalid user marconi 125.138.246.128 port 38626 [preauth]
Feb 19 15:08:43 ubuntu-1cpu-2gb-us-sjo1 influxd-systemd-start.sh[873]: [httpd] 127.0.0.1 - mariaga [19/Feb/2022:15:08:43 +0000] "POST /write?db=telegraf_iot_environment HTTP/1.1 " 204 0 "-" "Telegraf/1.20.0 Go/1.17" d439652c-9195-11ec-95dd-d2f7ff2f0fbd 8852
Feb 19 15:08:44 ubuntu-1cpu-2gb-us-sjo1 kernel: [0;1;38;5;185m[0;1;39m[0;1;38;5;185m[UFW BLOCK] IN=eth0 OUT= MAC=d2:f7:ff:2f:0f:bd:9a:7e:ab:20:21:8b:08:00 SRC=185.128.41.50 DST=209.151.146.11 LEN=40 TOS=0x00 PREC=0x00 TTL=240 ID=62833 PROTO=TCP SPT=42715 DPT=7001 WINDOW=1024 RES=0x00 SYN URGP=0 [0m
Feb 19 15:08:53 ubuntu-1cpu-2gb-us-sjo1 influxd-systemd-start.sh[873]: [httpd] 127.0.0.1 - mariaga [19/Feb/2022:15:08:53 +0000] "POST /write?db=telegraf_iot_environment HTTP/1.1 " 204 0 "-" "Telegraf/1.20.0 Go/1.17" da2f4d5d-9195-11ec-95de-d2f7ff2f0fbd 4623
Feb 19 15:09:00 ubuntu-1cpu-2gb-us-sjo1 kernel: [0;1;38;5;185m[0;1;39m[0;1;38;5;185m[UFW BLOCK] IN=eth0 OUT= MAC=d2:f7:ff:2f:0f:bd:9a:7e:ab:20:21:8b:08:00 SRC=89.248.168.197 DST=209.151.146.11 LEN=40 TOS=0x00 PREC=0x00 TTL=242 ID=23806 PROTO=TCP SPT=55173 DPT=18134 WINDOW=1024 RES=0x00 SYN URGP=0 [0m
Feb 19 15:09:01 ubuntu-1cpu-2gb-us-sjo1 CRON[852204]: pam_unix(cron:session): session opened for user root by (uid=0)
Feb 19 15:09:01 ubuntu-1cpu-2gb-us-sjo1 CRON[852205]: (root) CMD (  [ -x /usr/lib/php/sessionclean ] && if [ ! -d /run/systemd/system ]; then /usr/lib/php/sessionclean; fi)
Feb 19 15:09:01 ubuntu-1cpu-2gb-us-sjo1 CRON[852204]: pam_unix(cron:session): session closed for user root
Feb 19 15:09:03 ubuntu-1cpu-2gb-us-sjo1 influxd-systemd-start.sh[873]: [httpd] 127.0.0.1 - mariaga [19/Feb/2022:15:09:03 +0000] "POST /write?db=telegraf_iot_environment HTTP/1.1 " 204 0 "-" "Telegraf/1.20.0 Go/1.17" e02536da-9195-11ec-95df-d2f7ff2f0fbd 5375
Feb 19 15:09:08 ubuntu-1cpu-2gb-us-sjo1 sshd[852207]: Invalid user test from 43.154.181.106 port 57672
Feb 19 15:09:08 ubuntu-1cpu-2gb-us-sjo1 systemd[1]: Starting Clean php session files...
-- Subject: A start job for unit phpsessionclean.service has begun execution
-- Defined-By: systemd
-- Support: http://www.ubuntu.com/support
-- 
-- A start job for unit phpsessionclean.service has begun execution.
-- 
-- The job identifier is 6792.
Feb 19 15:09:08 ubuntu-1cpu-2gb-us-sjo1 sshd[852207]: [0;1;39m[0;1;31m[0;1;39mpam_unix(sshd:auth): check pass; user unknown[0m
Feb 19 15:09:08 ubuntu-1cpu-2gb-us-sjo1 sshd[852207]: [0;1;39m[0;1;31m[0;1;39mpam_unix(sshd:auth): authentication failure; logname= uid=0 euid=0 tty=ssh ruser= rhost=43.154.181.106[0m
Feb 19 15:09:08 ubuntu-1cpu-2gb-us-sjo1 systemd[1]: phpsessionclean.service: Succeeded.
-- Subject: Unit succeeded
-- Defined-By: systemd
-- Support: http://www.ubuntu.com/support
-- 
-- The unit phpsessionclean.service has successfully entered the 'dead' state.
Feb 19 15:09:08 ubuntu-1cpu-2gb-us-sjo1 systemd[1]: Finished Clean php session files.
-- Subject: A start job for unit phpsessionclean.service has finished successfully
-- Defined-By: systemd
-- Support: http://www.ubuntu.com/support
-- 
-- A start job for unit phpsessionclean.service has finished successfully.
-- 
-- The job identifier is 6792.
Feb 19 15:09:10 ubuntu-1cpu-2gb-us-sjo1 sshd[852207]: Failed password for invalid user test from 43.154.181.106 port 57672 ssh2
Feb 19 15:09:10 ubuntu-1cpu-2gb-us-sjo1 sshd[852207]: Received disconnect from 43.154.181.106 port 57672:11: Bye Bye [preauth]
Feb 19 15:09:10 ubuntu-1cpu-2gb-us-sjo1 sshd[852207]: Disconnected from invalid user test 43.154.181.106 port 57672 [preauth]
Feb 19 15:09:13 ubuntu-1cpu-2gb-us-sjo1 influxd-systemd-start.sh[873]: [httpd] 127.0.0.1 - mariaga [19/Feb/2022:15:09:13 +0000] "POST /write?db=telegraf_iot_environment HTTP/1.1 " 204 0 "-" "Telegraf/1.20.0 Go/1.17" e61b1992-9195-11ec-95e0-d2f7ff2f0fbd 5439
Feb 19 15:09:23 ubuntu-1cpu-2gb-us-sjo1 influxd-systemd-start.sh[873]: [httpd] 127.0.0.1 - mariaga [19/Feb/2022:15:09:23 +0000] "POST /write?db=telegraf_iot_environment HTTP/1.1 " 204 0 "-" "Telegraf/1.20.0 Go/1.17" ec10fdfc-9195-11ec-95e1-d2f7ff2f0fbd 4547
Feb 19 15:09:33 ubuntu-1cpu-2gb-us-sjo1 influxd-systemd-start.sh[873]: [httpd] 127.0.0.1 - mariaga [19/Feb/2022:15:09:33 +0000] "POST /write?db=telegraf_iot_environment HTTP/1.1 " 204 0 "-" "Telegraf/1.20.0 Go/1.17" f206f9d0-9195-11ec-95e2-d2f7ff2f0fbd 4687
Feb 19 15:09:34 ubuntu-1cpu-2gb-us-sjo1 kernel: [0;1;38;5;185m[0;1;39m[0;1;38;5;185m[UFW BLOCK] IN=eth0 OUT= MAC=d2:f7:ff:2f:0f:bd:9a:7e:ab:20:21:8b:08:00 SRC=89.248.163.160 DST=209.151.146.11 LEN=40 TOS=0x00 PREC=0x00 TTL=242 ID=33403 PROTO=TCP SPT=43746 DPT=21071 WINDOW=1024 RES=0x00 SYN URGP=0 [0m
Feb 19 15:09:39 ubuntu-1cpu-2gb-us-sjo1 kernel: [0;1;38;5;185m[0;1;39m[0;1;38;5;185m[UFW BLOCK] IN=eth0 OUT= MAC=d2:f7:ff:2f:0f:bd:9a:7e:ab:20:21:8b:08:00 SRC=192.241.206.214 DST=209.151.146.11 LEN=40 TOS=0x00 PREC=0x00 TTL=245 ID=54321 PROTO=TCP SPT=45216 DPT=5984 WINDOW=65535 RES=0x00 SYN URGP=0 [0m
Feb 19 15:09:43 ubuntu-1cpu-2gb-us-sjo1 influxd-systemd-start.sh[873]: [httpd] 127.0.0.1 - mariaga [19/Feb/2022:15:09:43 +0000] "POST /write?db=telegraf_iot_environment HTTP/1.1 " 204 0 "-" "Telegraf/1.20.0 Go/1.17" f7fcd0d8-9195-11ec-95e3-d2f7ff2f0fbd 5102
Feb 19 15:09:53 ubuntu-1cpu-2gb-us-sjo1 influxd-systemd-start.sh[873]: [httpd] 127.0.0.1 - mariaga [19/Feb/2022:15:09:53 +0000] "POST /write?db=telegraf_iot_environment HTTP/1.1 " 204 0 "-" "Telegraf/1.20.0 Go/1.17" fdf2cb25-9195-11ec-95e4-d2f7ff2f0fbd 5676
Feb 19 15:09:54 ubuntu-1cpu-2gb-us-sjo1 kernel: [0;1;38;5;185m[0;1;39m[0;1;38;5;185m[UFW BLOCK] IN=eth0 OUT= MAC=d2:f7:ff:2f:0f:bd:9a:7e:ab:20:21:8b:08:00 SRC=45.155.205.45 DST=209.151.146.11 LEN=40 TOS=0x00 PREC=0x20 TTL=242 ID=21453 PROTO=TCP SPT=57215 DPT=7587 WINDOW=1024 RES=0x00 SYN URGP=0 [0m
Feb 19 15:09:58 ubuntu-1cpu-2gb-us-sjo1 sshd[852433]: Invalid user anne from 125.138.246.128 port 57522
Feb 19 15:09:58 ubuntu-1cpu-2gb-us-sjo1 sshd[852433]: [0;1;39m[0;1;31m[0;1;39mpam_unix(sshd:auth): check pass; user unknown[0m
Feb 19 15:09:58 ubuntu-1cpu-2gb-us-sjo1 sshd[852433]: [0;1;39m[0;1;31m[0;1;39mpam_unix(sshd:auth): authentication failure; logname= uid=0 euid=0 tty=ssh ruser= rhost=125.138.246.128[0m
Feb 19 15:09:59 ubuntu-1cpu-2gb-us-sjo1 sshd[852433]: Failed password for invalid user anne from 125.138.246.128 port 57522 ssh2
Feb 19 15:10:00 ubuntu-1cpu-2gb-us-sjo1 sshd[852433]: Received disconnect from 125.138.246.128 port 57522:11: Bye Bye [preauth]
Feb 19 15:10:00 ubuntu-1cpu-2gb-us-sjo1 sshd[852433]: Disconnected from invalid user anne 125.138.246.128 port 57522 [preauth]
Feb 19 15:10:03 ubuntu-1cpu-2gb-us-sjo1 influxd-systemd-start.sh[873]: [httpd] 127.0.0.1 - mariaga [19/Feb/2022:15:10:03 +0000] "POST /write?db=telegraf_iot_environment HTTP/1.1 " 204 0 "-" "Telegraf/1.20.0 Go/1.17" 03e8a91c-9196-11ec-95e5-d2f7ff2f0fbd 4008
Feb 19 15:10:13 ubuntu-1cpu-2gb-us-sjo1 influxd-systemd-start.sh[873]: [httpd] 127.0.0.1 - mariaga [19/Feb/2022:15:10:13 +0000] "POST /write?db=telegraf_iot_environment HTTP/1.1 " 204 0 "-" "Telegraf/1.20.0 Go/1.17" 09dea22f-9196-11ec-95e6-d2f7ff2f0fbd 5575
Feb 19 15:10:18 ubuntu-1cpu-2gb-us-sjo1 sudo[852447]: [0;1;39m[0;1;31m[0;1;39m    root : TTY=pts/1 ; PWD=/var/www/html/SmarthFoodBackend ; USER=root ; COMMAND=/usr/sbin/service nginx status[0m
Feb 19 15:10:18 ubuntu-1cpu-2gb-us-sjo1 sudo[852447]: pam_unix(sudo:session): session opened for user root by (uid=0)
Feb 19 15:10:22 ubuntu-1cpu-2gb-us-sjo1 sudo[852447]: pam_unix(sudo:session): session closed for user root
Feb 19 15:10:23 ubuntu-1cpu-2gb-us-sjo1 influxd-systemd-start.sh[873]: [httpd] 127.0.0.1 - mariaga [19/Feb/2022:15:10:23 +0000] "POST /write?db=telegraf_iot_environment HTTP/1.1 " 204 0 "-" "Telegraf/1.20.0 Go/1.17" 0fd49672-9196-11ec-95e7-d2f7ff2f0fbd 4019
Feb 19 15:10:24 ubuntu-1cpu-2gb-us-sjo1 sshd[852486]: Invalid user hu from 43.154.181.106 port 47302
Feb 19 15:10:24 ubuntu-1cpu-2gb-us-sjo1 sshd[852486]: [0;1;39m[0;1;31m[0;1;39mpam_unix(sshd:auth): check pass; user unknown[0m
Feb 19 15:10:24 ubuntu-1cpu-2gb-us-sjo1 sshd[852486]: [0;1;39m[0;1;31m[0;1;39mpam_unix(sshd:auth): authentication failure; logname= uid=0 euid=0 tty=ssh ruser= rhost=43.154.181.106[0m
Feb 19 15:10:26 ubuntu-1cpu-2gb-us-sjo1 kernel: [0;1;38;5;185m[0;1;39m[0;1;38;5;185m[UFW BLOCK] IN=eth0 OUT= MAC=d2:f7:ff:2f:0f:bd:9a:7e:ab:20:21:8b:08:00 SRC=45.155.205.45 DST=209.151.146.11 LEN=40 TOS=0x00 PREC=0x00 TTL=242 ID=58734 PROTO=TCP SPT=57215 DPT=7631 WINDOW=1024 RES=0x00 SYN URGP=0 [0m
Feb 19 15:10:26 ubuntu-1cpu-2gb-us-sjo1 sshd[852486]: Failed password for invalid user hu from 43.154.181.106 port 47302 ssh2
Feb 19 15:10:27 ubuntu-1cpu-2gb-us-sjo1 sshd[852486]: Received disconnect from 43.154.181.106 port 47302:11: Bye Bye [preauth]
Feb 19 15:10:27 ubuntu-1cpu-2gb-us-sjo1 sshd[852486]: Disconnected from invalid user hu 43.154.181.106 port 47302 [preauth]
Feb 19 15:10:28 ubuntu-1cpu-2gb-us-sjo1 sudo[852507]: [0;1;39m[0;1;31m[0;1;39m    root : TTY=pts/1 ; PWD=/var/www/html/SmarthFoodBackend ; USER=root ; COMMAND=/usr/sbin/service nginx restart[0m
Feb 19 15:10:28 ubuntu-1cpu-2gb-us-sjo1 sudo[852507]: pam_unix(sudo:session): session opened for user root by (uid=0)
Feb 19 15:10:28 ubuntu-1cpu-2gb-us-sjo1 systemd[1]: Starting A high performance web server and a reverse proxy server...
-- Subject: A start job for unit nginx.service has begun execution
-- Defined-By: systemd
-- Support: http://www.ubuntu.com/support
-- 
-- A start job for unit nginx.service has begun execution.
-- 
-- The job identifier is 6862.
Feb 19 15:10:28 ubuntu-1cpu-2gb-us-sjo1 nginx[852513]: nginx: [alert] could not open error log file: open() "/var/log/nginx/error.log" failed (2: No such file or directory)
Feb 19 15:10:28 ubuntu-1cpu-2gb-us-sjo1 nginx[852513]: 2022/02/19 15:10:28 [emerg] 852513#852513: open() "/var/log/nginx/access.log" failed (2: No such file or directory)
Feb 19 15:10:28 ubuntu-1cpu-2gb-us-sjo1 nginx[852513]: nginx: configuration file /etc/nginx/nginx.conf test failed
Feb 19 15:10:28 ubuntu-1cpu-2gb-us-sjo1 systemd[1]: [0;1;39m[0;1;31m[0;1;39mnginx.service: Control process exited, code=exited, status=1/FAILURE[0m
-- Subject: Unit process exited
-- Defined-By: systemd
-- Support: http://www.ubuntu.com/support
-- 
-- An ExecStartPre= process belonging to unit nginx.service has exited.
-- 
-- The process' exit code is 'exited' and its exit status is 1.
Feb 19 15:10:28 ubuntu-1cpu-2gb-us-sjo1 systemd[1]: [0;1;38;5;185m[0;1;39m[0;1;38;5;185mnginx.service: Failed with result 'exit-code'.[0m
-- Subject: Unit failed
-- Defined-By: systemd
-- Support: http://www.ubuntu.com/support
-- 
-- The unit nginx.service has entered the 'failed' state with result 'exit-code'.
Feb 19 15:10:28 ubuntu-1cpu-2gb-us-sjo1 systemd[1]: [0;1;31m[0;1;39m[0;1;31mFailed to start A high performance web server and a reverse proxy server.[0m
-- Subject: A start job for unit nginx.service has failed
-- Defined-By: systemd
-- Support: http://www.ubuntu.com/support
-- 
-- A start job for unit nginx.service has finished with a failure.
-- 
-- The job identifier is 6862 and the job result is failed.
Feb 19 15:10:28 ubuntu-1cpu-2gb-us-sjo1 sudo[852507]: pam_unix(sudo:session): session closed for user root
Feb 19 15:10:33 ubuntu-1cpu-2gb-us-sjo1 influxd-systemd-start.sh[873]: [httpd] 127.0.0.1 - mariaga [19/Feb/2022:15:10:33 +0000] "POST /write?db=telegraf_iot_environment HTTP/1.1 " 204 0 "-" "Telegraf/1.20.0 Go/1.17" 15ca7137-9196-11ec-95e8-d2f7ff2f0fbd 5361
Feb 19 15:10:43 ubuntu-1cpu-2gb-us-sjo1 influxd-systemd-start.sh[873]: [httpd] 127.0.0.1 - mariaga [19/Feb/2022:15:10:43 +0000] "POST /write?db=telegraf_iot_environment HTTP/1.1 " 204 0 "-" "Telegraf/1.20.0 Go/1.17" 1bc06422-9196-11ec-95e9-d2f7ff2f0fbd 4788
Feb 19 15:10:53 ubuntu-1cpu-2gb-us-sjo1 influxd-systemd-start.sh[873]: [httpd] 127.0.0.1 - mariaga [19/Feb/2022:15:10:53 +0000] "POST /write?db=telegraf_iot_environment HTTP/1.1 " 204 0 "-" "Telegraf/1.20.0 Go/1.17" 21b63d58-9196-11ec-95ea-d2f7ff2f0fbd 3951
Feb 19 15:11:00 ubuntu-1cpu-2gb-us-sjo1 kernel: [0;1;38;5;185m[0;1;39m[0;1;38;5;185m[UFW BLOCK] IN=eth0 OUT= MAC=d2:f7:ff:2f:0f:bd:9a:7e:ab:20:21:8b:08:00 SRC=79.124.62.86 DST=209.151.146.11 LEN=40 TOS=0x00 PREC=0x00 TTL=237 ID=63650 PROTO=TCP SPT=40971 DPT=62775 WINDOW=1024 RES=0x00 SYN URGP=0 [0m
Feb 19 15:11:03 ubuntu-1cpu-2gb-us-sjo1 influxd-systemd-start.sh[873]: [httpd] 127.0.0.1 - mariaga [19/Feb/2022:15:11:03 +0000] "POST /write?db=telegraf_iot_environment HTTP/1.1 " 204 0 "-" "Telegraf/1.20.0 Go/1.17" 27ac208c-9196-11ec-95eb-d2f7ff2f0fbd 4314
Feb 19 15:11:13 ubuntu-1cpu-2gb-us-sjo1 influxd-systemd-start.sh[873]: [httpd] 127.0.0.1 - mariaga [19/Feb/2022:15:11:13 +0000] "POST /write?db=telegraf_iot_environment HTTP/1.1 " 204 0 "-" "Telegraf/1.20.0 Go/1.17" 2da2350e-9196-11ec-95ec-d2f7ff2f0fbd 5922
Feb 19 15:11:16 ubuntu-1cpu-2gb-us-sjo1 sshd[852564]: [0;1;39m[0;1;31m[0;1;39mpam_unix(sshd:auth): authentication failure; logname= uid=0 euid=0 tty=ssh ruser= rhost=125.138.246.128  user=root[0m
Feb 19 15:11:18 ubuntu-1cpu-2gb-us-sjo1 sshd[852564]: Failed password for root from 125.138.246.128 port 48188 ssh2
Feb 19 15:11:19 ubuntu-1cpu-2gb-us-sjo1 sshd[852564]: Received disconnect from 125.138.246.128 port 48188:11: Bye Bye [preauth]
Feb 19 15:11:19 ubuntu-1cpu-2gb-us-sjo1 sshd[852564]: Disconnected from authenticating user root 125.138.246.128 port 48188 [preauth]
Feb 19 15:11:22 ubuntu-1cpu-2gb-us-sjo1 sshd[852566]: [0;1;39m[0;1;31m[0;1;39mpam_unix(sshd:auth): authentication failure; logname= uid=0 euid=0 tty=ssh ruser= rhost=112.85.42.87  user=root[0m
Feb 19 15:11:23 ubuntu-1cpu-2gb-us-sjo1 influxd-systemd-start.sh[873]: [httpd] 127.0.0.1 - mariaga [19/Feb/2022:15:11:23 +0000] "POST /write?db=telegraf_iot_environment HTTP/1.1 " 204 0 "-" "Telegraf/1.20.0 Go/1.17" 33981088-9196-11ec-95ed-d2f7ff2f0fbd 5603
Feb 19 15:11:25 ubuntu-1cpu-2gb-us-sjo1 sshd[852566]: Failed password for root from 112.85.42.87 port 49194 ssh2
Feb 19 15:11:27 ubuntu-1cpu-2gb-us-sjo1 kernel: [0;1;38;5;185m[0;1;39m[0;1;38;5;185m[UFW BLOCK] IN=eth0 OUT= MAC=d2:f7:ff:2f:0f:bd:9a:7e:ab:20:21:8b:08:00 SRC=193.163.125.43 DST=209.151.146.11 LEN=44 TOS=0x00 PREC=0x00 TTL=243 ID=19987 PROTO=TCP SPT=47157 DPT=32782 WINDOW=14600 RES=0x00 SYN URGP=0 [0m
Feb 19 15:11:28 ubuntu-1cpu-2gb-us-sjo1 sshd[852566]: Failed password for root from 112.85.42.87 port 49194 ssh2
Feb 19 15:11:29 ubuntu-1cpu-2gb-us-sjo1 sshd[852570]: [0;1;39m[0;1;31m[0;1;39mpam_unix(sshd:auth): authentication failure; logname= uid=0 euid=0 tty=ssh ruser= rhost=218.92.0.221  user=root[0m
Feb 19 15:11:30 ubuntu-1cpu-2gb-us-sjo1 kernel: [0;1;38;5;185m[0;1;39m[0;1;38;5;185m[UFW BLOCK] IN=eth0 OUT= MAC=d2:f7:ff:2f:0f:bd:9a:7e:ab:20:21:8b:08:00 SRC=167.248.133.170 DST=209.151.146.11 LEN=44 TOS=0x00 PREC=0x00 TTL=38 ID=4986 PROTO=TCP SPT=64812 DPT=49690 WINDOW=1024 RES=0x00 SYN URGP=0 [0m
Feb 19 15:11:30 ubuntu-1cpu-2gb-us-sjo1 sshd[852570]: Failed password for root from 218.92.0.221 port 32673 ssh2
Feb 19 15:11:31 ubuntu-1cpu-2gb-us-sjo1 sshd[852566]: Failed password for root from 112.85.42.87 port 49194 ssh2
Feb 19 15:11:31 ubuntu-1cpu-2gb-us-sjo1 sshd[852566]: Received disconnect from 112.85.42.87 port 49194:11:  [preauth]
Feb 19 15:11:31 ubuntu-1cpu-2gb-us-sjo1 sshd[852566]: Disconnected from authenticating user root 112.85.42.87 port 49194 [preauth]
Feb 19 15:11:31 ubuntu-1cpu-2gb-us-sjo1 sshd[852566]: [0;1;39m[0;1;31m[0;1;39mPAM 2 more authentication failures; logname= uid=0 euid=0 tty=ssh ruser= rhost=112.85.42.87  user=root[0m
Feb 19 15:11:33 ubuntu-1cpu-2gb-us-sjo1 sshd[852574]: [0;1;39m[0;1;31m[0;1;39mpam_unix(sshd:auth): authentication failure; logname= uid=0 euid=0 tty=ssh ruser= rhost=112.85.42.87  user=root[0m
Feb 19 15:11:33 ubuntu-1cpu-2gb-us-sjo1 sshd[852570]: Failed password for root from 218.92.0.221 port 32673 ssh2
Feb 19 15:11:33 ubuntu-1cpu-2gb-us-sjo1 influxd-systemd-start.sh[873]: [httpd] 127.0.0.1 - mariaga [19/Feb/2022:15:11:33 +0000] "POST /write?db=telegraf_iot_environment HTTP/1.1 " 204 0 "-" "Telegraf/1.20.0 Go/1.17" 398dfdb3-9196-11ec-95ee-d2f7ff2f0fbd 6051
Feb 19 15:11:35 ubuntu-1cpu-2gb-us-sjo1 sshd[852574]: Failed password for root from 112.85.42.87 port 10652 ssh2
Feb 19 15:11:36 ubuntu-1cpu-2gb-us-sjo1 sshd[852570]: Failed password for root from 218.92.0.221 port 32673 ssh2
Feb 19 15:11:38 ubuntu-1cpu-2gb-us-sjo1 sshd[852570]: Received disconnect from 218.92.0.221 port 32673:11:  [preauth]
Feb 19 15:11:38 ubuntu-1cpu-2gb-us-sjo1 sshd[852570]: Disconnected from authenticating user root 218.92.0.221 port 32673 [preauth]
Feb 19 15:11:38 ubuntu-1cpu-2gb-us-sjo1 sshd[852570]: [0;1;39m[0;1;31m[0;1;39mPAM 2 more authentication failures; logname= uid=0 euid=0 tty=ssh ruser= rhost=218.92.0.221  user=root[0m
Feb 19 15:11:38 ubuntu-1cpu-2gb-us-sjo1 sshd[852574]: Failed password for root from 112.85.42.87 port 10652 ssh2
Feb 19 15:11:41 ubuntu-1cpu-2gb-us-sjo1 sshd[852612]: [0;1;39m[0;1;31m[0;1;39mpam_unix(sshd:auth): authentication failure; logname= uid=0 euid=0 tty=ssh ruser= rhost=218.92.0.221  user=root[0m
Feb 19 15:11:42 ubuntu-1cpu-2gb-us-sjo1 sshd[852574]: Failed password for root from 112.85.42.87 port 10652 ssh2
Feb 19 15:11:42 ubuntu-1cpu-2gb-us-sjo1 sshd[852612]: Failed password for root from 218.92.0.221 port 41402 ssh2
Feb 19 15:11:43 ubuntu-1cpu-2gb-us-sjo1 kernel: [0;1;38;5;185m[0;1;39m[0;1;38;5;185m[UFW BLOCK] IN=eth0 OUT= MAC=d2:f7:ff:2f:0f:bd:9a:7e:ab:20:21:8b:08:00 SRC=89.248.168.197 DST=209.151.146.11 LEN=40 TOS=0x00 PREC=0x00 TTL=242 ID=7076 PROTO=TCP SPT=55173 DPT=18249 WINDOW=1024 RES=0x00 SYN URGP=0 [0m
Feb 19 15:11:43 ubuntu-1cpu-2gb-us-sjo1 sshd[852574]: Received disconnect from 112.85.42.87 port 10652:11:  [preauth]
Feb 19 15:11:43 ubuntu-1cpu-2gb-us-sjo1 sshd[852574]: Disconnected from authenticating user root 112.85.42.87 port 10652 [preauth]
Feb 19 15:11:43 ubuntu-1cpu-2gb-us-sjo1 sshd[852574]: [0;1;39m[0;1;31m[0;1;39mPAM 2 more authentication failures; logname= uid=0 euid=0 tty=ssh ruser= rhost=112.85.42.87  user=root[0m
Feb 19 15:11:43 ubuntu-1cpu-2gb-us-sjo1 sshd[852614]: Invalid user lf from 43.154.181.106 port 36930
Feb 19 15:11:43 ubuntu-1cpu-2gb-us-sjo1 sshd[852614]: [0;1;39m[0;1;31m[0;1;39mpam_unix(sshd:auth): check pass; user unknown[0m
Feb 19 15:11:43 ubuntu-1cpu-2gb-us-sjo1 sshd[852614]: [0;1;39m[0;1;31m[0;1;39mpam_unix(sshd:auth): authentication failure; logname= uid=0 euid=0 tty=ssh ruser= rhost=43.154.181.106[0m
Feb 19 15:11:43 ubuntu-1cpu-2gb-us-sjo1 influxd-systemd-start.sh[873]: [httpd] 127.0.0.1 - mariaga [19/Feb/2022:15:11:43 +0000] "POST /write?db=telegraf_iot_environment HTTP/1.1 " 204 0 "-" "Telegraf/1.20.0 Go/1.17" 3f83de58-9196-11ec-95ef-d2f7ff2f0fbd 5556
Feb 19 15:11:45 ubuntu-1cpu-2gb-us-sjo1 sshd[852612]: Failed password for root from 218.92.0.221 port 41402 ssh2
Feb 19 15:11:45 ubuntu-1cpu-2gb-us-sjo1 sshd[852616]: [0;1;39m[0;1;31m[0;1;39mpam_unix(sshd:auth): authentication failure; logname= uid=0 euid=0 tty=ssh ruser= rhost=112.85.42.87  user=root[0m
Feb 19 15:11:45 ubuntu-1cpu-2gb-us-sjo1 sshd[852618]: Invalid user guest from 92.255.85.237 port 21504
Feb 19 15:11:45 ubuntu-1cpu-2gb-us-sjo1 sshd[852618]: [0;1;39m[0;1;31m[0;1;39mpam_unix(sshd:auth): check pass; user unknown[0m
Feb 19 15:11:45 ubuntu-1cpu-2gb-us-sjo1 sshd[852618]: [0;1;39m[0;1;31m[0;1;39mpam_unix(sshd:auth): authentication failure; logname= uid=0 euid=0 tty=ssh ruser= rhost=92.255.85.237[0m
Feb 19 15:11:45 ubuntu-1cpu-2gb-us-sjo1 sshd[852614]: Failed password for invalid user lf from 43.154.181.106 port 36930 ssh2
Feb 19 15:11:46 ubuntu-1cpu-2gb-us-sjo1 sshd[852614]: Received disconnect from 43.154.181.106 port 36930:11: Bye Bye [preauth]
Feb 19 15:11:46 ubuntu-1cpu-2gb-us-sjo1 sshd[852614]: Disconnected from invalid user lf 43.154.181.106 port 36930 [preauth]
Feb 19 15:11:47 ubuntu-1cpu-2gb-us-sjo1 sshd[852616]: Failed password for root from 112.85.42.87 port 42029 ssh2
Feb 19 15:11:47 ubuntu-1cpu-2gb-us-sjo1 sshd[852618]: Failed password for invalid user guest from 92.255.85.237 port 21504 ssh2
Feb 19 15:11:48 ubuntu-1cpu-2gb-us-sjo1 sshd[852612]: Failed password for root from 218.92.0.221 port 41402 ssh2
Feb 19 15:11:49 ubuntu-1cpu-2gb-us-sjo1 sshd[852618]: Received disconnect from 92.255.85.237 port 21504:11: Bye Bye [preauth]
Feb 19 15:11:49 ubuntu-1cpu-2gb-us-sjo1 sshd[852618]: Disconnected from invalid user guest 92.255.85.237 port 21504 [preauth]
Feb 19 15:11:49 ubuntu-1cpu-2gb-us-sjo1 sshd[852612]: Received disconnect from 218.92.0.221 port 41402:11:  [preauth]
Feb 19 15:11:49 ubuntu-1cpu-2gb-us-sjo1 sshd[852612]: Disconnected from authenticating user root 218.92.0.221 port 41402 [preauth]
Feb 19 15:11:49 ubuntu-1cpu-2gb-us-sjo1 sshd[852612]: [0;1;39m[0;1;31m[0;1;39mPAM 2 more authentication failures; logname= uid=0 euid=0 tty=ssh ruser= rhost=218.92.0.221  user=root[0m
Feb 19 15:11:50 ubuntu-1cpu-2gb-us-sjo1 sshd[852616]: Failed password for root from 112.85.42.87 port 42029 ssh2
Feb 19 15:11:51 ubuntu-1cpu-2gb-us-sjo1 sshd[852620]: [0;1;39m[0;1;31m[0;1;39mpam_unix(sshd:auth): authentication failure; logname= uid=0 euid=0 tty=ssh ruser= rhost=218.92.0.221  user=root[0m
Feb 19 15:11:53 ubuntu-1cpu-2gb-us-sjo1 sshd[852620]: Failed password for root from 218.92.0.221 port 55301 ssh2
Feb 19 15:11:53 ubuntu-1cpu-2gb-us-sjo1 influxd-systemd-start.sh[873]: [httpd] 127.0.0.1 - mariaga [19/Feb/2022:15:11:53 +0000] "POST /write?db=telegraf_iot_environment HTTP/1.1 " 204 0 "-" "Telegraf/1.20.0 Go/1.17" 4579ca66-9196-11ec-95f0-d2f7ff2f0fbd 3680
Feb 19 15:11:54 ubuntu-1cpu-2gb-us-sjo1 sshd[852616]: Failed password for root from 112.85.42.87 port 42029 ssh2
Feb 19 15:11:55 ubuntu-1cpu-2gb-us-sjo1 sshd[852616]: Received disconnect from 112.85.42.87 port 42029:11:  [preauth]
Feb 19 15:11:55 ubuntu-1cpu-2gb-us-sjo1 sshd[852616]: Disconnected from authenticating user root 112.85.42.87 port 42029 [preauth]
Feb 19 15:11:55 ubuntu-1cpu-2gb-us-sjo1 sshd[852616]: [0;1;39m[0;1;31m[0;1;39mPAM 2 more authentication failures; logname= uid=0 euid=0 tty=ssh ruser= rhost=112.85.42.87  user=root[0m
Feb 19 15:11:56 ubuntu-1cpu-2gb-us-sjo1 kernel: [0;1;38;5;185m[0;1;39m[0;1;38;5;185m[UFW BLOCK] IN=eth0 OUT= MAC=d2:f7:ff:2f:0f:bd:9a:7e:ab:20:21:8b:08:00 SRC=92.63.196.61 DST=209.151.146.11 LEN=40 TOS=0x08 PREC=0x20 TTL=236 ID=51586 PROTO=TCP SPT=41147 DPT=3241 WINDOW=1024 RES=0x00 SYN URGP=0 [0m
Feb 19 15:11:56 ubuntu-1cpu-2gb-us-sjo1 sshd[852620]: Failed password for root from 218.92.0.221 port 55301 ssh2
Feb 19 15:11:57 ubuntu-1cpu-2gb-us-sjo1 sshd[852623]: [0;1;39m[0;1;31m[0;1;39mpam_unix(sshd:auth): authentication failure; logname= uid=0 euid=0 tty=ssh ruser= rhost=112.85.42.87  user=root[0m
Feb 19 15:11:59 ubuntu-1cpu-2gb-us-sjo1 sshd[852623]: Failed password for root from 112.85.42.87 port 19889 ssh2
Feb 19 15:12:00 ubuntu-1cpu-2gb-us-sjo1 sshd[852620]: Failed password for root from 218.92.0.221 port 55301 ssh2
Feb 19 15:12:01 ubuntu-1cpu-2gb-us-sjo1 sshd[852620]: Received disconnect from 218.92.0.221 port 55301:11:  [preauth]
Feb 19 15:12:01 ubuntu-1cpu-2gb-us-sjo1 sshd[852620]: Disconnected from authenticating user root 218.92.0.221 port 55301 [preauth]
Feb 19 15:12:01 ubuntu-1cpu-2gb-us-sjo1 sshd[852620]: [0;1;39m[0;1;31m[0;1;39mPAM 2 more authentication failures; logname= uid=0 euid=0 tty=ssh ruser= rhost=218.92.0.221  user=root[0m
Feb 19 15:12:02 ubuntu-1cpu-2gb-us-sjo1 sshd[852623]: Failed password for root from 112.85.42.87 port 19889 ssh2
Feb 19 15:12:03 ubuntu-1cpu-2gb-us-sjo1 influxd-systemd-start.sh[873]: [httpd] 127.0.0.1 - mariaga [19/Feb/2022:15:12:03 +0000] "POST /write?db=telegraf_iot_environment HTTP/1.1 " 204 0 "-" "Telegraf/1.20.0 Go/1.17" 4b6fb175-9196-11ec-95f1-d2f7ff2f0fbd 2890
Feb 19 15:12:04 ubuntu-1cpu-2gb-us-sjo1 sshd[852625]: [0;1;39m[0;1;31m[0;1;39mpam_unix(sshd:auth): authentication failure; logname= uid=0 euid=0 tty=ssh ruser= rhost=218.92.0.221  user=root[0m
Feb 19 15:12:04 ubuntu-1cpu-2gb-us-sjo1 sshd[852623]: Failed password for root from 112.85.42.87 port 19889 ssh2
Feb 19 15:12:06 ubuntu-1cpu-2gb-us-sjo1 sshd[852623]: Received disconnect from 112.85.42.87 port 19889:11:  [preauth]
Feb 19 15:12:06 ubuntu-1cpu-2gb-us-sjo1 sshd[852623]: Disconnected from authenticating user root 112.85.42.87 port 19889 [preauth]
Feb 19 15:12:06 ubuntu-1cpu-2gb-us-sjo1 sshd[852623]: [0;1;39m[0;1;31m[0;1;39mPAM 2 more authentication failures; logname= uid=0 euid=0 tty=ssh ruser= rhost=112.85.42.87  user=root[0m
Feb 19 15:12:06 ubuntu-1cpu-2gb-us-sjo1 sshd[852625]: Failed password for root from 218.92.0.221 port 16745 ssh2
Feb 19 15:12:07 ubuntu-1cpu-2gb-us-sjo1 sshd[852628]: [0;1;39m[0;1;31m[0;1;39mpam_unix(sshd:auth): authentication failure; logname= uid=0 euid=0 tty=ssh ruser= rhost=112.85.42.87  user=root[0m
Feb 19 15:12:09 ubuntu-1cpu-2gb-us-sjo1 sshd[852625]: Failed password for root from 218.92.0.221 port 16745 ssh2
Feb 19 15:12:09 ubuntu-1cpu-2gb-us-sjo1 sshd[852628]: Failed password for root from 112.85.42.87 port 36328 ssh2
Feb 19 15:12:11 ubuntu-1cpu-2gb-us-sjo1 sshd[852625]: Failed password for root from 218.92.0.221 port 16745 ssh2
Feb 19 15:12:12 ubuntu-1cpu-2gb-us-sjo1 sshd[852628]: Failed password for root from 112.85.42.87 port 36328 ssh2
Feb 19 15:12:13 ubuntu-1cpu-2gb-us-sjo1 sshd[852625]: Received disconnect from 218.92.0.221 port 16745:11:  [preauth]
Feb 19 15:12:13 ubuntu-1cpu-2gb-us-sjo1 sshd[852625]: Disconnected from authenticating user root 218.92.0.221 port 16745 [preauth]
Feb 19 15:12:13 ubuntu-1cpu-2gb-us-sjo1 sshd[852625]: [0;1;39m[0;1;31m[0;1;39mPAM 2 more authentication failures; logname= uid=0 euid=0 tty=ssh ruser= rhost=218.92.0.221  user=root[0m
Feb 19 15:12:13 ubuntu-1cpu-2gb-us-sjo1 influxd-systemd-start.sh[873]: [httpd] 127.0.0.1 - mariaga [19/Feb/2022:15:12:13 +0000] "POST /write?db=telegraf_iot_environment HTTP/1.1 " 204 0 "-" "Telegraf/1.20.0 Go/1.17" 5165a7aa-9196-11ec-95f2-d2f7ff2f0fbd 5715
Feb 19 15:12:14 ubuntu-1cpu-2gb-us-sjo1 sshd[852630]: [0;1;39m[0;1;31m[0;1;39mpam_unix(sshd:auth): authentication failure; logname= uid=0 euid=0 tty=ssh ruser= rhost=218.92.0.221  user=root[0m
Feb 19 15:12:15 ubuntu-1cpu-2gb-us-sjo1 sshd[852628]: Failed password for root from 112.85.42.87 port 36328 ssh2
Feb 19 15:12:16 ubuntu-1cpu-2gb-us-sjo1 sshd[852630]: Failed password for root from 218.92.0.221 port 35086 ssh2
Feb 19 15:12:16 ubuntu-1cpu-2gb-us-sjo1 sshd[852628]: Received disconnect from 112.85.42.87 port 36328:11:  [preauth]
Feb 19 15:12:16 ubuntu-1cpu-2gb-us-sjo1 sshd[852628]: Disconnected from authenticating user root 112.85.42.87 port 36328 [preauth]
Feb 19 15:12:16 ubuntu-1cpu-2gb-us-sjo1 sshd[852628]: [0;1;39m[0;1;31m[0;1;39mPAM 2 more authentication failures; logname= uid=0 euid=0 tty=ssh ruser= rhost=112.85.42.87  user=root[0m
Feb 19 15:12:16 ubuntu-1cpu-2gb-us-sjo1 kernel: [0;1;38;5;185m[0;1;39m[0;1;38;5;185m[UFW BLOCK] IN=eth0 OUT= MAC=d2:f7:ff:2f:0f:bd:9a:7e:ab:20:21:8b:08:00 SRC=45.134.26.45 DST=209.151.146.11 LEN=40 TOS=0x00 PREC=0x00 TTL=243 ID=13180 PROTO=TCP SPT=50910 DPT=3397 WINDOW=1024 RES=0x00 SYN URGP=0 [0m
Feb 19 15:12:18 ubuntu-1cpu-2gb-us-sjo1 sshd[852630]: Failed password for root from 218.92.0.221 port 35086 ssh2
Feb 19 15:12:19 ubuntu-1cpu-2gb-us-sjo1 sshd[852632]: [0;1;39m[0;1;31m[0;1;39mpam_unix(sshd:auth): authentication failure; logname= uid=0 euid=0 tty=ssh ruser= rhost=112.85.42.87  user=root[0m
Feb 19 15:12:20 ubuntu-1cpu-2gb-us-sjo1 sshd[852632]: Failed password for root from 112.85.42.87 port 47183 ssh2
Feb 19 15:12:21 ubuntu-1cpu-2gb-us-sjo1 sshd[852630]: Failed password for root from 218.92.0.221 port 35086 ssh2
Feb 19 15:12:22 ubuntu-1cpu-2gb-us-sjo1 sshd[852630]: Received disconnect from 218.92.0.221 port 35086:11:  [preauth]
Feb 19 15:12:22 ubuntu-1cpu-2gb-us-sjo1 sshd[852630]: Disconnected from authenticating user root 218.92.0.221 port 35086 [preauth]
Feb 19 15:12:22 ubuntu-1cpu-2gb-us-sjo1 sshd[852630]: [0;1;39m[0;1;31m[0;1;39mPAM 2 more authentication failures; logname= uid=0 euid=0 tty=ssh ruser= rhost=218.92.0.221  user=root[0m
Feb 19 15:12:23 ubuntu-1cpu-2gb-us-sjo1 influxd-systemd-start.sh[873]: [httpd] 127.0.0.1 - mariaga [19/Feb/2022:15:12:23 +0000] "POST /write?db=telegraf_iot_environment HTTP/1.1 " 204 0 "-" "Telegraf/1.20.0 Go/1.17" 575b8faf-9196-11ec-95f3-d2f7ff2f0fbd 4423
Feb 19 15:12:24 ubuntu-1cpu-2gb-us-sjo1 sshd[852635]: [0;1;39m[0;1;31m[0;1;39mpam_unix(sshd:auth): authentication failure; logname= uid=0 euid=0 tty=ssh ruser= rhost=218.92.0.221  user=root[0m
Feb 19 15:12:24 ubuntu-1cpu-2gb-us-sjo1 sshd[852632]: Failed password for root from 112.85.42.87 port 47183 ssh2
Feb 19 15:12:25 ubuntu-1cpu-2gb-us-sjo1 sshd[852635]: Failed password for root from 218.92.0.221 port 36835 ssh2
Feb 19 15:12:27 ubuntu-1cpu-2gb-us-sjo1 sshd[852632]: Failed password for root from 112.85.42.87 port 47183 ssh2
Feb 19 15:12:28 ubuntu-1cpu-2gb-us-sjo1 sshd[852635]: Failed password for root from 218.92.0.221 port 36835 ssh2
Feb 19 15:12:29 ubuntu-1cpu-2gb-us-sjo1 sshd[852632]: Received disconnect from 112.85.42.87 port 47183:11:  [preauth]
Feb 19 15:12:29 ubuntu-1cpu-2gb-us-sjo1 sshd[852632]: Disconnected from authenticating user root 112.85.42.87 port 47183 [preauth]
Feb 19 15:12:29 ubuntu-1cpu-2gb-us-sjo1 sshd[852632]: [0;1;39m[0;1;31m[0;1;39mPAM 2 more authentication failures; logname= uid=0 euid=0 tty=ssh ruser= rhost=112.85.42.87  user=root[0m
Feb 19 15:12:32 ubuntu-1cpu-2gb-us-sjo1 sshd[852635]: Failed password for root from 218.92.0.221 port 36835 ssh2
Feb 19 15:12:33 ubuntu-1cpu-2gb-us-sjo1 sshd[852635]: Received disconnect from 218.92.0.221 port 36835:11:  [preauth]
Feb 19 15:12:33 ubuntu-1cpu-2gb-us-sjo1 sshd[852635]: Disconnected from authenticating user root 218.92.0.221 port 36835 [preauth]
Feb 19 15:12:33 ubuntu-1cpu-2gb-us-sjo1 sshd[852635]: [0;1;39m[0;1;31m[0;1;39mPAM 2 more authentication failures; logname= uid=0 euid=0 tty=ssh ruser= rhost=218.92.0.221  user=root[0m
Feb 19 15:12:33 ubuntu-1cpu-2gb-us-sjo1 influxd-systemd-start.sh[873]: [httpd] 127.0.0.1 - mariaga [19/Feb/2022:15:12:33 +0000] "POST /write?db=telegraf_iot_environment HTTP/1.1 " 204 0 "-" "Telegraf/1.20.0 Go/1.17" 5d518466-9196-11ec-95f4-d2f7ff2f0fbd 6607
Feb 19 15:12:43 ubuntu-1cpu-2gb-us-sjo1 influxd-systemd-start.sh[873]: [httpd] 127.0.0.1 - mariaga [19/Feb/2022:15:12:43 +0000] "POST /write?db=telegraf_iot_environment HTTP/1.1 " 204 0 "-" "Telegraf/1.20.0 Go/1.17" 634768b9-9196-11ec-95f5-d2f7ff2f0fbd 4513
Feb 19 15:12:46 ubuntu-1cpu-2gb-us-sjo1 sshd[852638]: [0;1;39m[0;1;31m[0;1;39mpam_unix(sshd:auth): authentication failure; logname= uid=0 euid=0 tty=ssh ruser= rhost=125.138.246.128  user=root[0m
Feb 19 15:12:48 ubuntu-1cpu-2gb-us-sjo1 sshd[852638]: Failed password for root from 125.138.246.128 port 38940 ssh2
Feb 19 15:12:49 ubuntu-1cpu-2gb-us-sjo1 sshd[852638]: Received disconnect from 125.138.246.128 port 38940:11: Bye Bye [preauth]
Feb 19 15:12:49 ubuntu-1cpu-2gb-us-sjo1 sshd[852638]: Disconnected from authenticating user root 125.138.246.128 port 38940 [preauth]
Feb 19 15:12:53 ubuntu-1cpu-2gb-us-sjo1 influxd-systemd-start.sh[873]: [httpd] 127.0.0.1 - mariaga [19/Feb/2022:15:12:53 +0000] "POST /write?db=telegraf_iot_environment HTTP/1.1 " 204 0 "-" "Telegraf/1.20.0 Go/1.17" 693d5c58-9196-11ec-95f6-d2f7ff2f0fbd 4870
Feb 19 15:12:56 ubuntu-1cpu-2gb-us-sjo1 kernel: [0;1;38;5;185m[0;1;39m[0;1;38;5;185m[UFW BLOCK] IN=eth0 OUT= MAC=d2:f7:ff:2f:0f:bd:9a:7e:ab:20:21:8b:08:00 SRC=89.248.168.197 DST=209.151.146.11 LEN=40 TOS=0x00 PREC=0x00 TTL=242 ID=42848 PROTO=TCP SPT=55173 DPT=18860 WINDOW=1024 RES=0x00 SYN URGP=0 [0m
Feb 19 15:13:03 ubuntu-1cpu-2gb-us-sjo1 kernel: [0;1;38;5;185m[0;1;39m[0;1;38;5;185m[UFW BLOCK] IN=eth0 OUT= MAC=d2:f7:ff:2f:0f:bd:9a:7e:ab:20:21:8b:08:00 SRC=45.155.205.48 DST=209.151.146.11 LEN=40 TOS=0x00 PREC=0x20 TTL=241 ID=10476 PROTO=TCP SPT=57271 DPT=7817 WINDOW=1024 RES=0x00 SYN URGP=0 [0m
Feb 19 15:13:03 ubuntu-1cpu-2gb-us-sjo1 influxd-systemd-start.sh[873]: [httpd] 127.0.0.1 - mariaga [19/Feb/2022:15:13:03 +0000] "POST /write?db=telegraf_iot_environment HTTP/1.1 " 204 0 "-" "Telegraf/1.20.0 Go/1.17" 6f333343-9196-11ec-95f7-d2f7ff2f0fbd 5895
Feb 19 15:13:13 ubuntu-1cpu-2gb-us-sjo1 influxd-systemd-start.sh[873]: [httpd] 127.0.0.1 - mariaga [19/Feb/2022:15:13:13 +0000] "POST /write?db=telegraf_iot_environment HTTP/1.1 " 204 0 "-" "Telegraf/1.20.0 Go/1.17" 75291853-9196-11ec-95f8-d2f7ff2f0fbd 4175
Feb 19 15:13:23 ubuntu-1cpu-2gb-us-sjo1 influxd-systemd-start.sh[873]: [httpd] 127.0.0.1 - mariaga [19/Feb/2022:15:13:23 +0000] "POST /write?db=telegraf_iot_environment HTTP/1.1 " 204 0 "-" "Telegraf/1.20.0 Go/1.17" 7b1efcba-9196-11ec-95f9-d2f7ff2f0fbd 4600
Feb 19 15:13:33 ubuntu-1cpu-2gb-us-sjo1 influxd-systemd-start.sh[873]: [httpd] 127.0.0.1 - mariaga [19/Feb/2022:15:13:33 +0000] "POST /write?db=telegraf_iot_environment HTTP/1.1 " 204 0 "-" "Telegraf/1.20.0 Go/1.17" 8114e1c0-9196-11ec-95fa-d2f7ff2f0fbd 5989
Feb 19 15:13:35 ubuntu-1cpu-2gb-us-sjo1 kernel: [0;1;38;5;185m[0;1;39m[0;1;38;5;185m[UFW BLOCK] IN=eth0 OUT= MAC=d2:f7:ff:2f:0f:bd:9a:7e:ab:20:21:8b:08:00 SRC=120.48.3.194 DST=209.151.146.11 LEN=40 TOS=0x08 PREC=0x20 TTL=235 ID=29093 PROTO=TCP SPT=43148 DPT=2375 WINDOW=1024 RES=0x00 SYN URGP=0 [0m
Feb 19 15:13:43 ubuntu-1cpu-2gb-us-sjo1 influxd-systemd-start.sh[873]: [httpd] 127.0.0.1 - mariaga [19/Feb/2022:15:13:43 +0000] "POST /write?db=telegraf_iot_environment HTTP/1.1 " 204 0 "-" "Telegraf/1.20.0 Go/1.17" 870aca6f-9196-11ec-95fb-d2f7ff2f0fbd 6267
Feb 19 15:13:51 ubuntu-1cpu-2gb-us-sjo1 kernel: [0;1;38;5;185m[0;1;39m[0;1;38;5;185m[UFW BLOCK] IN=eth0 OUT= MAC=d2:f7:ff:2f:0f:bd:9a:7e:ab:20:21:8b:08:00 SRC=45.134.225.16 DST=209.151.146.11 LEN=40 TOS=0x00 PREC=0x00 TTL=241 ID=54321 PROTO=TCP SPT=35155 DPT=23 WINDOW=65535 RES=0x00 SYN URGP=0 [0m
Feb 19 15:13:53 ubuntu-1cpu-2gb-us-sjo1 influxd-systemd-start.sh[873]: [httpd] 127.0.0.1 - mariaga [19/Feb/2022:15:13:53 +0000] "POST /write?db=telegraf_iot_environment HTTP/1.1 " 204 0 "-" "Telegraf/1.20.0 Go/1.17" 8d00e63f-9196-11ec-95fc-d2f7ff2f0fbd 3714
Feb 19 15:14:03 ubuntu-1cpu-2gb-us-sjo1 kernel: [0;1;38;5;185m[0;1;39m[0;1;38;5;185m[UFW BLOCK] IN=eth0 OUT= MAC=d2:f7:ff:2f:0f:bd:9a:7e:ab:20:21:8b:08:00 SRC=167.248.133.160 DST=209.151.146.11 LEN=44 TOS=0x00 PREC=0x00 TTL=38 ID=42048 PROTO=TCP SPT=27049 DPT=12115 WINDOW=1024 RES=0x00 SYN URGP=0 [0m
Feb 19 15:14:03 ubuntu-1cpu-2gb-us-sjo1 influxd-systemd-start.sh[873]: [httpd] 127.0.0.1 - mariaga [19/Feb/2022:15:14:03 +0000] "POST /write?db=telegraf_iot_environment HTTP/1.1 " 204 0 "-" "Telegraf/1.20.0 Go/1.17" 92f6cbc3-9196-11ec-95fd-d2f7ff2f0fbd 3550
Feb 19 15:14:13 ubuntu-1cpu-2gb-us-sjo1 influxd-systemd-start.sh[873]: [httpd] 127.0.0.1 - mariaga [19/Feb/2022:15:14:13 +0000] "POST /write?db=telegraf_iot_environment HTTP/1.1 " 204 0 "-" "Telegraf/1.20.0 Go/1.17" 98eca176-9196-11ec-95fe-d2f7ff2f0fbd 7086
Feb 19 15:14:17 ubuntu-1cpu-2gb-us-sjo1 sshd[852643]: [0;1;39m[0;1;31m[0;1;39mpam_unix(sshd:auth): authentication failure; logname= uid=0 euid=0 tty=ssh ruser= rhost=125.138.246.128  user=root[0m
Feb 19 15:14:19 ubuntu-1cpu-2gb-us-sjo1 sshd[852643]: Failed password for root from 125.138.246.128 port 57904 ssh2
Feb 19 15:14:20 ubuntu-1cpu-2gb-us-sjo1 sshd[852643]: Received disconnect from 125.138.246.128 port 57904:11: Bye Bye [preauth]
Feb 19 15:14:20 ubuntu-1cpu-2gb-us-sjo1 sshd[852643]: Disconnected from authenticating user root 125.138.246.128 port 57904 [preauth]
Feb 19 15:14:23 ubuntu-1cpu-2gb-us-sjo1 influxd-systemd-start.sh[873]: [httpd] 127.0.0.1 - mariaga [19/Feb/2022:15:14:23 +0000] "POST /write?db=telegraf_iot_environment HTTP/1.1 " 204 0 "-" "Telegraf/1.20.0 Go/1.17" 9ee29b51-9196-11ec-95ff-d2f7ff2f0fbd 4313
Feb 19 15:14:28 ubuntu-1cpu-2gb-us-sjo1 kernel: [0;1;38;5;185m[0;1;39m[0;1;38;5;185m[UFW BLOCK] IN=eth0 OUT= MAC=d2:f7:ff:2f:0f:bd:9a:7e:ab:20:21:8b:08:00 SRC=89.248.165.85 DST=209.151.146.11 LEN=40 TOS=0x00 PREC=0x00 TTL=242 ID=5665 PROTO=TCP SPT=57231 DPT=20046 WINDOW=1024 RES=0x00 SYN URGP=0 [0m
Feb 19 15:14:33 ubuntu-1cpu-2gb-us-sjo1 influxd-systemd-start.sh[873]: [httpd] 127.0.0.1 - mariaga [19/Feb/2022:15:14:33 +0000] "POST /write?db=telegraf_iot_environment HTTP/1.1 " 204 0 "-" "Telegraf/1.20.0 Go/1.17" a4d8812a-9196-11ec-9600-d2f7ff2f0fbd 4275
Feb 19 15:14:40 ubuntu-1cpu-2gb-us-sjo1 kernel: [0;1;38;5;185m[0;1;39m[0;1;38;5;185m[UFW BLOCK] IN=eth0 OUT= MAC=d2:f7:ff:2f:0f:bd:9a:7e:ab:20:21:8b:08:00 SRC=185.180.143.145 DST=209.151.146.11 LEN=40 TOS=0x00 PREC=0x00 TTL=241 ID=26121 PROTO=TCP SPT=37936 DPT=1177 WINDOW=1024 RES=0x00 SYN URGP=0 [0m
Feb 19 15:14:43 ubuntu-1cpu-2gb-us-sjo1 sshd[852669]: [0;1;39m[0;1;31m[0;1;39mpam_unix(sshd:auth): authentication failure; logname= uid=0 euid=0 tty=ssh ruser= rhost=112.85.42.229  user=root[0m
Feb 19 15:14:43 ubuntu-1cpu-2gb-us-sjo1 influxd-systemd-start.sh[873]: [httpd] 127.0.0.1 - - [19/Feb/2022:15:14:43 +0000] "GET /ping HTTP/1.1" 204 0 "-" "InfluxDBShell/1.8.9" aaa89bde-9196-11ec-9601-d2f7ff2f0fbd 69
Feb 19 15:14:43 ubuntu-1cpu-2gb-us-sjo1 influxd-systemd-start.sh[873]: [httpd] 127.0.0.1 - mariaga [19/Feb/2022:15:14:43 +0000] "POST /write?db=telegraf_iot_environment HTTP/1.1 " 204 0 "-" "Telegraf/1.20.0 Go/1.17" aace80b0-9196-11ec-9602-d2f7ff2f0fbd 5772
Feb 19 15:14:44 ubuntu-1cpu-2gb-us-sjo1 sshd[852669]: Failed password for root from 112.85.42.229 port 54835 ssh2
Feb 19 15:14:46 ubuntu-1cpu-2gb-us-sjo1 influxd-systemd-start.sh[873]: [httpd] 127.0.0.1 - - [19/Feb/2022:15:14:46 +0000] "POST /query?chunked=true&db=&epoch=ns&q=sd HTTP/1.1 " 400 147 "-" "InfluxDBShell/1.8.9" ac670ba2-9196-11ec-9603-d2f7ff2f0fbd 1736
Feb 19 15:14:47 ubuntu-1cpu-2gb-us-sjo1 sshd[852669]: Failed password for root from 112.85.42.229 port 54835 ssh2
Feb 19 15:14:50 ubuntu-1cpu-2gb-us-sjo1 sshd[852669]: Failed password for root from 112.85.42.229 port 54835 ssh2
Feb 19 15:14:50 ubuntu-1cpu-2gb-us-sjo1 influxd-systemd-start.sh[873]: [httpd] 127.0.0.1 - - [19/Feb/2022:15:14:50 +0000] "POST /query?chunked=true&db=&epoch=ns&q=.exit HTTP/1.1 " 400 146 "-" "InfluxDBShell/1.8.9" aef86d3a-9196-11ec-9604-d2f7ff2f0fbd 114
Feb 19 15:14:51 ubuntu-1cpu-2gb-us-sjo1 sshd[852669]: Received disconnect from 112.85.42.229 port 54835:11:  [preauth]
Feb 19 15:14:51 ubuntu-1cpu-2gb-us-sjo1 sshd[852669]: Disconnected from authenticating user root 112.85.42.229 port 54835 [preauth]
Feb 19 15:14:51 ubuntu-1cpu-2gb-us-sjo1 sshd[852669]: [0;1;39m[0;1;31m[0;1;39mPAM 2 more authentication failures; logname= uid=0 euid=0 tty=ssh ruser= rhost=112.85.42.229  user=root[0m
Feb 19 15:14:53 ubuntu-1cpu-2gb-us-sjo1 sshd[852728]: [0;1;39m[0;1;31m[0;1;39mpam_unix(sshd:auth): authentication failure; logname= uid=0 euid=0 tty=ssh ruser= rhost=112.85.42.229  user=root[0m
Feb 19 15:14:53 ubuntu-1cpu-2gb-us-sjo1 influxd-systemd-start.sh[873]: [httpd] 127.0.0.1 - mariaga [19/Feb/2022:15:14:53 +0000] "POST /write?db=telegraf_iot_environment HTTP/1.1 " 204 0 "-" "Telegraf/1.20.0 Go/1.17" b0c478f2-9196-11ec-9605-d2f7ff2f0fbd 5027
Feb 19 15:14:55 ubuntu-1cpu-2gb-us-sjo1 sshd[852728]: Failed password for root from 112.85.42.229 port 23857 ssh2
Feb 19 15:14:59 ubuntu-1cpu-2gb-us-sjo1 sshd[852728]: Failed password for root from 112.85.42.229 port 23857 ssh2
Feb 19 15:15:00 ubuntu-1cpu-2gb-us-sjo1 sudo[852744]: [0;1;39m[0;1;31m[0;1;39m    root : TTY=pts/1 ; PWD=/var/www/html/SmarthFoodBackend ; USER=root ; COMMAND=/usr/sbin/service influxd[0m
Feb 19 15:15:00 ubuntu-1cpu-2gb-us-sjo1 sudo[852744]: pam_unix(sudo:session): session opened for user root by (uid=0)
Feb 19 15:15:00 ubuntu-1cpu-2gb-us-sjo1 sudo[852744]: pam_unix(sudo:session): session closed for user root
Feb 19 15:15:01 ubuntu-1cpu-2gb-us-sjo1 CRON[852749]: pam_unix(cron:session): session opened for user root by (uid=0)
Feb 19 15:15:01 ubuntu-1cpu-2gb-us-sjo1 CRON[852750]: (root) CMD (command -v debian-sa1 > /dev/null && debian-sa1 1 1)
Feb 19 15:15:01 ubuntu-1cpu-2gb-us-sjo1 CRON[852749]: pam_unix(cron:session): session closed for user root
Feb 19 15:15:02 ubuntu-1cpu-2gb-us-sjo1 sshd[852728]: Failed password for root from 112.85.42.229 port 23857 ssh2
Feb 19 15:15:02 ubuntu-1cpu-2gb-us-sjo1 sudo[852752]: [0;1;39m[0;1;31m[0;1;39m    root : TTY=pts/1 ; PWD=/var/www/html/SmarthFoodBackend ; USER=root ; COMMAND=/usr/sbin/service influxdb[0m
Feb 19 15:15:02 ubuntu-1cpu-2gb-us-sjo1 sudo[852752]: pam_unix(sudo:session): session opened for user root by (uid=0)
Feb 19 15:15:02 ubuntu-1cpu-2gb-us-sjo1 sudo[852752]: pam_unix(sudo:session): session closed for user root
Feb 19 15:15:03 ubuntu-1cpu-2gb-us-sjo1 sshd[852728]: Received disconnect from 112.85.42.229 port 23857:11:  [preauth]
Feb 19 15:15:03 ubuntu-1cpu-2gb-us-sjo1 sshd[852728]: Disconnected from authenticating user root 112.85.42.229 port 23857 [preauth]
Feb 19 15:15:03 ubuntu-1cpu-2gb-us-sjo1 sshd[852728]: [0;1;39m[0;1;31m[0;1;39mPAM 2 more authentication failures; logname= uid=0 euid=0 tty=ssh ruser= rhost=112.85.42.229  user=root[0m
Feb 19 15:15:03 ubuntu-1cpu-2gb-us-sjo1 influxd-systemd-start.sh[873]: [httpd] 127.0.0.1 - mariaga [19/Feb/2022:15:15:03 +0000] "POST /write?db=telegraf_iot_environment HTTP/1.1 " 204 0 "-" "Telegraf/1.20.0 Go/1.17" b6ba5f74-9196-11ec-9606-d2f7ff2f0fbd 3986
