-- Logs begin at Sat 2022-02-19 08:36:22 UTC, end at Sat 2022-02-19 15:30:23 UTC. --
Feb 19 14:55:01 ubuntu-1cpu-2gb-us-sjo1 CRON[852081]: (root) CMD (command -v debian-sa1 > /dev/null && debian-sa1 1 1)
Feb 19 14:55:01 ubuntu-1cpu-2gb-us-sjo1 CRON[852080]: pam_unix(cron:session): session closed for user root
Feb 19 14:55:03 ubuntu-1cpu-2gb-us-sjo1 sshd[852083]: Invalid user alex from 43.154.181.106 port 58828
Feb 19 14:55:03 ubuntu-1cpu-2gb-us-sjo1 sshd[852083]: [0;1;39m[0;1;31m[0;1;39mpam_unix(sshd:auth): check pass; user unknown[0m
Feb 19 14:55:03 ubuntu-1cpu-2gb-us-sjo1 sshd[852083]: [0;1;39m[0;1;31m[0;1;39mpam_unix(sshd:auth): authentication failure; logname= uid=0 euid=0 tty=ssh ruser= rhost=43.154.181.106[0m
Feb 19 14:55:03 ubuntu-1cpu-2gb-us-sjo1 sshd[852078]: Received disconnect from 190.58.130.230 port 42488:11: Bye Bye [preauth]
Feb 19 14:55:03 ubuntu-1cpu-2gb-us-sjo1 sshd[852078]: Disconnected from invalid user carlo 190.58.130.230 port 42488 [preauth]
Feb 19 14:55:03 ubuntu-1cpu-2gb-us-sjo1 influxd-systemd-start.sh[873]: [httpd] 127.0.0.1 - mariaga [19/Feb/2022:14:55:03 +0000] "POST /write?db=telegraf_iot_environment HTTP/1.1 " 204 0 "-" "Telegraf/1.20.0 Go/1.17" eb6f63f3-9193-11ec-958b-d2f7ff2f0fbd 4428
Feb 19 14:55:05 ubuntu-1cpu-2gb-us-sjo1 sshd[852083]: Failed password for invalid user alex from 43.154.181.106 port 58828 ssh2
Feb 19 14:55:05 ubuntu-1cpu-2gb-us-sjo1 sshd[852083]: Received disconnect from 43.154.181.106 port 58828:11: Bye Bye [preauth]
Feb 19 14:55:05 ubuntu-1cpu-2gb-us-sjo1 sshd[852083]: Disconnected from invalid user alex 43.154.181.106 port 58828 [preauth]
Feb 19 14:55:13 ubuntu-1cpu-2gb-us-sjo1 influxd-systemd-start.sh[873]: [httpd] 127.0.0.1 - mariaga [19/Feb/2022:14:55:13 +0000] "POST /write?db=telegraf_iot_environment HTTP/1.1 " 204 0 "-" "Telegraf/1.20.0 Go/1.17" f1655dfa-9193-11ec-958c-d2f7ff2f0fbd 4709
Feb 19 14:55:15 ubuntu-1cpu-2gb-us-sjo1 kernel: [0;1;38;5;185m[0;1;39m[0;1;38;5;185m[UFW BLOCK] IN=eth0 OUT= MAC=d2:f7:ff:2f:0f:bd:9a:7e:ab:20:21:8b:08:00 SRC=71.6.146.186 DST=209.151.146.11 LEN=44 TOS=0x08 PREC=0x20 TTL=116 ID=34259 PROTO=TCP SPT=14401 DPT=6668 WINDOW=37409 RES=0x00 SYN URGP=0 [0m
Feb 19 14:55:23 ubuntu-1cpu-2gb-us-sjo1 influxd-systemd-start.sh[873]: [httpd] 127.0.0.1 - mariaga [19/Feb/2022:14:55:23 +0000] "POST /write?db=telegraf_iot_environment HTTP/1.1 " 204 0 "-" "Telegraf/1.20.0 Go/1.17" f75b77a7-9193-11ec-958d-d2f7ff2f0fbd 5341
Feb 19 14:55:33 ubuntu-1cpu-2gb-us-sjo1 influxd-systemd-start.sh[873]: [httpd] 127.0.0.1 - mariaga [19/Feb/2022:14:55:33 +0000] "POST /write?db=telegraf_iot_environment HTTP/1.1 " 204 0 "-" "Telegraf/1.20.0 Go/1.17" fd51508c-9193-11ec-958e-d2f7ff2f0fbd 6543
Feb 19 14:55:35 ubuntu-1cpu-2gb-us-sjo1 kernel: [0;1;38;5;185m[0;1;39m[0;1;38;5;185m[UFW BLOCK] IN=eth0 OUT= MAC=d2:f7:ff:2f:0f:bd:9a:7e:ab:20:21:8b:08:00 SRC=44.202.59.153 DST=209.151.146.11 LEN=40 TOS=0x00 PREC=0x00 TTL=240 ID=26593 PROTO=TCP SPT=56118 DPT=3389 WINDOW=1024 RES=0x00 SYN URGP=0 [0m
Feb 19 14:55:43 ubuntu-1cpu-2gb-us-sjo1 influxd-systemd-start.sh[873]: [httpd] 127.0.0.1 - mariaga [19/Feb/2022:14:55:43 +0000] "POST /write?db=telegraf_iot_environment HTTP/1.1 " 204 0 "-" "Telegraf/1.20.0 Go/1.17" 034759a4-9194-11ec-958f-d2f7ff2f0fbd 5458
Feb 19 14:55:53 ubuntu-1cpu-2gb-us-sjo1 influxd-systemd-start.sh[873]: [httpd] 127.0.0.1 - mariaga [19/Feb/2022:14:55:53 +0000] "POST /write?db=telegraf_iot_environment HTTP/1.1 " 204 0 "-" "Telegraf/1.20.0 Go/1.17" 093d4771-9194-11ec-9590-d2f7ff2f0fbd 4559
Feb 19 14:55:57 ubuntu-1cpu-2gb-us-sjo1 sshd[852087]: [0;1;39m[0;1;31m[0;1;39mpam_unix(sshd:auth): authentication failure; logname= uid=0 euid=0 tty=ssh ruser= rhost=190.58.130.230  user=root[0m
Feb 19 14:55:58 ubuntu-1cpu-2gb-us-sjo1 sshd[852087]: Failed password for root from 190.58.130.230 port 48940 ssh2
Feb 19 14:55:58 ubuntu-1cpu-2gb-us-sjo1 sshd[852087]: Received disconnect from 190.58.130.230 port 48940:11: Bye Bye [preauth]
Feb 19 14:55:58 ubuntu-1cpu-2gb-us-sjo1 sshd[852087]: Disconnected from authenticating user root 190.58.130.230 port 48940 [preauth]
Feb 19 14:55:59 ubuntu-1cpu-2gb-us-sjo1 sshd[852089]: [0;1;39m[0;1;31m[0;1;39mpam_unix(sshd:auth): authentication failure; logname= uid=0 euid=0 tty=ssh ruser= rhost=125.138.246.128  user=www-data[0m
Feb 19 14:56:01 ubuntu-1cpu-2gb-us-sjo1 sshd[852089]: Failed password for www-data from 125.138.246.128 port 37598 ssh2
Feb 19 14:56:02 ubuntu-1cpu-2gb-us-sjo1 sshd[852089]: Received disconnect from 125.138.246.128 port 37598:11: Bye Bye [preauth]
Feb 19 14:56:02 ubuntu-1cpu-2gb-us-sjo1 sshd[852089]: Disconnected from authenticating user www-data 125.138.246.128 port 37598 [preauth]
Feb 19 14:56:03 ubuntu-1cpu-2gb-us-sjo1 influxd-systemd-start.sh[873]: [httpd] 127.0.0.1 - mariaga [19/Feb/2022:14:56:03 +0000] "POST /write?db=telegraf_iot_environment HTTP/1.1 " 204 0 "-" "Telegraf/1.20.0 Go/1.17" 0f334b74-9194-11ec-9591-d2f7ff2f0fbd 4463
Feb 19 14:56:13 ubuntu-1cpu-2gb-us-sjo1 influxd-systemd-start.sh[873]: [httpd] 127.0.0.1 - mariaga [19/Feb/2022:14:56:13 +0000] "POST /write?db=telegraf_iot_environment HTTP/1.1 " 204 0 "-" "Telegraf/1.20.0 Go/1.17" 15294d6e-9194-11ec-9592-d2f7ff2f0fbd 5141
Feb 19 14:56:18 ubuntu-1cpu-2gb-us-sjo1 sshd[852091]: [0;1;39m[0;1;31m[0;1;39mpam_unix(sshd:auth): authentication failure; logname= uid=0 euid=0 tty=ssh ruser= rhost=43.154.181.106  user=root[0m
Feb 19 14:56:18 ubuntu-1cpu-2gb-us-sjo1 kernel: [0;1;38;5;185m[0;1;39m[0;1;38;5;185m[UFW BLOCK] IN=eth0 OUT= MAC=d2:f7:ff:2f:0f:bd:9a:7e:ab:20:21:8b:08:00 SRC=89.248.165.85 DST=209.151.146.11 LEN=40 TOS=0x00 PREC=0x00 TTL=242 ID=63206 PROTO=TCP SPT=57231 DPT=21713 WINDOW=1024 RES=0x00 SYN URGP=0 [0m
Feb 19 14:56:20 ubuntu-1cpu-2gb-us-sjo1 sshd[852091]: Failed password for root from 43.154.181.106 port 48452 ssh2
Feb 19 14:56:21 ubuntu-1cpu-2gb-us-sjo1 sshd[852091]: Received disconnect from 43.154.181.106 port 48452:11: Bye Bye [preauth]
Feb 19 14:56:21 ubuntu-1cpu-2gb-us-sjo1 sshd[852091]: Disconnected from authenticating user root 43.154.181.106 port 48452 [preauth]
Feb 19 14:56:23 ubuntu-1cpu-2gb-us-sjo1 influxd-systemd-start.sh[873]: [httpd] 127.0.0.1 - mariaga [19/Feb/2022:14:56:23 +0000] "POST /write?db=telegraf_iot_environment HTTP/1.1 " 204 0 "-" "Telegraf/1.20.0 Go/1.17" 1b1f31c5-9194-11ec-9593-d2f7ff2f0fbd 5639
Feb 19 14:56:24 ubuntu-1cpu-2gb-us-sjo1 kernel: [0;1;38;5;185m[0;1;39m[0;1;38;5;185m[UFW BLOCK] IN=eth0 OUT= MAC=d2:f7:ff:2f:0f:bd:9a:7e:ab:20:21:8b:08:00 SRC=193.3.19.119 DST=209.151.146.11 LEN=40 TOS=0x00 PREC=0x00 TTL=241 ID=11686 PROTO=TCP SPT=50296 DPT=65509 WINDOW=1024 RES=0x00 SYN URGP=0 [0m
Feb 19 14:56:33 ubuntu-1cpu-2gb-us-sjo1 influxd-systemd-start.sh[873]: [httpd] 127.0.0.1 - mariaga [19/Feb/2022:14:56:33 +0000] "POST /write?db=telegraf_iot_environment HTTP/1.1 " 204 0 "-" "Telegraf/1.20.0 Go/1.17" 21154187-9194-11ec-9594-d2f7ff2f0fbd 5285
Feb 19 14:56:43 ubuntu-1cpu-2gb-us-sjo1 influxd-systemd-start.sh[873]: [httpd] 127.0.0.1 - mariaga [19/Feb/2022:14:56:43 +0000] "POST /write?db=telegraf_iot_environment HTTP/1.1 " 204 0 "-" "Telegraf/1.20.0 Go/1.17" 270b4e77-9194-11ec-9595-d2f7ff2f0fbd 3831
Feb 19 14:56:49 ubuntu-1cpu-2gb-us-sjo1 kernel: [0;1;38;5;185m[0;1;39m[0;1;38;5;185m[UFW BLOCK] IN=eth0 OUT= MAC=d2:f7:ff:2f:0f:bd:9a:7e:ab:20:21:8b:08:00 SRC=89.248.165.85 DST=209.151.146.11 LEN=40 TOS=0x00 PREC=0x00 TTL=242 ID=36641 PROTO=TCP SPT=57231 DPT=22102 WINDOW=1024 RES=0x00 SYN URGP=0 [0m
Feb 19 14:56:53 ubuntu-1cpu-2gb-us-sjo1 influxd-systemd-start.sh[873]: [httpd] 127.0.0.1 - mariaga [19/Feb/2022:14:56:53 +0000] "POST /write?db=telegraf_iot_environment HTTP/1.1 " 204 0 "-" "Telegraf/1.20.0 Go/1.17" 2d01368c-9194-11ec-9596-d2f7ff2f0fbd 6622
Feb 19 14:56:58 ubuntu-1cpu-2gb-us-sjo1 sshd[852096]: Invalid user david from 190.58.130.230 port 55391
Feb 19 14:56:58 ubuntu-1cpu-2gb-us-sjo1 sshd[852096]: [0;1;39m[0;1;31m[0;1;39mpam_unix(sshd:auth): check pass; user unknown[0m
Feb 19 14:56:58 ubuntu-1cpu-2gb-us-sjo1 sshd[852096]: [0;1;39m[0;1;31m[0;1;39mpam_unix(sshd:auth): authentication failure; logname= uid=0 euid=0 tty=ssh ruser= rhost=190.58.130.230[0m
Feb 19 14:57:00 ubuntu-1cpu-2gb-us-sjo1 sshd[852096]: Failed password for invalid user david from 190.58.130.230 port 55391 ssh2
Feb 19 14:57:01 ubuntu-1cpu-2gb-us-sjo1 sshd[852096]: Received disconnect from 190.58.130.230 port 55391:11: Bye Bye [preauth]
Feb 19 14:57:01 ubuntu-1cpu-2gb-us-sjo1 sshd[852096]: Disconnected from invalid user david 190.58.130.230 port 55391 [preauth]
Feb 19 14:57:03 ubuntu-1cpu-2gb-us-sjo1 influxd-systemd-start.sh[873]: [httpd] 127.0.0.1 - mariaga [19/Feb/2022:14:57:03 +0000] "POST /write?db=telegraf_iot_environment HTTP/1.1 " 204 0 "-" "Telegraf/1.20.0 Go/1.17" 32f731c4-9194-11ec-9597-d2f7ff2f0fbd 4596
Feb 19 14:57:04 ubuntu-1cpu-2gb-us-sjo1 kernel: [0;1;38;5;185m[0;1;39m[0;1;38;5;185m[UFW BLOCK] IN=eth0 OUT= MAC=d2:f7:ff:2f:0f:bd:9a:7e:ab:20:21:8b:08:00 SRC=89.248.165.85 DST=209.151.146.11 LEN=40 TOS=0x00 PREC=0x00 TTL=242 ID=24197 PROTO=TCP SPT=57231 DPT=21218 WINDOW=1024 RES=0x00 SYN URGP=0 [0m
Feb 19 14:57:13 ubuntu-1cpu-2gb-us-sjo1 influxd-systemd-start.sh[873]: [httpd] 127.0.0.1 - mariaga [19/Feb/2022:14:57:13 +0000] "POST /write?db=telegraf_iot_environment HTTP/1.1 " 204 0 "-" "Telegraf/1.20.0 Go/1.17" 38ed3d76-9194-11ec-9598-d2f7ff2f0fbd 3300
Feb 19 14:57:21 ubuntu-1cpu-2gb-us-sjo1 kernel: [0;1;38;5;185m[0;1;39m[0;1;38;5;185m[UFW BLOCK] IN=eth0 OUT= MAC=d2:f7:ff:2f:0f:bd:9a:7e:ab:20:21:8b:08:00 SRC=45.155.204.63 DST=209.151.146.11 LEN=40 TOS=0x00 PREC=0x00 TTL=243 ID=14754 PROTO=TCP SPT=54737 DPT=1265 WINDOW=1024 RES=0x00 SYN URGP=0 [0m
Feb 19 14:57:23 ubuntu-1cpu-2gb-us-sjo1 influxd-systemd-start.sh[873]: [httpd] 127.0.0.1 - mariaga [19/Feb/2022:14:57:23 +0000] "POST /write?db=telegraf_iot_environment HTTP/1.1 " 204 0 "-" "Telegraf/1.20.0 Go/1.17" 3ee338ab-9194-11ec-9599-d2f7ff2f0fbd 4404
Feb 19 14:57:25 ubuntu-1cpu-2gb-us-sjo1 sshd[852100]: Invalid user helena from 125.138.246.128 port 56544
Feb 19 14:57:25 ubuntu-1cpu-2gb-us-sjo1 sshd[852100]: [0;1;39m[0;1;31m[0;1;39mpam_unix(sshd:auth): check pass; user unknown[0m
Feb 19 14:57:25 ubuntu-1cpu-2gb-us-sjo1 sshd[852100]: [0;1;39m[0;1;31m[0;1;39mpam_unix(sshd:auth): authentication failure; logname= uid=0 euid=0 tty=ssh ruser= rhost=125.138.246.128[0m
Feb 19 14:57:28 ubuntu-1cpu-2gb-us-sjo1 sshd[852100]: Failed password for invalid user helena from 125.138.246.128 port 56544 ssh2
Feb 19 14:57:28 ubuntu-1cpu-2gb-us-sjo1 sshd[852100]: Received disconnect from 125.138.246.128 port 56544:11: Bye Bye [preauth]
Feb 19 14:57:28 ubuntu-1cpu-2gb-us-sjo1 sshd[852100]: Disconnected from invalid user helena 125.138.246.128 port 56544 [preauth]
Feb 19 14:57:31 ubuntu-1cpu-2gb-us-sjo1 sshd[852102]: Invalid user www from 43.154.181.106 port 38084
Feb 19 14:57:31 ubuntu-1cpu-2gb-us-sjo1 sshd[852102]: [0;1;39m[0;1;31m[0;1;39mpam_unix(sshd:auth): check pass; user unknown[0m
Feb 19 14:57:31 ubuntu-1cpu-2gb-us-sjo1 sshd[852102]: [0;1;39m[0;1;31m[0;1;39mpam_unix(sshd:auth): authentication failure; logname= uid=0 euid=0 tty=ssh ruser= rhost=43.154.181.106[0m
Feb 19 14:57:33 ubuntu-1cpu-2gb-us-sjo1 influxd-systemd-start.sh[873]: [httpd] 127.0.0.1 - mariaga [19/Feb/2022:14:57:33 +0000] "POST /write?db=telegraf_iot_environment HTTP/1.1 " 204 0 "-" "Telegraf/1.20.0 Go/1.17" 44d94aee-9194-11ec-959a-d2f7ff2f0fbd 5813
Feb 19 14:57:33 ubuntu-1cpu-2gb-us-sjo1 sshd[852102]: Failed password for invalid user www from 43.154.181.106 port 38084 ssh2
Feb 19 14:57:35 ubuntu-1cpu-2gb-us-sjo1 sshd[852102]: Received disconnect from 43.154.181.106 port 38084:11: Bye Bye [preauth]
Feb 19 14:57:35 ubuntu-1cpu-2gb-us-sjo1 sshd[852102]: Disconnected from invalid user www 43.154.181.106 port 38084 [preauth]
Feb 19 14:57:43 ubuntu-1cpu-2gb-us-sjo1 influxd-systemd-start.sh[873]: [httpd] 127.0.0.1 - mariaga [19/Feb/2022:14:57:43 +0000] "POST /write?db=telegraf_iot_environment HTTP/1.1 " 204 0 "-" "Telegraf/1.20.0 Go/1.17" 4acf3c7d-9194-11ec-959b-d2f7ff2f0fbd 5946
Feb 19 14:57:53 ubuntu-1cpu-2gb-us-sjo1 influxd-systemd-start.sh[873]: [httpd] 127.0.0.1 - mariaga [19/Feb/2022:14:57:53 +0000] "POST /write?db=telegraf_iot_environment HTTP/1.1 " 204 0 "-" "Telegraf/1.20.0 Go/1.17" 50c54704-9194-11ec-959c-d2f7ff2f0fbd 5800
Feb 19 14:57:57 ubuntu-1cpu-2gb-us-sjo1 sshd[852105]: Invalid user ts3 from 190.58.130.230 port 33610
Feb 19 14:57:57 ubuntu-1cpu-2gb-us-sjo1 sshd[852105]: [0;1;39m[0;1;31m[0;1;39mpam_unix(sshd:auth): check pass; user unknown[0m
Feb 19 14:57:57 ubuntu-1cpu-2gb-us-sjo1 sshd[852105]: [0;1;39m[0;1;31m[0;1;39mpam_unix(sshd:auth): authentication failure; logname= uid=0 euid=0 tty=ssh ruser= rhost=190.58.130.230[0m
Feb 19 14:57:58 ubuntu-1cpu-2gb-us-sjo1 kernel: [0;1;38;5;185m[0;1;39m[0;1;38;5;185m[UFW BLOCK] IN=eth0 OUT= MAC=d2:f7:ff:2f:0f:bd:9a:7e:ab:20:21:8b:08:00 SRC=45.155.205.45 DST=209.151.146.11 LEN=40 TOS=0x00 PREC=0x20 TTL=242 ID=28460 PROTO=TCP SPT=57215 DPT=7550 WINDOW=1024 RES=0x00 SYN URGP=0 [0m
Feb 19 14:57:59 ubuntu-1cpu-2gb-us-sjo1 sshd[852105]: Failed password for invalid user ts3 from 190.58.130.230 port 33610 ssh2
Feb 19 14:58:01 ubuntu-1cpu-2gb-us-sjo1 sshd[852105]: Received disconnect from 190.58.130.230 port 33610:11: Bye Bye [preauth]
Feb 19 14:58:01 ubuntu-1cpu-2gb-us-sjo1 sshd[852105]: Disconnected from invalid user ts3 190.58.130.230 port 33610 [preauth]
Feb 19 14:58:01 ubuntu-1cpu-2gb-us-sjo1 kernel: [0;1;38;5;185m[0;1;39m[0;1;38;5;185m[UFW BLOCK] IN=eth0 OUT= MAC=d2:f7:ff:2f:0f:bd:9a:7e:ab:20:21:8b:08:00 SRC=92.63.196.61 DST=209.151.146.11 LEN=40 TOS=0x08 PREC=0x20 TTL=235 ID=26257 PROTO=TCP SPT=41147 DPT=3058 WINDOW=1024 RES=0x00 SYN URGP=0 [0m
Feb 19 14:58:03 ubuntu-1cpu-2gb-us-sjo1 influxd-systemd-start.sh[873]: [httpd] 127.0.0.1 - mariaga [19/Feb/2022:14:58:03 +0000] "POST /write?db=telegraf_iot_environment HTTP/1.1 " 204 0 "-" "Telegraf/1.20.0 Go/1.17" 56bb515a-9194-11ec-959d-d2f7ff2f0fbd 4664
Feb 19 14:58:13 ubuntu-1cpu-2gb-us-sjo1 influxd-systemd-start.sh[873]: [httpd] 127.0.0.1 - mariaga [19/Feb/2022:14:58:13 +0000] "POST /write?db=telegraf_iot_environment HTTP/1.1 " 204 0 "-" "Telegraf/1.20.0 Go/1.17" 5cb151ea-9194-11ec-959e-d2f7ff2f0fbd 8841
Feb 19 14:58:23 ubuntu-1cpu-2gb-us-sjo1 influxd-systemd-start.sh[873]: [httpd] 127.0.0.1 - mariaga [19/Feb/2022:14:58:23 +0000] "POST /write?db=telegraf_iot_environment HTTP/1.1 " 204 0 "-" "Telegraf/1.20.0 Go/1.17" 62a75b30-9194-11ec-959f-d2f7ff2f0fbd 4348
Feb 19 14:58:24 ubuntu-1cpu-2gb-us-sjo1 kernel: [0;1;38;5;185m[0;1;39m[0;1;38;5;185m[UFW BLOCK] IN=eth0 OUT= MAC=d2:f7:ff:2f:0f:bd:9a:7e:ab:20:21:8b:08:00 SRC=167.94.146.30 DST=209.151.146.11 LEN=44 TOS=0x00 PREC=0x00 TTL=38 ID=30318 PROTO=TCP SPT=29484 DPT=57623 WINDOW=1024 RES=0x00 SYN URGP=0 [0m
Feb 19 14:58:33 ubuntu-1cpu-2gb-us-sjo1 influxd-systemd-start.sh[873]: [httpd] 127.0.0.1 - mariaga [19/Feb/2022:14:58:33 +0000] "POST /write?db=telegraf_iot_environment HTTP/1.1 " 204 0 "-" "Telegraf/1.20.0 Go/1.17" 689d4ffc-9194-11ec-95a0-d2f7ff2f0fbd 4106
Feb 19 14:58:38 ubuntu-1cpu-2gb-us-sjo1 kernel: [0;1;38;5;185m[0;1;39m[0;1;38;5;185m[UFW BLOCK] IN=eth0 OUT= MAC=d2:f7:ff:2f:0f:bd:9a:7e:ab:20:21:8b:08:00 SRC=89.248.165.202 DST=209.151.146.11 LEN=40 TOS=0x00 PREC=0x00 TTL=242 ID=54321 PROTO=TCP SPT=53725 DPT=9548 WINDOW=65535 RES=0x00 SYN URGP=0 [0m
Feb 19 14:58:42 ubuntu-1cpu-2gb-us-sjo1 sshd[852108]: Invalid user admin from 45.9.20.25 port 43568
Feb 19 14:58:42 ubuntu-1cpu-2gb-us-sjo1 sshd[852108]: [0;1;39m[0;1;31m[0;1;39mpam_unix(sshd:auth): check pass; user unknown[0m
Feb 19 14:58:42 ubuntu-1cpu-2gb-us-sjo1 sshd[852108]: [0;1;39m[0;1;31m[0;1;39mpam_unix(sshd:auth): authentication failure; logname= uid=0 euid=0 tty=ssh ruser= rhost=45.9.20.25[0m
Feb 19 14:58:43 ubuntu-1cpu-2gb-us-sjo1 influxd-systemd-start.sh[873]: [httpd] 127.0.0.1 - mariaga [19/Feb/2022:14:58:43 +0000] "POST /write?db=telegraf_iot_environment HTTP/1.1 " 204 0 "-" "Telegraf/1.20.0 Go/1.17" 6e93367b-9194-11ec-95a1-d2f7ff2f0fbd 4932
Feb 19 14:58:44 ubuntu-1cpu-2gb-us-sjo1 sshd[852110]: [0;1;39m[0;1;31m[0;1;39mpam_unix(sshd:auth): authentication failure; logname= uid=0 euid=0 tty=ssh ruser= rhost=125.138.246.128  user=root[0m
Feb 19 14:58:44 ubuntu-1cpu-2gb-us-sjo1 sshd[852108]: Failed password for invalid user admin from 45.9.20.25 port 43568 ssh2
Feb 19 14:58:45 ubuntu-1cpu-2gb-us-sjo1 sshd[852108]: Connection closed by invalid user admin 45.9.20.25 port 43568 [preauth]
Feb 19 14:58:46 ubuntu-1cpu-2gb-us-sjo1 sshd[852110]: Failed password for root from 125.138.246.128 port 47206 ssh2
Feb 19 14:58:47 ubuntu-1cpu-2gb-us-sjo1 sshd[852110]: Received disconnect from 125.138.246.128 port 47206:11: Bye Bye [preauth]
Feb 19 14:58:47 ubuntu-1cpu-2gb-us-sjo1 sshd[852110]: Disconnected from authenticating user root 125.138.246.128 port 47206 [preauth]
Feb 19 14:58:47 ubuntu-1cpu-2gb-us-sjo1 sshd[852112]: [0;1;39m[0;1;31m[0;1;39mpam_unix(sshd:auth): authentication failure; logname= uid=0 euid=0 tty=ssh ruser= rhost=43.154.181.106  user=root[0m
Feb 19 14:58:49 ubuntu-1cpu-2gb-us-sjo1 sshd[852112]: Failed password for root from 43.154.181.106 port 55940 ssh2
Feb 19 14:58:50 ubuntu-1cpu-2gb-us-sjo1 sshd[852112]: Received disconnect from 43.154.181.106 port 55940:11: Bye Bye [preauth]
Feb 19 14:58:50 ubuntu-1cpu-2gb-us-sjo1 sshd[852112]: Disconnected from authenticating user root 43.154.181.106 port 55940 [preauth]
Feb 19 14:58:53 ubuntu-1cpu-2gb-us-sjo1 influxd-systemd-start.sh[873]: [httpd] 127.0.0.1 - mariaga [19/Feb/2022:14:58:53 +0000] "POST /write?db=telegraf_iot_environment HTTP/1.1 " 204 0 "-" "Telegraf/1.20.0 Go/1.17" 74891834-9194-11ec-95a2-d2f7ff2f0fbd 4811
Feb 19 14:58:56 ubuntu-1cpu-2gb-us-sjo1 sshd[852115]: Invalid user pjh from 190.58.130.230 port 40065
Feb 19 14:58:56 ubuntu-1cpu-2gb-us-sjo1 sshd[852115]: [0;1;39m[0;1;31m[0;1;39mpam_unix(sshd:auth): check pass; user unknown[0m
Feb 19 14:58:56 ubuntu-1cpu-2gb-us-sjo1 sshd[852115]: [0;1;39m[0;1;31m[0;1;39mpam_unix(sshd:auth): authentication failure; logname= uid=0 euid=0 tty=ssh ruser= rhost=190.58.130.230[0m
Feb 19 14:58:58 ubuntu-1cpu-2gb-us-sjo1 sshd[852115]: Failed password for invalid user pjh from 190.58.130.230 port 40065 ssh2
Feb 19 14:58:59 ubuntu-1cpu-2gb-us-sjo1 sshd[852115]: Received disconnect from 190.58.130.230 port 40065:11: Bye Bye [preauth]
Feb 19 14:58:59 ubuntu-1cpu-2gb-us-sjo1 sshd[852115]: Disconnected from invalid user pjh 190.58.130.230 port 40065 [preauth]
Feb 19 14:59:03 ubuntu-1cpu-2gb-us-sjo1 kernel: [0;1;38;5;185m[0;1;39m[0;1;38;5;185m[UFW BLOCK] IN=eth0 OUT= MAC=d2:f7:ff:2f:0f:bd:9a:7e:ab:20:21:8b:08:00 SRC=123.160.221.13 DST=209.151.146.11 LEN=52 TOS=0x08 PREC=0x20 TTL=45 ID=41439 DF PROTO=TCP SPT=42463 DPT=6926 WINDOW=65535 RES=0x00 SYN URGP=0 [0m
Feb 19 14:59:03 ubuntu-1cpu-2gb-us-sjo1 influxd-systemd-start.sh[873]: [httpd] 127.0.0.1 - mariaga [19/Feb/2022:14:59:03 +0000] "POST /write?db=telegraf_iot_environment HTTP/1.1 " 204 0 "-" "Telegraf/1.20.0 Go/1.17" 7a7f0c2f-9194-11ec-95a3-d2f7ff2f0fbd 3591
Feb 19 14:59:13 ubuntu-1cpu-2gb-us-sjo1 influxd-systemd-start.sh[873]: [httpd] 127.0.0.1 - mariaga [19/Feb/2022:14:59:13 +0000] "POST /write?db=telegraf_iot_environment HTTP/1.1 " 204 0 "-" "Telegraf/1.20.0 Go/1.17" 8074f294-9194-11ec-95a4-d2f7ff2f0fbd 5161
Feb 19 14:59:23 ubuntu-1cpu-2gb-us-sjo1 influxd-systemd-start.sh[873]: [httpd] 127.0.0.1 - mariaga [19/Feb/2022:14:59:23 +0000] "POST /write?db=telegraf_iot_environment HTTP/1.1 " 204 0 "-" "Telegraf/1.20.0 Go/1.17" 866af810-9194-11ec-95a5-d2f7ff2f0fbd 6593
Feb 19 14:59:24 ubuntu-1cpu-2gb-us-sjo1 kernel: [0;1;38;5;185m[0;1;39m[0;1;38;5;185m[UFW BLOCK] IN=eth0 OUT= MAC=d2:f7:ff:2f:0f:bd:9a:7e:ab:20:21:8b:08:00 SRC=43.129.33.99 DST=209.151.146.11 LEN=52 TOS=0x00 PREC=0x00 TTL=41 ID=59247 DF PROTO=TCP SPT=60271 DPT=2053 WINDOW=65535 RES=0x00 SYN URGP=0 [0m
Feb 19 14:59:33 ubuntu-1cpu-2gb-us-sjo1 influxd-systemd-start.sh[873]: [httpd] 127.0.0.1 - mariaga [19/Feb/2022:14:59:33 +0000] "POST /write?db=telegraf_iot_environment HTTP/1.1 " 204 0 "-" "Telegraf/1.20.0 Go/1.17" 8c6109f6-9194-11ec-95a6-d2f7ff2f0fbd 3825
Feb 19 14:59:43 ubuntu-1cpu-2gb-us-sjo1 influxd-systemd-start.sh[873]: [httpd] 127.0.0.1 - mariaga [19/Feb/2022:14:59:43 +0000] "POST /write?db=telegraf_iot_environment HTTP/1.1 " 204 0 "-" "Telegraf/1.20.0 Go/1.17" 925715b1-9194-11ec-95a7-d2f7ff2f0fbd 3416
Feb 19 14:59:52 ubuntu-1cpu-2gb-us-sjo1 kernel: [0;1;38;5;185m[0;1;39m[0;1;38;5;185m[UFW BLOCK] IN=eth0 OUT= MAC=d2:f7:ff:2f:0f:bd:9a:7e:ab:20:21:8b:08:00 SRC=43.130.11.228 DST=209.151.146.11 LEN=52 TOS=0x00 PREC=0x00 TTL=52 ID=18462 DF PROTO=TCP SPT=19486 DPT=84 WINDOW=65535 RES=0x00 SYN URGP=0 [0m
Feb 19 14:59:53 ubuntu-1cpu-2gb-us-sjo1 influxd-systemd-start.sh[873]: [httpd] 127.0.0.1 - mariaga [19/Feb/2022:14:59:53 +0000] "POST /write?db=telegraf_iot_environment HTTP/1.1 " 204 0 "-" "Telegraf/1.20.0 Go/1.17" 984d160b-9194-11ec-95a8-d2f7ff2f0fbd 6508
Feb 19 14:59:56 ubuntu-1cpu-2gb-us-sjo1 sshd[852120]: Invalid user website from 190.58.130.230 port 46519
Feb 19 14:59:56 ubuntu-1cpu-2gb-us-sjo1 sshd[852120]: [0;1;39m[0;1;31m[0;1;39mpam_unix(sshd:auth): check pass; user unknown[0m
Feb 19 14:59:56 ubuntu-1cpu-2gb-us-sjo1 sshd[852120]: [0;1;39m[0;1;31m[0;1;39mpam_unix(sshd:auth): authentication failure; logname= uid=0 euid=0 tty=ssh ruser= rhost=190.58.130.230[0m
Feb 19 14:59:58 ubuntu-1cpu-2gb-us-sjo1 sshd[852120]: Failed password for invalid user website from 190.58.130.230 port 46519 ssh2
Feb 19 14:59:59 ubuntu-1cpu-2gb-us-sjo1 sshd[852120]: Received disconnect from 190.58.130.230 port 46519:11: Bye Bye [preauth]
Feb 19 14:59:59 ubuntu-1cpu-2gb-us-sjo1 sshd[852120]: Disconnected from invalid user website 190.58.130.230 port 46519 [preauth]
Feb 19 15:00:01 ubuntu-1cpu-2gb-us-sjo1 sshd[852123]: Invalid user user from 43.154.181.106 port 45568
Feb 19 15:00:01 ubuntu-1cpu-2gb-us-sjo1 sshd[852123]: [0;1;39m[0;1;31m[0;1;39mpam_unix(sshd:auth): check pass; user unknown[0m
Feb 19 15:00:01 ubuntu-1cpu-2gb-us-sjo1 sshd[852123]: [0;1;39m[0;1;31m[0;1;39mpam_unix(sshd:auth): authentication failure; logname= uid=0 euid=0 tty=ssh ruser= rhost=43.154.181.106[0m
Feb 19 15:00:03 ubuntu-1cpu-2gb-us-sjo1 sshd[852123]: Failed password for invalid user user from 43.154.181.106 port 45568 ssh2
Feb 19 15:00:03 ubuntu-1cpu-2gb-us-sjo1 influxd-systemd-start.sh[873]: [httpd] 127.0.0.1 - mariaga [19/Feb/2022:15:00:03 +0000] "POST /write?db=telegraf_iot_environment HTTP/1.1 " 204 0 "-" "Telegraf/1.20.0 Go/1.17" 9e42f712-9194-11ec-95a9-d2f7ff2f0fbd 4345
Feb 19 15:00:04 ubuntu-1cpu-2gb-us-sjo1 sshd[852123]: Received disconnect from 43.154.181.106 port 45568:11: Bye Bye [preauth]
Feb 19 15:00:04 ubuntu-1cpu-2gb-us-sjo1 sshd[852123]: Disconnected from invalid user user 43.154.181.106 port 45568 [preauth]
Feb 19 15:00:09 ubuntu-1cpu-2gb-us-sjo1 kernel: [0;1;38;5;185m[0;1;39m[0;1;38;5;185m[UFW BLOCK] IN=eth0 OUT= MAC=d2:f7:ff:2f:0f:bd:9a:7e:ab:20:21:8b:08:00 SRC=45.61.185.136 DST=209.151.146.11 LEN=44 TOS=0x00 PREC=0x00 TTL=244 ID=54321 PROTO=TCP SPT=37818 DPT=8081 WINDOW=65535 RES=0x00 SYN URGP=0 [0m
Feb 19 15:00:13 ubuntu-1cpu-2gb-us-sjo1 influxd-systemd-start.sh[873]: [httpd] 127.0.0.1 - mariaga [19/Feb/2022:15:00:13 +0000] "POST /write?db=telegraf_iot_environment HTTP/1.1 " 204 0 "-" "Telegraf/1.20.0 Go/1.17" a438ee3e-9194-11ec-95aa-d2f7ff2f0fbd 6136
Feb 19 15:00:14 ubuntu-1cpu-2gb-us-sjo1 sshd[852126]: Invalid user jay from 125.138.246.128 port 37938
Feb 19 15:00:14 ubuntu-1cpu-2gb-us-sjo1 sshd[852126]: [0;1;39m[0;1;31m[0;1;39mpam_unix(sshd:auth): check pass; user unknown[0m
Feb 19 15:00:14 ubuntu-1cpu-2gb-us-sjo1 sshd[852126]: [0;1;39m[0;1;31m[0;1;39mpam_unix(sshd:auth): authentication failure; logname= uid=0 euid=0 tty=ssh ruser= rhost=125.138.246.128[0m
Feb 19 15:00:16 ubuntu-1cpu-2gb-us-sjo1 sshd[852126]: Failed password for invalid user jay from 125.138.246.128 port 37938 ssh2
Feb 19 15:00:18 ubuntu-1cpu-2gb-us-sjo1 sshd[852126]: Received disconnect from 125.138.246.128 port 37938:11: Bye Bye [preauth]
Feb 19 15:00:18 ubuntu-1cpu-2gb-us-sjo1 sshd[852126]: Disconnected from invalid user jay 125.138.246.128 port 37938 [preauth]
Feb 19 15:00:21 ubuntu-1cpu-2gb-us-sjo1 kernel: [0;1;38;5;185m[0;1;39m[0;1;38;5;185m[UFW BLOCK] IN=eth0 OUT= MAC=d2:f7:ff:2f:0f:bd:9a:7e:ab:20:21:8b:08:00 SRC=89.248.165.85 DST=209.151.146.11 LEN=40 TOS=0x00 PREC=0x00 TTL=242 ID=3791 PROTO=TCP SPT=57231 DPT=20178 WINDOW=1024 RES=0x00 SYN URGP=0 [0m
Feb 19 15:00:23 ubuntu-1cpu-2gb-us-sjo1 influxd-systemd-start.sh[873]: [httpd] 127.0.0.1 - mariaga [19/Feb/2022:15:00:23 +0000] "POST /write?db=telegraf_iot_environment HTTP/1.1 " 204 0 "-" "Telegraf/1.20.0 Go/1.17" aa2eecda-9194-11ec-95ab-d2f7ff2f0fbd 6450
Feb 19 15:00:33 ubuntu-1cpu-2gb-us-sjo1 influxd-systemd-start.sh[873]: [httpd] 127.0.0.1 - mariaga [19/Feb/2022:15:00:33 +0000] "POST /write?db=telegraf_iot_environment HTTP/1.1 " 204 0 "-" "Telegraf/1.20.0 Go/1.17" b024dc9e-9194-11ec-95ac-d2f7ff2f0fbd 6396
Feb 19 15:00:43 ubuntu-1cpu-2gb-us-sjo1 influxd-systemd-start.sh[873]: [httpd] 127.0.0.1 - mariaga [19/Feb/2022:15:00:43 +0000] "POST /write?db=telegraf_iot_environment HTTP/1.1 " 204 0 "-" "Telegraf/1.20.0 Go/1.17" b61acb77-9194-11ec-95ad-d2f7ff2f0fbd 5554
Feb 19 15:00:45 ubuntu-1cpu-2gb-us-sjo1 kernel: [0;1;38;5;185m[0;1;39m[0;1;38;5;185m[UFW BLOCK] IN=eth0 OUT= MAC=d2:f7:ff:2f:0f:bd:9a:7e:ab:20:21:8b:08:00 SRC=162.142.125.248 DST=209.151.146.11 LEN=44 TOS=0x00 PREC=0x00 TTL=39 ID=31161 PROTO=TCP SPT=22127 DPT=30588 WINDOW=1024 RES=0x00 SYN URGP=0 [0m
Feb 19 15:00:53 ubuntu-1cpu-2gb-us-sjo1 sshd[852129]: Invalid user web1 from 190.58.130.230 port 52989
Feb 19 15:00:53 ubuntu-1cpu-2gb-us-sjo1 sshd[852129]: [0;1;39m[0;1;31m[0;1;39mpam_unix(sshd:auth): check pass; user unknown[0m
Feb 19 15:00:53 ubuntu-1cpu-2gb-us-sjo1 sshd[852129]: [0;1;39m[0;1;31m[0;1;39mpam_unix(sshd:auth): authentication failure; logname= uid=0 euid=0 tty=ssh ruser= rhost=190.58.130.230[0m
Feb 19 15:00:53 ubuntu-1cpu-2gb-us-sjo1 influxd-systemd-start.sh[873]: [httpd] 127.0.0.1 - mariaga [19/Feb/2022:15:00:53 +0000] "POST /write?db=telegraf_iot_environment HTTP/1.1 " 204 0 "-" "Telegraf/1.20.0 Go/1.17" bc10ce12-9194-11ec-95ae-d2f7ff2f0fbd 7270
Feb 19 15:00:55 ubuntu-1cpu-2gb-us-sjo1 sshd[852129]: Failed password for invalid user web1 from 190.58.130.230 port 52989 ssh2
Feb 19 15:00:56 ubuntu-1cpu-2gb-us-sjo1 sshd[852129]: Received disconnect from 190.58.130.230 port 52989:11: Bye Bye [preauth]
Feb 19 15:00:56 ubuntu-1cpu-2gb-us-sjo1 sshd[852129]: Disconnected from invalid user web1 190.58.130.230 port 52989 [preauth]
Feb 19 15:01:03 ubuntu-1cpu-2gb-us-sjo1 influxd-systemd-start.sh[873]: [httpd] 127.0.0.1 - mariaga [19/Feb/2022:15:01:03 +0000] "POST /write?db=telegraf_iot_environment HTTP/1.1 " 204 0 "-" "Telegraf/1.20.0 Go/1.17" c206e4b5-9194-11ec-95af-d2f7ff2f0fbd 3414
Feb 19 15:01:04 ubuntu-1cpu-2gb-us-sjo1 kernel: [0;1;38;5;185m[0;1;39m[0;1;38;5;185m[UFW BLOCK] IN=eth0 OUT= MAC=d2:f7:ff:2f:0f:bd:9a:7e:ab:20:21:8b:08:00 SRC=185.73.126.94 DST=209.151.146.11 LEN=40 TOS=0x00 PREC=0x00 TTL=242 ID=58438 PROTO=TCP SPT=55168 DPT=7742 WINDOW=1024 RES=0x00 SYN URGP=0 [0m
Feb 19 15:01:13 ubuntu-1cpu-2gb-us-sjo1 influxd-systemd-start.sh[873]: [httpd] 127.0.0.1 - mariaga [19/Feb/2022:15:01:13 +0000] "POST /write?db=telegraf_iot_environment HTTP/1.1 " 204 0 "-" "Telegraf/1.20.0 Go/1.17" c7fcc665-9194-11ec-95b0-d2f7ff2f0fbd 5796
Feb 19 15:01:18 ubuntu-1cpu-2gb-us-sjo1 sshd[852132]: Invalid user jira from 43.154.181.106 port 35198
Feb 19 15:01:18 ubuntu-1cpu-2gb-us-sjo1 sshd[852132]: [0;1;39m[0;1;31m[0;1;39mpam_unix(sshd:auth): check pass; user unknown[0m
Feb 19 15:01:18 ubuntu-1cpu-2gb-us-sjo1 sshd[852132]: [0;1;39m[0;1;31m[0;1;39mpam_unix(sshd:auth): authentication failure; logname= uid=0 euid=0 tty=ssh ruser= rhost=43.154.181.106[0m
Feb 19 15:01:20 ubuntu-1cpu-2gb-us-sjo1 kernel: [0;1;38;5;185m[0;1;39m[0;1;38;5;185m[UFW BLOCK] IN=eth0 OUT= MAC=d2:f7:ff:2f:0f:bd:9a:7e:ab:20:21:8b:08:00 SRC=178.239.21.16 DST=209.151.146.11 LEN=40 TOS=0x00 PREC=0x00 TTL=246 ID=65487 PROTO=TCP SPT=40199 DPT=11443 WINDOW=1024 RES=0x00 SYN URGP=0 [0m
Feb 19 15:01:21 ubuntu-1cpu-2gb-us-sjo1 sshd[852132]: Failed password for invalid user jira from 43.154.181.106 port 35198 ssh2
Feb 19 15:01:23 ubuntu-1cpu-2gb-us-sjo1 sshd[852132]: Received disconnect from 43.154.181.106 port 35198:11: Bye Bye [preauth]
Feb 19 15:01:23 ubuntu-1cpu-2gb-us-sjo1 sshd[852132]: Disconnected from invalid user jira 43.154.181.106 port 35198 [preauth]
Feb 19 15:01:23 ubuntu-1cpu-2gb-us-sjo1 influxd-systemd-start.sh[873]: [httpd] 127.0.0.1 - mariaga [19/Feb/2022:15:01:23 +0000] "POST /write?db=telegraf_iot_environment HTTP/1.1 " 204 0 "-" "Telegraf/1.20.0 Go/1.17" cdf2c2f0-9194-11ec-95b1-d2f7ff2f0fbd 5701
Feb 19 15:01:24 ubuntu-1cpu-2gb-us-sjo1 sshd[852135]: [0;1;31m[0;1;39m[0;1;31merror: kex_exchange_identification: Connection closed by remote host[0m
Feb 19 15:01:32 ubuntu-1cpu-2gb-us-sjo1 sshd[852136]: [0;1;39m[0;1;31m[0;1;39mpam_unix(sshd:auth): authentication failure; logname= uid=0 euid=0 tty=ssh ruser= rhost=125.138.246.128  user=root[0m
Feb 19 15:01:33 ubuntu-1cpu-2gb-us-sjo1 influxd-systemd-start.sh[873]: [httpd] 127.0.0.1 - mariaga [19/Feb/2022:15:01:33 +0000] "POST /write?db=telegraf_iot_environment HTTP/1.1 " 204 0 "-" "Telegraf/1.20.0 Go/1.17" d3e8c3bd-9194-11ec-95b2-d2f7ff2f0fbd 6732
Feb 19 15:01:35 ubuntu-1cpu-2gb-us-sjo1 sshd[852136]: Failed password for root from 125.138.246.128 port 56840 ssh2
Feb 19 15:01:35 ubuntu-1cpu-2gb-us-sjo1 kernel: [0;1;38;5;185m[0;1;39m[0;1;38;5;185m[UFW BLOCK] IN=eth0 OUT= MAC=d2:f7:ff:2f:0f:bd:9a:7e:ab:20:21:8b:08:00 SRC=201.150.173.223 DST=209.151.146.11 LEN=40 TOS=0x08 PREC=0x40 TTL=46 ID=54735 PROTO=TCP SPT=30216 DPT=23 WINDOW=61976 RES=0x00 SYN URGP=0 [0m
Feb 19 15:01:36 ubuntu-1cpu-2gb-us-sjo1 sshd[852136]: Received disconnect from 125.138.246.128 port 56840:11: Bye Bye [preauth]
Feb 19 15:01:36 ubuntu-1cpu-2gb-us-sjo1 sshd[852136]: Disconnected from authenticating user root 125.138.246.128 port 56840 [preauth]
Feb 19 15:01:43 ubuntu-1cpu-2gb-us-sjo1 influxd-systemd-start.sh[873]: [httpd] 127.0.0.1 - mariaga [19/Feb/2022:15:01:43 +0000] "POST /write?db=telegraf_iot_environment HTTP/1.1 " 204 0 "-" "Telegraf/1.20.0 Go/1.17" d9deb06b-9194-11ec-95b3-d2f7ff2f0fbd 4245
Feb 19 15:01:53 ubuntu-1cpu-2gb-us-sjo1 influxd-systemd-start.sh[873]: [httpd] 127.0.0.1 - mariaga [19/Feb/2022:15:01:53 +0000] "POST /write?db=telegraf_iot_environment HTTP/1.1 " 204 0 "-" "Telegraf/1.20.0 Go/1.17" dfd48208-9194-11ec-95b4-d2f7ff2f0fbd 4018
Feb 19 15:02:03 ubuntu-1cpu-2gb-us-sjo1 influxd-systemd-start.sh[873]: [httpd] 127.0.0.1 - mariaga [19/Feb/2022:15:02:03 +0000] "POST /write?db=telegraf_iot_environment HTTP/1.1 " 204 0 "-" "Telegraf/1.20.0 Go/1.17" e5ca899d-9194-11ec-95b5-d2f7ff2f0fbd 3503
Feb 19 15:02:05 ubuntu-1cpu-2gb-us-sjo1 kernel: [0;1;38;5;185m[0;1;39m[0;1;38;5;185m[UFW BLOCK] IN=eth0 OUT= MAC=d2:f7:ff:2f:0f:bd:9a:7e:ab:20:21:8b:08:00 SRC=192.3.136.67 DST=209.151.146.11 LEN=40 TOS=0x00 PREC=0x00 TTL=241 ID=63999 PROTO=TCP SPT=58899 DPT=8443 WINDOW=1024 RES=0x00 SYN URGP=0 [0m
Feb 19 15:02:13 ubuntu-1cpu-2gb-us-sjo1 influxd-systemd-start.sh[873]: [httpd] 127.0.0.1 - mariaga [19/Feb/2022:15:02:13 +0000] "POST /write?db=telegraf_iot_environment HTTP/1.1 " 204 0 "-" "Telegraf/1.20.0 Go/1.17" ebc08a9d-9194-11ec-95b6-d2f7ff2f0fbd 6405
Feb 19 15:02:18 ubuntu-1cpu-2gb-us-sjo1 kernel: [0;1;38;5;185m[0;1;39m[0;1;38;5;185m[UFW BLOCK] IN=eth0 OUT= MAC=d2:f7:ff:2f:0f:bd:9a:7e:ab:20:21:8b:08:00 SRC=185.73.126.94 DST=209.151.146.11 LEN=40 TOS=0x00 PREC=0x00 TTL=242 ID=27984 PROTO=TCP SPT=55168 DPT=9794 WINDOW=1024 RES=0x00 SYN URGP=0 [0m
Feb 19 15:02:23 ubuntu-1cpu-2gb-us-sjo1 influxd-systemd-start.sh[873]: [httpd] 127.0.0.1 - mariaga [19/Feb/2022:15:02:23 +0000] "POST /write?db=telegraf_iot_environment HTTP/1.1 " 204 0 "-" "Telegraf/1.20.0 Go/1.17" f1b69c45-9194-11ec-95b7-d2f7ff2f0fbd 2457
Feb 19 15:02:33 ubuntu-1cpu-2gb-us-sjo1 influxd-systemd-start.sh[873]: [httpd] 127.0.0.1 - mariaga [19/Feb/2022:15:02:33 +0000] "POST /write?db=telegraf_iot_environment HTTP/1.1 " 204 0 "-" "Telegraf/1.20.0 Go/1.17" f7ac8afd-9194-11ec-95b8-d2f7ff2f0fbd 5933
Feb 19 15:02:34 ubuntu-1cpu-2gb-us-sjo1 kernel: [0;1;38;5;185m[0;1;39m[0;1;38;5;185m[UFW BLOCK] IN=eth0 OUT= MAC=d2:f7:ff:2f:0f:bd:9a:7e:ab:20:21:8b:08:00 SRC=185.191.34.194 DST=209.151.146.11 LEN=40 TOS=0x00 PREC=0x00 TTL=241 ID=31712 PROTO=TCP SPT=52476 DPT=29468 WINDOW=1024 RES=0x00 SYN URGP=0 [0m
Feb 19 15:02:37 ubuntu-1cpu-2gb-us-sjo1 sshd[852141]: Invalid user jun from 43.154.181.106 port 53058
Feb 19 15:02:37 ubuntu-1cpu-2gb-us-sjo1 sshd[852141]: [0;1;39m[0;1;31m[0;1;39mpam_unix(sshd:auth): check pass; user unknown[0m
Feb 19 15:02:37 ubuntu-1cpu-2gb-us-sjo1 sshd[852141]: [0;1;39m[0;1;31m[0;1;39mpam_unix(sshd:auth): authentication failure; logname= uid=0 euid=0 tty=ssh ruser= rhost=43.154.181.106[0m
Feb 19 15:02:40 ubuntu-1cpu-2gb-us-sjo1 sshd[852141]: Failed password for invalid user jun from 43.154.181.106 port 53058 ssh2
Feb 19 15:02:41 ubuntu-1cpu-2gb-us-sjo1 sshd[852141]: Received disconnect from 43.154.181.106 port 53058:11: Bye Bye [preauth]
Feb 19 15:02:41 ubuntu-1cpu-2gb-us-sjo1 sshd[852141]: Disconnected from invalid user jun 43.154.181.106 port 53058 [preauth]
Feb 19 15:02:43 ubuntu-1cpu-2gb-us-sjo1 influxd-systemd-start.sh[873]: [httpd] 127.0.0.1 - mariaga [19/Feb/2022:15:02:43 +0000] "POST /write?db=telegraf_iot_environment HTTP/1.1 " 204 0 "-" "Telegraf/1.20.0 Go/1.17" fda28b80-9194-11ec-95b9-d2f7ff2f0fbd 4522
Feb 19 15:02:53 ubuntu-1cpu-2gb-us-sjo1 influxd-systemd-start.sh[873]: [httpd] 127.0.0.1 - mariaga [19/Feb/2022:15:02:53 +0000] "POST /write?db=telegraf_iot_environment HTTP/1.1 " 204 0 "-" "Telegraf/1.20.0 Go/1.17" 03989c4f-9195-11ec-95ba-d2f7ff2f0fbd 4591
Feb 19 15:02:59 ubuntu-1cpu-2gb-us-sjo1 sshd[852143]: [0;1;31m[0;1;39m[0;1;31merror: kex_exchange_identification: Connection closed by remote host[0m
Feb 19 15:03:01 ubuntu-1cpu-2gb-us-sjo1 kernel: [0;1;38;5;185m[0;1;39m[0;1;38;5;185m[UFW BLOCK] IN=eth0 OUT= MAC=d2:f7:ff:2f:0f:bd:9a:7e:ab:20:21:8b:08:00 SRC=79.124.62.82 DST=209.151.146.11 LEN=40 TOS=0x00 PREC=0x00 TTL=237 ID=25727 PROTO=TCP SPT=41052 DPT=38326 WINDOW=1024 RES=0x00 SYN URGP=0 [0m
Feb 19 15:03:03 ubuntu-1cpu-2gb-us-sjo1 influxd-systemd-start.sh[873]: [httpd] 127.0.0.1 - mariaga [19/Feb/2022:15:03:03 +0000] "POST /write?db=telegraf_iot_environment HTTP/1.1 " 204 0 "-" "Telegraf/1.20.0 Go/1.17" 098e7e96-9195-11ec-95bb-d2f7ff2f0fbd 5439
Feb 19 15:03:04 ubuntu-1cpu-2gb-us-sjo1 sshd[852145]: Invalid user ubuntu from 125.138.246.128 port 47602
Feb 19 15:03:04 ubuntu-1cpu-2gb-us-sjo1 sshd[852145]: [0;1;39m[0;1;31m[0;1;39mpam_unix(sshd:auth): check pass; user unknown[0m
Feb 19 15:03:04 ubuntu-1cpu-2gb-us-sjo1 sshd[852145]: [0;1;39m[0;1;31m[0;1;39mpam_unix(sshd:auth): authentication failure; logname= uid=0 euid=0 tty=ssh ruser= rhost=125.138.246.128[0m
Feb 19 15:03:06 ubuntu-1cpu-2gb-us-sjo1 sshd[852145]: Failed password for invalid user ubuntu from 125.138.246.128 port 47602 ssh2
Feb 19 15:03:07 ubuntu-1cpu-2gb-us-sjo1 sshd[852145]: Received disconnect from 125.138.246.128 port 47602:11: Bye Bye [preauth]
Feb 19 15:03:07 ubuntu-1cpu-2gb-us-sjo1 sshd[852145]: Disconnected from invalid user ubuntu 125.138.246.128 port 47602 [preauth]
Feb 19 15:03:13 ubuntu-1cpu-2gb-us-sjo1 influxd-systemd-start.sh[873]: [httpd] 127.0.0.1 - mariaga [19/Feb/2022:15:03:13 +0000] "POST /write?db=telegraf_iot_environment HTTP/1.1 " 204 0 "-" "Telegraf/1.20.0 Go/1.17" 0f847e0f-9195-11ec-95bc-d2f7ff2f0fbd 7651
Feb 19 15:03:23 ubuntu-1cpu-2gb-us-sjo1 influxd-systemd-start.sh[873]: [httpd] 127.0.0.1 - mariaga [19/Feb/2022:15:03:23 +0000] "POST /write?db=telegraf_iot_environment HTTP/1.1 " 204 0 "-" "Telegraf/1.20.0 Go/1.17" 157a8a2c-9195-11ec-95bd-d2f7ff2f0fbd 4250
Feb 19 15:03:26 ubuntu-1cpu-2gb-us-sjo1 sshd[852149]: Unable to negotiate with 164.92.198.73 port 49508: no matching key exchange method found. Their offer: diffie-hellman-group14-sha1,diffie-hellman-group-exchange-sha1,diffie-hellman-group1-sha1 [preauth]
Feb 19 15:03:33 ubuntu-1cpu-2gb-us-sjo1 influxd-systemd-start.sh[873]: [httpd] 127.0.0.1 - mariaga [19/Feb/2022:15:03:33 +0000] "POST /write?db=telegraf_iot_environment HTTP/1.1 " 204 0 "-" "Telegraf/1.20.0 Go/1.17" 1b7079af-9195-11ec-95be-d2f7ff2f0fbd 5328
Feb 19 15:03:43 ubuntu-1cpu-2gb-us-sjo1 influxd-systemd-start.sh[873]: [httpd] 127.0.0.1 - mariaga [19/Feb/2022:15:03:43 +0000] "POST /write?db=telegraf_iot_environment HTTP/1.1 " 204 0 "-" "Telegraf/1.20.0 Go/1.17" 21667e96-9195-11ec-95bf-d2f7ff2f0fbd 5028
Feb 19 15:03:47 ubuntu-1cpu-2gb-us-sjo1 sshd[852151]: Unable to negotiate with 164.92.198.73 port 39470: no matching key exchange method found. Their offer: diffie-hellman-group14-sha1,diffie-hellman-group-exchange-sha1,diffie-hellman-group1-sha1 [preauth]
Feb 19 15:03:48 ubuntu-1cpu-2gb-us-sjo1 kernel: [0;1;38;5;185m[0;1;39m[0;1;38;5;185m[UFW BLOCK] IN=eth0 OUT= MAC=d2:f7:ff:2f:0f:bd:9a:7e:ab:20:21:8b:08:00 SRC=89.248.168.197 DST=209.151.146.11 LEN=40 TOS=0x00 PREC=0x00 TTL=242 ID=56123 PROTO=TCP SPT=55173 DPT=18068 WINDOW=1024 RES=0x00 SYN URGP=0 [0m
Feb 19 15:03:53 ubuntu-1cpu-2gb-us-sjo1 influxd-systemd-start.sh[873]: [httpd] 127.0.0.1 - mariaga [19/Feb/2022:15:03:53 +0000] "POST /write?db=telegraf_iot_environment HTTP/1.1 " 204 0 "-" "Telegraf/1.20.0 Go/1.17" 275c6888-9195-11ec-95c0-d2f7ff2f0fbd 4163
Feb 19 15:03:58 ubuntu-1cpu-2gb-us-sjo1 sshd[852154]: Invalid user jefferson from 43.154.181.106 port 42688
Feb 19 15:03:58 ubuntu-1cpu-2gb-us-sjo1 sshd[852154]: [0;1;39m[0;1;31m[0;1;39mpam_unix(sshd:auth): check pass; user unknown[0m
Feb 19 15:03:58 ubuntu-1cpu-2gb-us-sjo1 sshd[852154]: [0;1;39m[0;1;31m[0;1;39mpam_unix(sshd:auth): authentication failure; logname= uid=0 euid=0 tty=ssh ruser= rhost=43.154.181.106[0m
Feb 19 15:04:00 ubuntu-1cpu-2gb-us-sjo1 sshd[852154]: Failed password for invalid user jefferson from 43.154.181.106 port 42688 ssh2
Feb 19 15:04:01 ubuntu-1cpu-2gb-us-sjo1 sshd[852154]: Received disconnect from 43.154.181.106 port 42688:11: Bye Bye [preauth]
Feb 19 15:04:01 ubuntu-1cpu-2gb-us-sjo1 sshd[852154]: Disconnected from invalid user jefferson 43.154.181.106 port 42688 [preauth]
Feb 19 15:04:03 ubuntu-1cpu-2gb-us-sjo1 influxd-systemd-start.sh[873]: [httpd] 127.0.0.1 - mariaga [19/Feb/2022:15:04:03 +0000] "POST /write?db=telegraf_iot_environment HTTP/1.1 " 204 0 "-" "Telegraf/1.20.0 Go/1.17" 2d527e21-9195-11ec-95c1-d2f7ff2f0fbd 4872
Feb 19 15:04:06 ubuntu-1cpu-2gb-us-sjo1 kernel: [0;1;38;5;185m[0;1;39m[0;1;38;5;185m[UFW BLOCK] IN=eth0 OUT= MAC=d2:f7:ff:2f:0f:bd:9a:7e:ab:20:21:8b:08:00 SRC=89.248.174.178 DST=209.151.146.11 LEN=40 TOS=0x00 PREC=0x00 TTL=242 ID=54321 PROTO=TCP SPT=58815 DPT=49352 WINDOW=65535 RES=0x00 SYN URGP=0 [0m
Feb 19 15:04:07 ubuntu-1cpu-2gb-us-sjo1 sshd[852156]: Unable to negotiate with 164.92.198.73 port 57688: no matching key exchange method found. Their offer: diffie-hellman-group14-sha1,diffie-hellman-group-exchange-sha1,diffie-hellman-group1-sha1 [preauth]
Feb 19 15:04:08 ubuntu-1cpu-2gb-us-sjo1 kernel: [0;1;38;5;185m[0;1;39m[0;1;38;5;185m[UFW BLOCK] IN=eth0 OUT= MAC=d2:f7:ff:2f:0f:bd:9a:7e:ab:20:21:8b:08:00 SRC=89.248.168.197 DST=209.151.146.11 LEN=40 TOS=0x00 PREC=0x00 TTL=242 ID=20283 PROTO=TCP SPT=55173 DPT=18069 WINDOW=1024 RES=0x00 SYN URGP=0 [0m
Feb 19 15:04:13 ubuntu-1cpu-2gb-us-sjo1 influxd-systemd-start.sh[873]: [httpd] 127.0.0.1 - mariaga [19/Feb/2022:15:04:13 +0000] "POST /write?db=telegraf_iot_environment HTTP/1.1 " 204 0 "-" "Telegraf/1.20.0 Go/1.17" 33487202-9195-11ec-95c2-d2f7ff2f0fbd 6073
Feb 19 15:04:20 ubuntu-1cpu-2gb-us-sjo1 sshd[852158]: [0;1;39m[0;1;31m[0;1;39mpam_unix(sshd:auth): authentication failure; logname= uid=0 euid=0 tty=ssh ruser= rhost=125.138.246.128  user=root[0m
Feb 19 15:04:22 ubuntu-1cpu-2gb-us-sjo1 sshd[852158]: Failed password for root from 125.138.246.128 port 38254 ssh2
Feb 19 15:04:23 ubuntu-1cpu-2gb-us-sjo1 influxd-systemd-start.sh[873]: [httpd] 127.0.0.1 - mariaga [19/Feb/2022:15:04:23 +0000] "POST /write?db=telegraf_iot_environment HTTP/1.1 " 204 0 "-" "Telegraf/1.20.0 Go/1.17" 393e68b3-9195-11ec-95c3-d2f7ff2f0fbd 3794
Feb 19 15:04:24 ubuntu-1cpu-2gb-us-sjo1 sshd[852158]: Received disconnect from 125.138.246.128 port 38254:11: Bye Bye [preauth]
Feb 19 15:04:24 ubuntu-1cpu-2gb-us-sjo1 sshd[852158]: Disconnected from authenticating user root 125.138.246.128 port 38254 [preauth]
Feb 19 15:04:30 ubuntu-1cpu-2gb-us-sjo1 kernel: [0;1;38;5;185m[0;1;39m[0;1;38;5;185m[UFW BLOCK] IN=eth0 OUT= MAC=d2:f7:ff:2f:0f:bd:9a:7e:ab:20:21:8b:08:00 SRC=79.124.62.78 DST=209.151.146.11 LEN=40 TOS=0x00 PREC=0x00 TTL=237 ID=65312 PROTO=TCP SPT=49823 DPT=49752 WINDOW=1024 RES=0x00 SYN URGP=0 [0m
Feb 19 15:04:31 ubuntu-1cpu-2gb-us-sjo1 sshd[852161]: Unable to negotiate with 164.92.198.73 port 48140: no matching key exchange method found. Their offer: diffie-hellman-group14-sha1,diffie-hellman-group-exchange-sha1,diffie-hellman-group1-sha1 [preauth]
Feb 19 15:04:33 ubuntu-1cpu-2gb-us-sjo1 influxd-systemd-start.sh[873]: [httpd] 127.0.0.1 - mariaga [19/Feb/2022:15:04:33 +0000] "POST /write?db=telegraf_iot_environment HTTP/1.1 " 204 0 "-" "Telegraf/1.20.0 Go/1.17" 3f345fc4-9195-11ec-95c4-d2f7ff2f0fbd 4736
Feb 19 15:04:43 ubuntu-1cpu-2gb-us-sjo1 influxd-systemd-start.sh[873]: [httpd] 127.0.0.1 - mariaga [19/Feb/2022:15:04:43 +0000] "POST /write?db=telegraf_iot_environment HTTP/1.1 " 204 0 "-" "Telegraf/1.20.0 Go/1.17" 452a5505-9195-11ec-95c5-d2f7ff2f0fbd 5088
Feb 19 15:04:53 ubuntu-1cpu-2gb-us-sjo1 sshd[852163]: Unable to negotiate with 164.92.198.73 port 37560: no matching key exchange method found. Their offer: diffie-hellman-group14-sha1,diffie-hellman-group-exchange-sha1,diffie-hellman-group1-sha1 [preauth]
Feb 19 15:04:53 ubuntu-1cpu-2gb-us-sjo1 influxd-systemd-start.sh[873]: [httpd] 127.0.0.1 - mariaga [19/Feb/2022:15:04:53 +0000] "POST /write?db=telegraf_iot_environment HTTP/1.1 " 204 0 "-" "Telegraf/1.20.0 Go/1.17" 4b204d80-9195-11ec-95c6-d2f7ff2f0fbd 4126
Feb 19 15:05:01 ubuntu-1cpu-2gb-us-sjo1 CRON[852166]: pam_unix(cron:session): session opened for user root by (uid=0)
Feb 19 15:05:01 ubuntu-1cpu-2gb-us-sjo1 CRON[852167]: (root) CMD (command -v debian-sa1 > /dev/null && debian-sa1 1 1)
Feb 19 15:05:01 ubuntu-1cpu-2gb-us-sjo1 CRON[852166]: pam_unix(cron:session): session closed for user root
Feb 19 15:05:03 ubuntu-1cpu-2gb-us-sjo1 influxd-systemd-start.sh[873]: [httpd] 127.0.0.1 - mariaga [19/Feb/2022:15:05:03 +0000] "POST /write?db=telegraf_iot_environment HTTP/1.1 " 204 0 "-" "Telegraf/1.20.0 Go/1.17" 51165ba1-9195-11ec-95c7-d2f7ff2f0fbd 3897
Feb 19 15:05:05 ubuntu-1cpu-2gb-us-sjo1 kernel: [0;1;38;5;185m[0;1;39m[0;1;38;5;185m[UFW BLOCK] IN=eth0 OUT= MAC=d2:f7:ff:2f:0f:bd:9a:7e:ab:20:21:8b:08:00 SRC=79.124.62.110 DST=209.151.146.11 LEN=40 TOS=0x00 PREC=0x00 TTL=237 ID=17000 PROTO=TCP SPT=42876 DPT=30212 WINDOW=1024 RES=0x00 SYN URGP=0 [0m
Feb 19 15:05:10 ubuntu-1cpu-2gb-us-sjo1 kernel: [0;1;38;5;185m[0;1;39m[0;1;38;5;185m[UFW BLOCK] IN=eth0 OUT= MAC=d2:f7:ff:2f:0f:bd:9a:7e:ab:20:21:8b:08:00 SRC=45.155.205.45 DST=209.151.146.11 LEN=40 TOS=0x00 PREC=0x00 TTL=242 ID=3925 PROTO=TCP SPT=57215 DPT=7548 WINDOW=1024 RES=0x00 SYN URGP=0 [0m
Feb 19 15:05:13 ubuntu-1cpu-2gb-us-sjo1 influxd-systemd-start.sh[873]: [httpd] 127.0.0.1 - mariaga [19/Feb/2022:15:05:13 +0000] "POST /write?db=telegraf_iot_environment HTTP/1.1 " 204 0 "-" "Telegraf/1.20.0 Go/1.17" 570c6444-9195-11ec-95c8-d2f7ff2f0fbd 5505
Feb 19 15:05:14 ubuntu-1cpu-2gb-us-sjo1 sshd[852169]: Invalid user jesse from 43.154.181.106 port 60552
Feb 19 15:05:14 ubuntu-1cpu-2gb-us-sjo1 sshd[852169]: [0;1;39m[0;1;31m[0;1;39mpam_unix(sshd:auth): check pass; user unknown[0m
Feb 19 15:05:14 ubuntu-1cpu-2gb-us-sjo1 sshd[852169]: [0;1;39m[0;1;31m[0;1;39mpam_unix(sshd:auth): authentication failure; logname= uid=0 euid=0 tty=ssh ruser= rhost=43.154.181.106[0m
Feb 19 15:05:15 ubuntu-1cpu-2gb-us-sjo1 sshd[852171]: Unable to negotiate with 164.92.198.73 port 55826: no matching key exchange method found. Their offer: diffie-hellman-group14-sha1,diffie-hellman-group-exchange-sha1,diffie-hellman-group1-sha1 [preauth]
Feb 19 15:05:16 ubuntu-1cpu-2gb-us-sjo1 sshd[852169]: Failed password for invalid user jesse from 43.154.181.106 port 60552 ssh2
Feb 19 15:05:17 ubuntu-1cpu-2gb-us-sjo1 sshd[852169]: Received disconnect from 43.154.181.106 port 60552:11: Bye Bye [preauth]
Feb 19 15:05:17 ubuntu-1cpu-2gb-us-sjo1 sshd[852169]: Disconnected from invalid user jesse 43.154.181.106 port 60552 [preauth]
Feb 19 15:05:23 ubuntu-1cpu-2gb-us-sjo1 influxd-systemd-start.sh[873]: [httpd] 127.0.0.1 - mariaga [19/Feb/2022:15:05:23 +0000] "POST /write?db=telegraf_iot_environment HTTP/1.1 " 204 0 "-" "Telegraf/1.20.0 Go/1.17" 5d025f30-9195-11ec-95c9-d2f7ff2f0fbd 5892
Feb 19 15:05:33 ubuntu-1cpu-2gb-us-sjo1 influxd-systemd-start.sh[873]: [httpd] 127.0.0.1 - mariaga [19/Feb/2022:15:05:33 +0000] "POST /write?db=telegraf_iot_environment HTTP/1.1 " 204 0 "-" "Telegraf/1.20.0 Go/1.17" 62f87de9-9195-11ec-95ca-d2f7ff2f0fbd 5286
Feb 19 15:05:37 ubuntu-1cpu-2gb-us-sjo1 sshd[852175]: Unable to negotiate with 164.92.198.73 port 45940: no matching key exchange method found. Their offer: diffie-hellman-group14-sha1,diffie-hellman-group-exchange-sha1,diffie-hellman-group1-sha1 [preauth]
Feb 19 15:05:43 ubuntu-1cpu-2gb-us-sjo1 influxd-systemd-start.sh[873]: [httpd] 127.0.0.1 - mariaga [19/Feb/2022:15:05:43 +0000] "POST /write?db=telegraf_iot_environment HTTP/1.1 " 204 0 "-" "Telegraf/1.20.0 Go/1.17" 68ee5f7e-9195-11ec-95cb-d2f7ff2f0fbd 3870
Feb 19 15:05:48 ubuntu-1cpu-2gb-us-sjo1 sshd[852177]: [0;1;39m[0;1;31m[0;1;39mpam_unix(sshd:auth): authentication failure; logname= uid=0 euid=0 tty=ssh ruser= rhost=125.138.246.128  user=root[0m
Feb 19 15:05:49 ubuntu-1cpu-2gb-us-sjo1 sshd[852177]: Failed password for root from 125.138.246.128 port 57204 ssh2
Feb 19 15:05:49 ubuntu-1cpu-2gb-us-sjo1 sshd[852177]: Received disconnect from 125.138.246.128 port 57204:11: Bye Bye [preauth]
Feb 19 15:05:49 ubuntu-1cpu-2gb-us-sjo1 sshd[852177]: Disconnected from authenticating user root 125.138.246.128 port 57204 [preauth]
Feb 19 15:05:53 ubuntu-1cpu-2gb-us-sjo1 kernel: [0;1;38;5;185m[0;1;39m[0;1;38;5;185m[UFW BLOCK] IN=eth0 OUT= MAC=d2:f7:ff:2f:0f:bd:9a:7e:ab:20:21:8b:08:00 SRC=89.248.165.85 DST=209.151.146.11 LEN=40 TOS=0x00 PREC=0x00 TTL=242 ID=9017 PROTO=TCP SPT=57231 DPT=21792 WINDOW=1024 RES=0x00 SYN URGP=0 [0m
Feb 19 15:05:53 ubuntu-1cpu-2gb-us-sjo1 influxd-systemd-start.sh[873]: [httpd] 127.0.0.1 - mariaga [19/Feb/2022:15:05:53 +0000] "POST /write?db=telegraf_iot_environment HTTP/1.1 " 204 0 "-" "Telegraf/1.20.0 Go/1.17" 6ee4466e-9195-11ec-95cc-d2f7ff2f0fbd 2969
Feb 19 15:05:57 ubuntu-1cpu-2gb-us-sjo1 sshd[852180]: Unable to negotiate with 164.92.198.73 port 36582: no matching key exchange method found. Their offer: diffie-hellman-group14-sha1,diffie-hellman-group-exchange-sha1,diffie-hellman-group1-sha1 [preauth]
Feb 19 15:06:03 ubuntu-1cpu-2gb-us-sjo1 influxd-systemd-start.sh[873]: [httpd] 127.0.0.1 - mariaga [19/Feb/2022:15:06:03 +0000] "POST /write?db=telegraf_iot_environment HTTP/1.1 " 204 0 "-" "Telegraf/1.20.0 Go/1.17" 74da49f8-9195-11ec-95cd-d2f7ff2f0fbd 9294
Feb 19 15:06:04 ubuntu-1cpu-2gb-us-sjo1 kernel: [0;1;38;5;185m[0;1;39m[0;1;38;5;185m[UFW BLOCK] IN=eth0 OUT= MAC=d2:f7:ff:2f:0f:bd:9a:7e:ab:20:21:8b:08:00 SRC=45.155.205.49 DST=209.151.146.11 LEN=40 TOS=0x00 PREC=0x20 TTL=243 ID=21702 PROTO=TCP SPT=57297 DPT=8019 WINDOW=1024 RES=0x00 SYN URGP=0 [0m
Feb 19 15:06:05 ubuntu-1cpu-2gb-us-sjo1 influxd-systemd-start.sh[873]: ts=2022-02-19T15:06:05.647276Z lvl=info msg="Retention policy deletion check (start)" log_id=0ZknvZdl000 service=retention trace_id=0Zld8eol000 op_name=retention_delete_check op_event=start
Feb 19 15:06:05 ubuntu-1cpu-2gb-us-sjo1 influxd-systemd-start.sh[873]: ts=2022-02-19T15:06:05.647390Z lvl=info msg="Retention policy deletion check (end)" log_id=0ZknvZdl000 service=retention trace_id=0Zld8eol000 op_name=retention_delete_check op_event=end op_elapsed=0.133ms
Feb 19 15:06:13 ubuntu-1cpu-2gb-us-sjo1 influxd-systemd-start.sh[873]: [httpd] 127.0.0.1 - mariaga [19/Feb/2022:15:06:13 +0000] "POST /write?db=telegraf_iot_environment HTTP/1.1 " 204 0 "-" "Telegraf/1.20.0 Go/1.17" 7ad01a8f-9195-11ec-95ce-d2f7ff2f0fbd 5710
Feb 19 15:06:16 ubuntu-1cpu-2gb-us-sjo1 sshd[852183]: Unable to negotiate with 164.92.198.73 port 54116: no matching key exchange method found. Their offer: diffie-hellman-group14-sha1,diffie-hellman-group-exchange-sha1,diffie-hellman-group1-sha1 [preauth]
Feb 19 15:06:23 ubuntu-1cpu-2gb-us-sjo1 influxd-systemd-start.sh[873]: [httpd] 127.0.0.1 - mariaga [19/Feb/2022:15:06:23 +0000] "POST /write?db=telegraf_iot_environment HTTP/1.1 " 204 0 "-" "Telegraf/1.20.0 Go/1.17" 80c632c8-9195-11ec-95cf-d2f7ff2f0fbd 4761
Feb 19 15:06:27 ubuntu-1cpu-2gb-us-sjo1 kernel: [0;1;38;5;185m[0;1;39m[0;1;38;5;185m[UFW BLOCK] IN=eth0 OUT= MAC=d2:f7:ff:2f:0f:bd:9a:7e:ab:20:21:8b:08:00 SRC=159.65.190.179 DST=209.151.146.11 LEN=40 TOS=0x00 PREC=0x00 TTL=243 ID=9565 PROTO=TCP SPT=51968 DPT=1466 WINDOW=1024 RES=0x00 SYN URGP=0 [0m
Feb 19 15:06:31 ubuntu-1cpu-2gb-us-sjo1 sshd[852186]: Invalid user ansible from 43.154.181.106 port 50182
Feb 19 15:06:31 ubuntu-1cpu-2gb-us-sjo1 sshd[852186]: [0;1;39m[0;1;31m[0;1;39mpam_unix(sshd:auth): check pass; user unknown[0m
Feb 19 15:06:31 ubuntu-1cpu-2gb-us-sjo1 sshd[852186]: [0;1;39m[0;1;31m[0;1;39mpam_unix(sshd:auth): authentication failure; logname= uid=0 euid=0 tty=ssh ruser= rhost=43.154.181.106[0m
Feb 19 15:06:33 ubuntu-1cpu-2gb-us-sjo1 sshd[852186]: Failed password for invalid user ansible from 43.154.181.106 port 50182 ssh2
